17:06:21 **** Incremental Build of configuration Debug for project Drivers ****
make -j8 all 
arm-none-eabi-gcc -gdwarf-2 "../STM32_F103C6_Drivers/GPIO/STM32F103C6_GPIO_Driver.c" -mcpu=cortex-m3 -std=gnu11 -g3 -DSTM32 -DSTM32F1 -DSTM32F103C6Tx -DDEBUG -c -I../Inc -I"D:/LearnInDepthEmbedded/Drivers/Drivers/HAL/inc" -I"D:/LearnInDepthEmbedded/Drivers/Drivers/STM32_F103C6_Drivers/inc" -O0 -ffunction-sections -fdata-sections -Wall -fstack-usage -MMD -MP -MF"STM32_F103C6_Drivers/GPIO/STM32F103C6_GPIO_Driver.d" -MT"STM32_F103C6_Drivers/GPIO/STM32F103C6_GPIO_Driver.o" --specs=nano.specs -mfloat-abi=soft -mthumb -o "STM32_F103C6_Drivers/GPIO/STM32F103C6_GPIO_Driver.o"
arm-none-eabi-gcc -gdwarf-2 -o "Drivers.elf" @"objects.list"   -mcpu=cortex-m3 -T"D:\LearnInDepthEmbedded\Drivers\Drivers\STM32F103C6TX_FLASH.ld" --specs=nosys.specs -Wl,-Map="Drivers.map" -Wl,--gc-sections -static --specs=nano.specs -mfloat-abi=soft -mthumb -Wl,--start-group -lc -lm -Wl,--end-group
Finished building target: Drivers.elf
 
arm-none-eabi-objdump -h -S  Drivers.elf  > "Drivers.list"
arm-none-eabi-objcopy  -O ihex  Drivers.elf  "Drivers.hex"
arm-none-eabi-objcopy  -O binary  Drivers.elf  "Drivers.bin"
arm-none-eabi-size   Drivers.elf 
Finished building: Drivers.list
   text	   data	    bss	    dec	    hex	filename
   2688	      8	   1632	   4328	   10e8	Drivers.elf
 
Finished building: default.size.stdout
Finished building: Drivers.bin
Finished building: Drivers.hex
 
 
 

17:06:27 Build Finished. 0 errors, 0 warnings. (took 5s.956ms)

