22:38:11 **** Build of configuration Debug for project Drivers ****
make -j8 all 
arm-none-eabi-gcc -gdwarf-2 -mcpu=cortex-m3 -g3 -c -x assembler-with-cpp -MMD -MP -MF"Startup/startup_stm32f103c6tx.d" -MT"Startup/startup_stm32f103c6tx.o" --specs=nano.specs -mfloat-abi=soft -mthumb -o "Startup/startup_stm32f103c6tx.o" "../Startup/startup_stm32f103c6tx.s"
arm-none-eabi-gcc -gdwarf-2 "../Src/main.c" -mcpu=cortex-m3 -std=gnu11 -g3 -DSTM32 -DSTM32F1 -DSTM32F103C6Tx -DDEBUG -c -I../Inc -I"D:/LearnInDepthEmbedded/Drivers/Drivers/STM32_F103C6_Drivers/inc" -O0 -ffunction-sections -fdata-sections -Wall -fstack-usage -MMD -MP -MF"Src/main.d" -MT"Src/main.o" --specs=nano.specs -mfloat-abi=soft -mthumb -o "Src/main.o"
arm-none-eabi-gcc -gdwarf-2 "../Src/syscalls.c" -mcpu=cortex-m3 -std=gnu11 -g3 -DSTM32 -DSTM32F1 -DSTM32F103C6Tx -DDEBUG -c -I../Inc -I"D:/LearnInDepthEmbedded/Drivers/Drivers/STM32_F103C6_Drivers/inc" -O0 -ffunction-sections -fdata-sections -Wall -fstack-usage -MMD -MP -MF"Src/syscalls.d" -MT"Src/syscalls.o" --specs=nano.specs -mfloat-abi=soft -mthumb -o "Src/syscalls.o"
arm-none-eabi-gcc -gdwarf-2 "../Src/sysmem.c" -mcpu=cortex-m3 -std=gnu11 -g3 -DSTM32 -DSTM32F1 -DSTM32F103C6Tx -DDEBUG -c -I../Inc -I"D:/LearnInDepthEmbedded/Drivers/Drivers/STM32_F103C6_Drivers/inc" -O0 -ffunction-sections -fdata-sections -Wall -fstack-usage -MMD -MP -MF"Src/sysmem.d" -MT"Src/sysmem.o" --specs=nano.specs -mfloat-abi=soft -mthumb -o "Src/sysmem.o"
arm-none-eabi-gcc -gdwarf-2 "../STM32_F103C6_Drivers/GPIO/STM32F103C6_GPIO_Driver.c" -mcpu=cortex-m3 -std=gnu11 -g3 -DSTM32 -DSTM32F1 -DSTM32F103C6Tx -DDEBUG -c -I../Inc -I"D:/LearnInDepthEmbedded/Drivers/Drivers/STM32_F103C6_Drivers/inc" -O0 -ffunction-sections -fdata-sections -Wall -fstack-usage -MMD -MP -MF"STM32_F103C6_Drivers/GPIO/STM32F103C6_GPIO_Driver.d" -MT"STM32_F103C6_Drivers/GPIO/STM32F103C6_GPIO_Driver.o" --specs=nano.specs -mfloat-abi=soft -mthumb -o "STM32_F103C6_Drivers/GPIO/STM32F103C6_GPIO_Driver.o"
arm-none-eabi-gcc -gdwarf-2 -o "Drivers.elf" @"objects.list"   -mcpu=cortex-m3 -T"D:\LearnInDepthEmbedded\Drivers\Drivers\STM32F103C6TX_FLASH.ld" --specs=nosys.specs -Wl,-Map="Drivers.map" -Wl,--gc-sections -static --specs=nano.specs -mfloat-abi=soft -mthumb -Wl,--start-group -lc -lm -Wl,--end-group
Finished building target: Drivers.elf
 
arm-none-eabi-size   Drivers.elf 
arm-none-eabi-objdump -h -S  Drivers.elf  > "Drivers.list"
arm-none-eabi-objcopy  -O binary  Drivers.elf  "Drivers.bin"
   text	   data	    bss	    dec	    hex	filename
    556	      8	   1568	   2132	    854	Drivers.elf
Finished building: default.size.stdout
 
Finished building: Drivers.bin
 
Finished building: Drivers.list
 
00:45:44 **** Incremental Build of configuration Debug for project Drivers ****
make -j8 all 
arm-none-eabi-size   Drivers.elf 
   text	   data	    bss	    dec	    hex	filename
    556	      8	   1568	   2132	    854	Drivers.elf
Finished building: default.size.stdout
 
00:46:22 **** Incremental Build of configuration Debug for project Drivers ****
make -j8 all 
arm-none-eabi-gcc -gdwarf-2 "../Src/main.c" -mcpu=cortex-m3 -std=gnu11 -g3 -DSTM32 -DSTM32F1 -DSTM32F103C6Tx -DDEBUG -c -I../Inc -I"D:/LearnInDepthEmbedded/Drivers/Drivers/STM32_F103C6_Drivers/inc" -O0 -ffunction-sections -fdata-sections -Wall -fstack-usage -MMD -MP -MF"Src/main.d" -MT"Src/main.o" --specs=nano.specs -mfloat-abi=soft -mthumb -o "Src/main.o"
In file included from ../Src/main.c:24:0:
D:/LearnInDepthEmbedded/Drivers/Drivers/STM32_F103C6_Drivers/inc/STM32F103x6.h:66:0: warning: "EXTI_BASE" redefined
 #define EXTI_BASE        0x40010000UL
 
D:/LearnInDepthEmbedded/Drivers/Drivers/STM32_F103C6_Drivers/inc/STM32F103x6.h:63:0: note: this is the location of the previous definition
 #define EXTI_BASE        0x40010400UL
 
arm-none-eabi-gcc -gdwarf-2 -o "Drivers.elf" @"objects.list"   -mcpu=cortex-m3 -T"D:\LearnInDepthEmbedded\Drivers\Drivers\STM32F103C6TX_FLASH.ld" --specs=nosys.specs -Wl,-Map="Drivers.map" -Wl,--gc-sections -static --specs=nano.specs -mfloat-abi=soft -mthumb -Wl,--start-group -lc -lm -Wl,--end-group
Finished building target: Drivers.elf
 
arm-none-eabi-objdump -h -S  Drivers.elf  > "Drivers.list"
arm-none-eabi-objcopy  -O binary  Drivers.elf  "Drivers.bin"
arm-none-eabi-size   Drivers.elf 
   text	   data	    bss	    dec	    hex	filename
    556	      8	   1568	   2132	    854	Drivers.elf
Finished building: default.size.stdout
 
Finished building: Drivers.list
 
Finished building: Drivers.bin
 
00:50:12 **** Incremental Build of configuration Debug for project Drivers ****
make -j8 all 
arm-none-eabi-gcc -gdwarf-2 "../Src/main.c" -mcpu=cortex-m3 -std=gnu11 -g3 -DSTM32 -DSTM32F1 -DSTM32F103C6Tx -DDEBUG -c -I../Inc -I"D:/LearnInDepthEmbedded/Drivers/Drivers/STM32_F103C6_Drivers/inc" -O0 -ffunction-sections -fdata-sections -Wall -fstack-usage -MMD -MP -MF"Src/main.d" -MT"Src/main.o" --specs=nano.specs -mfloat-abi=soft -mthumb -o "Src/main.o"
arm-none-eabi-gcc -gdwarf-2 -o "Drivers.elf" @"objects.list"   -mcpu=cortex-m3 -T"D:\LearnInDepthEmbedded\Drivers\Drivers\STM32F103C6TX_FLASH.ld" --specs=nosys.specs -Wl,-Map="Drivers.map" -Wl,--gc-sections -static --specs=nano.specs -mfloat-abi=soft -mthumb -Wl,--start-group -lc -lm -Wl,--end-group
Finished building target: Drivers.elf
 
arm-none-eabi-objdump -h -S  Drivers.elf  > "Drivers.list"
arm-none-eabi-objcopy  -O binary  Drivers.elf  "Drivers.bin"
arm-none-eabi-size   Drivers.elf 
   text	   data	    bss	    dec	    hex	filename
    556	      8	   1568	   2132	    854	Drivers.elf
Finished building: default.size.stdout
 
Finished building: Drivers.bin
Finished building: Drivers.list
 
 
00:55:38 **** Incremental Build of configuration Debug for project Drivers ****
make -j8 all 
arm-none-eabi-gcc -gdwarf-2 "../Src/main.c" -mcpu=cortex-m3 -std=gnu11 -g3 -DSTM32 -DSTM32F1 -DSTM32F103C6Tx -DDEBUG -c -I../Inc -I"D:/LearnInDepthEmbedded/Drivers/Drivers/STM32_F103C6_Drivers/inc" -O0 -ffunction-sections -fdata-sections -Wall -fstack-usage -MMD -MP -MF"Src/main.d" -MT"Src/main.o" --specs=nano.specs -mfloat-abi=soft -mthumb -o "Src/main.o"
arm-none-eabi-gcc -gdwarf-2 -o "Drivers.elf" @"objects.list"   -mcpu=cortex-m3 -T"D:\LearnInDepthEmbedded\Drivers\Drivers\STM32F103C6TX_FLASH.ld" --specs=nosys.specs -Wl,-Map="Drivers.map" -Wl,--gc-sections -static --specs=nano.specs -mfloat-abi=soft -mthumb -Wl,--start-group -lc -lm -Wl,--end-group
Finished building target: Drivers.elf
 
arm-none-eabi-objdump -h -S  Drivers.elf  > "Drivers.list"
arm-none-eabi-objcopy  -O binary  Drivers.elf  "Drivers.bin"
arm-none-eabi-size   Drivers.elf 
   text	   data	    bss	    dec	    hex	filename
    556	      8	   1568	   2132	    854	Drivers.elf
Finished building: default.size.stdout
 
Finished building: Drivers.bin
Finished building: Drivers.list
 
 
21:00:15 **** Incremental Build of configuration Debug for project Drivers ****
make -j8 all 
arm-none-eabi-gcc -gdwarf-2 "../STM32_F103C6_Drivers/GPIO/STM32F103C6_GPIO_Driver.c" -mcpu=cortex-m3 -std=gnu11 -g3 -DSTM32 -DSTM32F1 -DSTM32F103C6Tx -DDEBUG -c -I../Inc -I"D:/LearnInDepthEmbedded/Drivers/Drivers/STM32_F103C6_Drivers/inc" -O0 -ffunction-sections -fdata-sections -Wall -fstack-usage -MMD -MP -MF"STM32_F103C6_Drivers/GPIO/STM32F103C6_GPIO_Driver.d" -MT"STM32_F103C6_Drivers/GPIO/STM32F103C6_GPIO_Driver.o" --specs=nano.specs -mfloat-abi=soft -mthumb -o "STM32_F103C6_Drivers/GPIO/STM32F103C6_GPIO_Driver.o"
../STM32_F103C6_Drivers/GPIO/STM32F103C6_GPIO_Driver.c: In function 'MCAL_GPIO_readPin':
../STM32_F103C6_Drivers/GPIO/STM32F103C6_GPIO_Driver.c:51:1: warning: control reaches end of non-void function [-Wreturn-type]
 }
 ^
../STM32_F103C6_Drivers/GPIO/STM32F103C6_GPIO_Driver.c: In function 'MCAL_GPIO_readPort':
../STM32_F103C6_Drivers/GPIO/STM32F103C6_GPIO_Driver.c:64:1: warning: control reaches end of non-void function [-Wreturn-type]
 }
 ^
../STM32_F103C6_Drivers/GPIO/STM32F103C6_GPIO_Driver.c: In function 'MCAL_GPIO_lockPin':
../STM32_F103C6_Drivers/GPIO/STM32F103C6_GPIO_Driver.c:127:1: warning: control reaches end of non-void function [-Wreturn-type]
 }
 ^
arm-none-eabi-gcc -gdwarf-2 -o "Drivers.elf" @"objects.list"   -mcpu=cortex-m3 -T"D:\LearnInDepthEmbedded\Drivers\Drivers\STM32F103C6TX_FLASH.ld" --specs=nosys.specs -Wl,-Map="Drivers.map" -Wl,--gc-sections -static --specs=nano.specs -mfloat-abi=soft -mthumb -Wl,--start-group -lc -lm -Wl,--end-group
Finished building target: Drivers.elf
 
arm-none-eabi-objdump -h -S  Drivers.elf  > "Drivers.list"
arm-none-eabi-objcopy  -O binary  Drivers.elf  "Drivers.bin"
arm-none-eabi-size   Drivers.elf 
   text	   data	    bss	    dec	    hex	filename
    556	      8	   1568	   2132	    854	Drivers.elf
Finished building: default.size.stdout
 
Finished building: Drivers.bin
 
Finished building: Drivers.list
 
21:56:58 **** Incremental Build of configuration Debug for project Drivers ****
make -j8 all 
arm-none-eabi-gcc -gdwarf-2 "../STM32_F103C6_Drivers/GPIO/STM32F103C6_GPIO_Driver.c" -mcpu=cortex-m3 -std=gnu11 -g3 -DSTM32 -DSTM32F1 -DSTM32F103C6Tx -DDEBUG -c -I../Inc -I"D:/LearnInDepthEmbedded/Drivers/Drivers/STM32_F103C6_Drivers/inc" -O0 -ffunction-sections -fdata-sections -Wall -fstack-usage -MMD -MP -MF"STM32_F103C6_Drivers/GPIO/STM32F103C6_GPIO_Driver.d" -MT"STM32_F103C6_Drivers/GPIO/STM32F103C6_GPIO_Driver.o" --specs=nano.specs -mfloat-abi=soft -mthumb -o "STM32_F103C6_Drivers/GPIO/STM32F103C6_GPIO_Driver.o"
../STM32_F103C6_Drivers/GPIO/STM32F103C6_GPIO_Driver.c: In function 'MCAL_GPIO_readPin':
../STM32_F103C6_Drivers/GPIO/STM32F103C6_GPIO_Driver.c:178:1: warning: control reaches end of non-void function [-Wreturn-type]
 }
 ^
../STM32_F103C6_Drivers/GPIO/STM32F103C6_GPIO_Driver.c: In function 'MCAL_GPIO_readPort':
../STM32_F103C6_Drivers/GPIO/STM32F103C6_GPIO_Driver.c:191:1: warning: control reaches end of non-void function [-Wreturn-type]
 }
 ^
../STM32_F103C6_Drivers/GPIO/STM32F103C6_GPIO_Driver.c: In function 'MCAL_GPIO_lockPin':
../STM32_F103C6_Drivers/GPIO/STM32F103C6_GPIO_Driver.c:254:1: warning: control reaches end of non-void function [-Wreturn-type]
 }
 ^
arm-none-eabi-gcc -gdwarf-2 -o "Drivers.elf" @"objects.list"   -mcpu=cortex-m3 -T"D:\LearnInDepthEmbedded\Drivers\Drivers\STM32F103C6TX_FLASH.ld" --specs=nosys.specs -Wl,-Map="Drivers.map" -Wl,--gc-sections -static --specs=nano.specs -mfloat-abi=soft -mthumb -Wl,--start-group -lc -lm -Wl,--end-group
Finished building target: Drivers.elf
 
arm-none-eabi-objdump -h -S  Drivers.elf  > "Drivers.list"
arm-none-eabi-objcopy  -O binary  Drivers.elf  "Drivers.bin"
arm-none-eabi-size   Drivers.elf 
   text	   data	    bss	    dec	    hex	filename
    556	      8	   1568	   2132	    854	Drivers.elf
Finished building: default.size.stdout
 
Finished building: Drivers.bin
Finished building: Drivers.list
 
 
22:10:32 **** Incremental Build of configuration Debug for project Drivers ****
make -j8 all 
arm-none-eabi-gcc -gdwarf-2 "../STM32_F103C6_Drivers/GPIO/STM32F103C6_GPIO_Driver.c" -mcpu=cortex-m3 -std=gnu11 -g3 -DSTM32 -DSTM32F1 -DSTM32F103C6Tx -DDEBUG -c -I../Inc -I"D:/LearnInDepthEmbedded/Drivers/Drivers/STM32_F103C6_Drivers/inc" -O0 -ffunction-sections -fdata-sections -Wall -fstack-usage -MMD -MP -MF"STM32_F103C6_Drivers/GPIO/STM32F103C6_GPIO_Driver.d" -MT"STM32_F103C6_Drivers/GPIO/STM32F103C6_GPIO_Driver.o" --specs=nano.specs -mfloat-abi=soft -mthumb -o "STM32_F103C6_Drivers/GPIO/STM32F103C6_GPIO_Driver.o"
../STM32_F103C6_Drivers/GPIO/STM32F103C6_GPIO_Driver.c: In function 'MCAL_GPIO_deInit':
../STM32_F103C6_Drivers/GPIO/STM32F103C6_GPIO_Driver.c:185:3: error: 'xRCC' undeclared (first use in this function); did you mean 'RCC'?
   xRCC->APB2RSTR |= (1 << 6);
   ^~~~
   RCC
../STM32_F103C6_Drivers/GPIO/STM32F103C6_GPIO_Driver.c:185:3: note: each undeclared identifier is reported only once for each function it appears in
../STM32_F103C6_Drivers/GPIO/STM32F103C6_GPIO_Driver.c: In function 'MCAL_GPIO_readPort':
../STM32_F103C6_Drivers/GPIO/STM32F103C6_GPIO_Driver.c:216:1: warning: control reaches end of non-void function [-Wreturn-type]
 }
 ^
../STM32_F103C6_Drivers/GPIO/STM32F103C6_GPIO_Driver.c: In function 'MCAL_GPIO_lockPin':
../STM32_F103C6_Drivers/GPIO/STM32F103C6_GPIO_Driver.c:279:1: warning: control reaches end of non-void function [-Wreturn-type]
 }
 ^
make: *** [STM32_F103C6_Drivers/GPIO/subdir.mk:18: STM32_F103C6_Drivers/GPIO/STM32F103C6_GPIO_Driver.o] Error 1
"make -j8 all" terminated with exit code 2. Build might be incomplete.
22:10:55 **** Incremental Build of configuration Debug for project Drivers ****
make -j8 all 
arm-none-eabi-gcc -gdwarf-2 "../STM32_F103C6_Drivers/GPIO/STM32F103C6_GPIO_Driver.c" -mcpu=cortex-m3 -std=gnu11 -g3 -DSTM32 -DSTM32F1 -DSTM32F103C6Tx -DDEBUG -c -I../Inc -I"D:/LearnInDepthEmbedded/Drivers/Drivers/STM32_F103C6_Drivers/inc" -O0 -ffunction-sections -fdata-sections -Wall -fstack-usage -MMD -MP -MF"STM32_F103C6_Drivers/GPIO/STM32F103C6_GPIO_Driver.d" -MT"STM32_F103C6_Drivers/GPIO/STM32F103C6_GPIO_Driver.o" --specs=nano.specs -mfloat-abi=soft -mthumb -o "STM32_F103C6_Drivers/GPIO/STM32F103C6_GPIO_Driver.o"
../STM32_F103C6_Drivers/GPIO/STM32F103C6_GPIO_Driver.c: In function 'MCAL_GPIO_readPort':
../STM32_F103C6_Drivers/GPIO/STM32F103C6_GPIO_Driver.c:216:1: warning: control reaches end of non-void function [-Wreturn-type]
 }
 ^
../STM32_F103C6_Drivers/GPIO/STM32F103C6_GPIO_Driver.c: In function 'MCAL_GPIO_lockPin':
../STM32_F103C6_Drivers/GPIO/STM32F103C6_GPIO_Driver.c:279:1: warning: control reaches end of non-void function [-Wreturn-type]
 }
 ^
arm-none-eabi-gcc -gdwarf-2 -o "Drivers.elf" @"objects.list"   -mcpu=cortex-m3 -T"D:\LearnInDepthEmbedded\Drivers\Drivers\STM32F103C6TX_FLASH.ld" --specs=nosys.specs -Wl,-Map="Drivers.map" -Wl,--gc-sections -static --specs=nano.specs -mfloat-abi=soft -mthumb -Wl,--start-group -lc -lm -Wl,--end-group
Finished building target: Drivers.elf
 
arm-none-eabi-objdump -h -S  Drivers.elf  > "Drivers.list"
arm-none-eabi-objcopy  -O binary  Drivers.elf  "Drivers.bin"
arm-none-eabi-size   Drivers.elf 
   text	   data	    bss	    dec	    hex	filename
    556	      8	   1568	   2132	    854	Drivers.elf
Finished building: default.size.stdout
 
Finished building: Drivers.bin
Finished building: Drivers.list
 
 
22:23:54 **** Incremental Build of configuration Debug for project Drivers ****
make -j8 all 
arm-none-eabi-gcc -gdwarf-2 "../STM32_F103C6_Drivers/GPIO/STM32F103C6_GPIO_Driver.c" -mcpu=cortex-m3 -std=gnu11 -g3 -DSTM32 -DSTM32F1 -DSTM32F103C6Tx -DDEBUG -c -I../Inc -I"D:/LearnInDepthEmbedded/Drivers/Drivers/STM32_F103C6_Drivers/inc" -O0 -ffunction-sections -fdata-sections -Wall -fstack-usage -MMD -MP -MF"STM32_F103C6_Drivers/GPIO/STM32F103C6_GPIO_Driver.d" -MT"STM32_F103C6_Drivers/GPIO/STM32F103C6_GPIO_Driver.o" --specs=nano.specs -mfloat-abi=soft -mthumb -o "STM32_F103C6_Drivers/GPIO/STM32F103C6_GPIO_Driver.o"
../STM32_F103C6_Drivers/GPIO/STM32F103C6_GPIO_Driver.c: In function 'MCAL_GPIO_readPort':
../STM32_F103C6_Drivers/GPIO/STM32F103C6_GPIO_Driver.c:217:10: error: 'u_int16_t' undeclared (first use in this function); did you mean 'uint16_t'?
  return (u_int16_t)(GPIOX->IDR);
          ^~~~~~~~~
          uint16_t
../STM32_F103C6_Drivers/GPIO/STM32F103C6_GPIO_Driver.c:217:10: note: each undeclared identifier is reported only once for each function it appears in
../STM32_F103C6_Drivers/GPIO/STM32F103C6_GPIO_Driver.c:218:1: warning: control reaches end of non-void function [-Wreturn-type]
 }
 ^
../STM32_F103C6_Drivers/GPIO/STM32F103C6_GPIO_Driver.c: In function 'MCAL_GPIO_lockPin':
../STM32_F103C6_Drivers/GPIO/STM32F103C6_GPIO_Driver.c:308:1: warning: control reaches end of non-void function [-Wreturn-type]
 }
 ^
make: *** [STM32_F103C6_Drivers/GPIO/subdir.mk:18: STM32_F103C6_Drivers/GPIO/STM32F103C6_GPIO_Driver.o] Error 1
"make -j8 all" terminated with exit code 2. Build might be incomplete.
22:24:08 **** Incremental Build of configuration Debug for project Drivers ****
make -j8 all 
arm-none-eabi-gcc -gdwarf-2 "../STM32_F103C6_Drivers/GPIO/STM32F103C6_GPIO_Driver.c" -mcpu=cortex-m3 -std=gnu11 -g3 -DSTM32 -DSTM32F1 -DSTM32F103C6Tx -DDEBUG -c -I../Inc -I"D:/LearnInDepthEmbedded/Drivers/Drivers/STM32_F103C6_Drivers/inc" -O0 -ffunction-sections -fdata-sections -Wall -fstack-usage -MMD -MP -MF"STM32_F103C6_Drivers/GPIO/STM32F103C6_GPIO_Driver.d" -MT"STM32_F103C6_Drivers/GPIO/STM32F103C6_GPIO_Driver.o" --specs=nano.specs -mfloat-abi=soft -mthumb -o "STM32_F103C6_Drivers/GPIO/STM32F103C6_GPIO_Driver.o"
../STM32_F103C6_Drivers/GPIO/STM32F103C6_GPIO_Driver.c: In function 'MCAL_GPIO_readPort':
../STM32_F103C6_Drivers/GPIO/STM32F103C6_GPIO_Driver.c:217:10: error: 'u_int16_t' undeclared (first use in this function); did you mean 'uint16_t'?
  return (u_int16_t)(GPIOX->IDR);
          ^~~~~~~~~
          uint16_t
../STM32_F103C6_Drivers/GPIO/STM32F103C6_GPIO_Driver.c:217:10: note: each undeclared identifier is reported only once for each function it appears in
../STM32_F103C6_Drivers/GPIO/STM32F103C6_GPIO_Driver.c:218:1: warning: control reaches end of non-void function [-Wreturn-type]
 }
 ^
make: *** [STM32_F103C6_Drivers/GPIO/subdir.mk:18: STM32_F103C6_Drivers/GPIO/STM32F103C6_GPIO_Driver.o] Error 1
"make -j8 all" terminated with exit code 2. Build might be incomplete.
22:24:46 **** Incremental Build of configuration Debug for project Drivers ****
make -j8 all 
arm-none-eabi-gcc -gdwarf-2 "../STM32_F103C6_Drivers/GPIO/STM32F103C6_GPIO_Driver.c" -mcpu=cortex-m3 -std=gnu11 -g3 -DSTM32 -DSTM32F1 -DSTM32F103C6Tx -DDEBUG -c -I../Inc -I"D:/LearnInDepthEmbedded/Drivers/Drivers/STM32_F103C6_Drivers/inc" -O0 -ffunction-sections -fdata-sections -Wall -fstack-usage -MMD -MP -MF"STM32_F103C6_Drivers/GPIO/STM32F103C6_GPIO_Driver.d" -MT"STM32_F103C6_Drivers/GPIO/STM32F103C6_GPIO_Driver.o" --specs=nano.specs -mfloat-abi=soft -mthumb -o "STM32_F103C6_Drivers/GPIO/STM32F103C6_GPIO_Driver.o"
arm-none-eabi-gcc -gdwarf-2 -o "Drivers.elf" @"objects.list"   -mcpu=cortex-m3 -T"D:\LearnInDepthEmbedded\Drivers\Drivers\STM32F103C6TX_FLASH.ld" --specs=nosys.specs -Wl,-Map="Drivers.map" -Wl,--gc-sections -static --specs=nano.specs -mfloat-abi=soft -mthumb -Wl,--start-group -lc -lm -Wl,--end-group
Finished building target: Drivers.elf
 
arm-none-eabi-objdump -h -S  Drivers.elf  > "Drivers.list"
arm-none-eabi-objcopy  -O binary  Drivers.elf  "Drivers.bin"
arm-none-eabi-size   Drivers.elf 
   text	   data	    bss	    dec	    hex	filename
    556	      8	   1568	   2132	    854	Drivers.elf
Finished building: default.size.stdout
 
Finished building: Drivers.bin
Finished building: Drivers.list
 
 
22:41:26 **** Incremental Build of configuration Debug for project Drivers ****
make -j8 all 
arm-none-eabi-gcc -gdwarf-2 "../Src/main.c" -mcpu=cortex-m3 -std=gnu11 -g3 -DSTM32 -DSTM32F1 -DSTM32F103C6Tx -DDEBUG -c -I../Inc -I"D:/LearnInDepthEmbedded/Drivers/Drivers/STM32_F103C6_Drivers/inc" -O0 -ffunction-sections -fdata-sections -Wall -fstack-usage -MMD -MP -MF"Src/main.d" -MT"Src/main.o" --specs=nano.specs -mfloat-abi=soft -mthumb -o "Src/main.o"
arm-none-eabi-gcc -gdwarf-2 -o "Drivers.elf" @"objects.list"   -mcpu=cortex-m3 -T"D:\LearnInDepthEmbedded\Drivers\Drivers\STM32F103C6TX_FLASH.ld" --specs=nosys.specs -Wl,-Map="Drivers.map" -Wl,--gc-sections -static --specs=nano.specs -mfloat-abi=soft -mthumb -Wl,--start-group -lc -lm -Wl,--end-group
Finished building target: Drivers.elf
 
arm-none-eabi-objdump -h -S  Drivers.elf  > "Drivers.list"
arm-none-eabi-objcopy  -O binary  Drivers.elf  "Drivers.bin"
arm-none-eabi-size   Drivers.elf 
   text	   data	    bss	    dec	    hex	filename
   1360	      8	   1568	   2936	    b78	Drivers.elf
Finished building: default.size.stdout
 
Finished building: Drivers.bin
Finished building: Drivers.list
 
 
22:42:10 **** Incremental Build of configuration Debug for project Drivers ****
make -j8 all 
arm-none-eabi-size   Drivers.elf 
arm-none-eabi-objcopy  -O ihex  Drivers.elf  "Drivers.hex"
   text	   data	    bss	    dec	    hex	filename
   1360	      8	   1568	   2936	    b78	Drivers.elf
Finished building: default.size.stdout
 
Finished building: Drivers.hex
 
22:43:48 **** Incremental Build of configuration Debug for project Drivers ****
make -j8 all 
arm-none-eabi-gcc -gdwarf-2 "../Src/main.c" -mcpu=cortex-m3 -std=gnu11 -g3 -DSTM32 -DSTM32F1 -DSTM32F103C6Tx -DDEBUG -c -I../Inc -I"D:/LearnInDepthEmbedded/Drivers/Drivers/STM32_F103C6_Drivers/inc" -O0 -ffunction-sections -fdata-sections -Wall -fstack-usage -MMD -MP -MF"Src/main.d" -MT"Src/main.o" --specs=nano.specs -mfloat-abi=soft -mthumb -o "Src/main.o"
arm-none-eabi-gcc -gdwarf-2 -o "Drivers.elf" @"objects.list"   -mcpu=cortex-m3 -T"D:\LearnInDepthEmbedded\Drivers\Drivers\STM32F103C6TX_FLASH.ld" --specs=nosys.specs -Wl,-Map="Drivers.map" -Wl,--gc-sections -static --specs=nano.specs -mfloat-abi=soft -mthumb -Wl,--start-group -lc -lm -Wl,--end-group
Finished building target: Drivers.elf
 
arm-none-eabi-objdump -h -S  Drivers.elf  > "Drivers.list"
arm-none-eabi-objcopy  -O ihex  Drivers.elf  "Drivers.hex"
arm-none-eabi-objcopy  -O binary  Drivers.elf  "Drivers.bin"
arm-none-eabi-size   Drivers.elf 
   text	   data	    bss	    dec	    hex	filename
   1372	      8	   1568	   2948	    b84	Drivers.elf
Finished building: default.size.stdout
 
Finished building: Drivers.hex
Finished building: Drivers.bin
Finished building: Drivers.list
 
 
 
22:44:11 **** Incremental Build of configuration Debug for project Drivers ****
make -j8 all 
arm-none-eabi-size   Drivers.elf 
   text	   data	    bss	    dec	    hex	filename
   1372	      8	   1568	   2948	    b84	Drivers.elf
Finished building: default.size.stdout
 
22:47:30 **** Incremental Build of configuration Debug for project Drivers ****
make -j8 all 
arm-none-eabi-gcc -gdwarf-2 "../Src/main.c" -mcpu=cortex-m3 -std=gnu11 -g3 -DSTM32 -DSTM32F1 -DSTM32F103C6Tx -DDEBUG -c -I../Inc -I"D:/LearnInDepthEmbedded/Drivers/Drivers/STM32_F103C6_Drivers/inc" -O0 -ffunction-sections -fdata-sections -Wall -fstack-usage -MMD -MP -MF"Src/main.d" -MT"Src/main.o" --specs=nano.specs -mfloat-abi=soft -mthumb -o "Src/main.o"
arm-none-eabi-gcc -gdwarf-2 -o "Drivers.elf" @"objects.list"   -mcpu=cortex-m3 -T"D:\LearnInDepthEmbedded\Drivers\Drivers\STM32F103C6TX_FLASH.ld" --specs=nosys.specs -Wl,-Map="Drivers.map" -Wl,--gc-sections -static --specs=nano.specs -mfloat-abi=soft -mthumb -Wl,--start-group -lc -lm -Wl,--end-group
Finished building target: Drivers.elf
 
arm-none-eabi-objdump -h -S  Drivers.elf  > "Drivers.list"
arm-none-eabi-objcopy  -O ihex  Drivers.elf  "Drivers.hex"
arm-none-eabi-objcopy  -O binary  Drivers.elf  "Drivers.bin"
arm-none-eabi-size   Drivers.elf 
   text	   data	    bss	    dec	    hex	filename
   1372	      8	   1568	   2948	    b84	Drivers.elf
Finished building: default.size.stdout
 
Finished building: Drivers.hex
Finished building: Drivers.bin
Finished building: Drivers.list
 
 
 
22:59:14 **** Incremental Build of configuration Debug for project Drivers ****
make -j8 all 
arm-none-eabi-size   Drivers.elf 
   text	   data	    bss	    dec	    hex	filename
   1372	      8	   1568	   2948	    b84	Drivers.elf
Finished building: default.size.stdout
 
23:00:10 **** Incremental Build of configuration Debug for project Drivers ****
make -j8 all 
arm-none-eabi-size   Drivers.elf 
   text	   data	    bss	    dec	    hex	filename
   1372	      8	   1568	   2948	    b84	Drivers.elf
Finished building: default.size.stdout
 
17:22:16 **** Build of configuration Debug for project Drivers ****
make -j8 all 
arm-none-eabi-gcc -gdwarf-2 "../Src/main.c" -mcpu=cortex-m3 -std=gnu11 -g3 -DSTM32 -DSTM32F1 -DSTM32F103C6Tx -DDEBUG -c -I../Inc -I"D:/LearnInDepthEmbedded/Drivers/Drivers/STM32_F103C6_Drivers/inc" -O0 -ffunction-sections -fdata-sections -Wall -fstack-usage -MMD -MP -MF"Src/main.d" -MT"Src/main.o" --specs=nano.specs -mfloat-abi=soft -mthumb -o "Src/main.o"
arm-none-eabi-gcc -gdwarf-2 "../STM32_F103C6_Drivers/EXTI/STM32F103C6_EXTI_Driver.c" -mcpu=cortex-m3 -std=gnu11 -g3 -DSTM32 -DSTM32F1 -DSTM32F103C6Tx -DDEBUG -c -I../Inc -I"D:/LearnInDepthEmbedded/Drivers/Drivers/STM32_F103C6_Drivers/inc" -O0 -ffunction-sections -fdata-sections -Wall -fstack-usage -MMD -MP -MF"STM32_F103C6_Drivers/EXTI/STM32F103C6_EXTI_Driver.d" -MT"STM32_F103C6_Drivers/EXTI/STM32F103C6_EXTI_Driver.o" --specs=nano.specs -mfloat-abi=soft -mthumb -o "STM32_F103C6_Drivers/EXTI/STM32F103C6_EXTI_Driver.o"
arm-none-eabi-gcc -gdwarf-2 -o "Drivers.elf" @"objects.list"   -mcpu=cortex-m3 -T"D:\LearnInDepthEmbedded\Drivers\Drivers\STM32F103C6TX_FLASH.ld" --specs=nosys.specs -Wl,-Map="Drivers.map" -Wl,--gc-sections -static --specs=nano.specs -mfloat-abi=soft -mthumb -Wl,--start-group -lc -lm -Wl,--end-group
Finished building target: Drivers.elf
 
arm-none-eabi-objdump -h -S  Drivers.elf  > "Drivers.list"
arm-none-eabi-objcopy  -O ihex  Drivers.elf  "Drivers.hex"
arm-none-eabi-objcopy  -O binary  Drivers.elf  "Drivers.bin"
arm-none-eabi-size   Drivers.elf 
   text	   data	    bss	    dec	    hex	filename
    556	      8	   1568	   2132	    854	Drivers.elf
Finished building: default.size.stdout
 
Finished building: Drivers.hex
Finished building: Drivers.list
Finished building: Drivers.bin
 
 
 
18:22:53 **** Incremental Build of configuration Debug for project Drivers ****
make -j8 all 
arm-none-eabi-gcc -gdwarf-2 "../Src/main.c" -mcpu=cortex-m3 -std=gnu11 -g3 -DSTM32 -DSTM32F1 -DSTM32F103C6Tx -DDEBUG -c -I../Inc -I"D:/LearnInDepthEmbedded/Drivers/Drivers/STM32_F103C6_Drivers/inc" -O0 -ffunction-sections -fdata-sections -Wall -fstack-usage -MMD -MP -MF"Src/main.d" -MT"Src/main.o" --specs=nano.specs -mfloat-abi=soft -mthumb -o "Src/main.o"
arm-none-eabi-gcc -gdwarf-2 "../STM32_F103C6_Drivers/EXTI/STM32F103C6_EXTI_Driver.c" -mcpu=cortex-m3 -std=gnu11 -g3 -DSTM32 -DSTM32F1 -DSTM32F103C6Tx -DDEBUG -c -I../Inc -I"D:/LearnInDepthEmbedded/Drivers/Drivers/STM32_F103C6_Drivers/inc" -O0 -ffunction-sections -fdata-sections -Wall -fstack-usage -MMD -MP -MF"STM32_F103C6_Drivers/EXTI/STM32F103C6_EXTI_Driver.d" -MT"STM32_F103C6_Drivers/EXTI/STM32F103C6_EXTI_Driver.o" --specs=nano.specs -mfloat-abi=soft -mthumb -o "STM32_F103C6_Drivers/EXTI/STM32F103C6_EXTI_Driver.o"
../Src/main.c: In function 'main':
../Src/main.c:35:19: warning: unused variable 't' [-Wunused-variable]
  EXTI_PinConfig_t t;
                   ^
arm-none-eabi-gcc -gdwarf-2 -o "Drivers.elf" @"objects.list"   -mcpu=cortex-m3 -T"D:\LearnInDepthEmbedded\Drivers\Drivers\STM32F103C6TX_FLASH.ld" --specs=nosys.specs -Wl,-Map="Drivers.map" -Wl,--gc-sections -static --specs=nano.specs -mfloat-abi=soft -mthumb -Wl,--start-group -lc -lm -Wl,--end-group
Finished building target: Drivers.elf
 
arm-none-eabi-objdump -h -S  Drivers.elf  > "Drivers.list"
arm-none-eabi-objcopy  -O ihex  Drivers.elf  "Drivers.hex"
arm-none-eabi-objcopy  -O binary  Drivers.elf  "Drivers.bin"
arm-none-eabi-size   Drivers.elf 
   text	   data	    bss	    dec	    hex	filename
    556	      8	   1568	   2132	    854	Drivers.elf
Finished building: default.size.stdout
Finished building: Drivers.bin
 
Finished building: Drivers.hex
Finished building: Drivers.list
 
 
 
18:23:15 **** Incremental Build of configuration Debug for project Drivers ****
make -j8 all 
arm-none-eabi-gcc -gdwarf-2 "../Src/main.c" -mcpu=cortex-m3 -std=gnu11 -g3 -DSTM32 -DSTM32F1 -DSTM32F103C6Tx -DDEBUG -c -I../Inc -I"D:/LearnInDepthEmbedded/Drivers/Drivers/STM32_F103C6_Drivers/inc" -O0 -ffunction-sections -fdata-sections -Wall -fstack-usage -MMD -MP -MF"Src/main.d" -MT"Src/main.o" --specs=nano.specs -mfloat-abi=soft -mthumb -o "Src/main.o"
In file included from ../Src/main.c:26:0:
../Src/main.c: In function 'main':
D:/LearnInDepthEmbedded/Drivers/Drivers/STM32_F103C6_Drivers/inc/STM32F103C6_EXTI_Driver.h:40:20: warning: excess elements in struct initializer
 #define EXTI0_IRQ  6
                    ^
D:/LearnInDepthEmbedded/Drivers/Drivers/STM32_F103C6_Drivers/inc/STM32F103C6_EXTI_Driver.h:45:67: note: in expansion of macro 'EXTI0_IRQ'
 #define EXTI0PA   (EXTI_GPIO_MAPPING_t){EXTI0, GPIOA, GPIO_PIN_0, EXTI0_IRQ}
                                                                   ^~~~~~~~~
../Src/main.c:36:15: note: in expansion of macro 'EXTI0PA'
  t.EXTI_pin = EXTI0PA;
               ^~~~~~~
D:/LearnInDepthEmbedded/Drivers/Drivers/STM32_F103C6_Drivers/inc/STM32F103C6_EXTI_Driver.h:40:20: note: (near initialization for '(anonymous)')
 #define EXTI0_IRQ  6
                    ^
D:/LearnInDepthEmbedded/Drivers/Drivers/STM32_F103C6_Drivers/inc/STM32F103C6_EXTI_Driver.h:45:67: note: in expansion of macro 'EXTI0_IRQ'
 #define EXTI0PA   (EXTI_GPIO_MAPPING_t){EXTI0, GPIOA, GPIO_PIN_0, EXTI0_IRQ}
                                                                   ^~~~~~~~~
../Src/main.c:36:15: note: in expansion of macro 'EXTI0PA'
  t.EXTI_pin = EXTI0PA;
               ^~~~~~~
../Src/main.c:35:19: warning: variable 't' set but not used [-Wunused-but-set-variable]
  EXTI_PinConfig_t t;
                   ^
arm-none-eabi-gcc -gdwarf-2 -o "Drivers.elf" @"objects.list"   -mcpu=cortex-m3 -T"D:\LearnInDepthEmbedded\Drivers\Drivers\STM32F103C6TX_FLASH.ld" --specs=nosys.specs -Wl,-Map="Drivers.map" -Wl,--gc-sections -static --specs=nano.specs -mfloat-abi=soft -mthumb -Wl,--start-group -lc -lm -Wl,--end-group
Finished building target: Drivers.elf
 
arm-none-eabi-objdump -h -S  Drivers.elf  > "Drivers.list"
arm-none-eabi-objcopy  -O ihex  Drivers.elf  "Drivers.hex"
arm-none-eabi-objcopy  -O binary  Drivers.elf  "Drivers.bin"
arm-none-eabi-size   Drivers.elf 
   text	   data	    bss	    dec	    hex	filename
    584	      8	   1568	   2160	    870	Drivers.elf
Finished building: default.size.stdout
Finished building: Drivers.list
Finished building: Drivers.hex
Finished building: Drivers.bin
 
 
 
 
18:27:39 **** Incremental Build of configuration Debug for project Drivers ****
make -j8 all 
arm-none-eabi-gcc -gdwarf-2 "../Src/main.c" -mcpu=cortex-m3 -std=gnu11 -g3 -DSTM32 -DSTM32F1 -DSTM32F103C6Tx -DDEBUG -c -I../Inc -I"D:/LearnInDepthEmbedded/Drivers/Drivers/STM32_F103C6_Drivers/inc" -O0 -ffunction-sections -fdata-sections -Wall -fstack-usage -MMD -MP -MF"Src/main.d" -MT"Src/main.o" --specs=nano.specs -mfloat-abi=soft -mthumb -o "Src/main.o"
arm-none-eabi-gcc -gdwarf-2 "../STM32_F103C6_Drivers/GPIO/STM32F103C6_GPIO_Driver.c" -mcpu=cortex-m3 -std=gnu11 -g3 -DSTM32 -DSTM32F1 -DSTM32F103C6Tx -DDEBUG -c -I../Inc -I"D:/LearnInDepthEmbedded/Drivers/Drivers/STM32_F103C6_Drivers/inc" -O0 -ffunction-sections -fdata-sections -Wall -fstack-usage -MMD -MP -MF"STM32_F103C6_Drivers/GPIO/STM32F103C6_GPIO_Driver.d" -MT"STM32_F103C6_Drivers/GPIO/STM32F103C6_GPIO_Driver.o" --specs=nano.specs -mfloat-abi=soft -mthumb -o "STM32_F103C6_Drivers/GPIO/STM32F103C6_GPIO_Driver.o"
arm-none-eabi-gcc -gdwarf-2 "../STM32_F103C6_Drivers/EXTI/STM32F103C6_EXTI_Driver.c" -mcpu=cortex-m3 -std=gnu11 -g3 -DSTM32 -DSTM32F1 -DSTM32F103C6Tx -DDEBUG -c -I../Inc -I"D:/LearnInDepthEmbedded/Drivers/Drivers/STM32_F103C6_Drivers/inc" -O0 -ffunction-sections -fdata-sections -Wall -fstack-usage -MMD -MP -MF"STM32_F103C6_Drivers/EXTI/STM32F103C6_EXTI_Driver.d" -MT"STM32_F103C6_Drivers/EXTI/STM32F103C6_EXTI_Driver.o" --specs=nano.specs -mfloat-abi=soft -mthumb -o "STM32_F103C6_Drivers/EXTI/STM32F103C6_EXTI_Driver.o"
In file included from ../Src/main.c:24:0:
../Src/main.c: In function 'main':
D:/LearnInDepthEmbedded/Drivers/Drivers/STM32_F103C6_Drivers/inc/STM32F103x6.h:174:22: warning: excess elements in struct initializer
 #define  EXTI0_IRQ   6
                      ^
D:/LearnInDepthEmbedded/Drivers/Drivers/STM32_F103C6_Drivers/inc/STM32F103C6_EXTI_Driver.h:44:67: note: in expansion of macro 'EXTI0_IRQ'
 #define EXTI0PA   (EXTI_GPIO_MAPPING_t){EXTI0, GPIOA, GPIO_PIN_0, EXTI0_IRQ}
                                                                   ^~~~~~~~~
../Src/main.c:36:15: note: in expansion of macro 'EXTI0PA'
  t.EXTI_pin = EXTI0PA;
               ^~~~~~~
D:/LearnInDepthEmbedded/Drivers/Drivers/STM32_F103C6_Drivers/inc/STM32F103x6.h:174:22: note: (near initialization for '(anonymous)')
 #define  EXTI0_IRQ   6
                      ^
D:/LearnInDepthEmbedded/Drivers/Drivers/STM32_F103C6_Drivers/inc/STM32F103C6_EXTI_Driver.h:44:67: note: in expansion of macro 'EXTI0_IRQ'
 #define EXTI0PA   (EXTI_GPIO_MAPPING_t){EXTI0, GPIOA, GPIO_PIN_0, EXTI0_IRQ}
                                                                   ^~~~~~~~~
../Src/main.c:36:15: note: in expansion of macro 'EXTI0PA'
  t.EXTI_pin = EXTI0PA;
               ^~~~~~~
../Src/main.c:35:19: warning: variable 't' set but not used [-Wunused-but-set-variable]
  EXTI_PinConfig_t t;
                   ^
arm-none-eabi-gcc -gdwarf-2 -o "Drivers.elf" @"objects.list"   -mcpu=cortex-m3 -T"D:\LearnInDepthEmbedded\Drivers\Drivers\STM32F103C6TX_FLASH.ld" --specs=nosys.specs -Wl,-Map="Drivers.map" -Wl,--gc-sections -static --specs=nano.specs -mfloat-abi=soft -mthumb -Wl,--start-group -lc -lm -Wl,--end-group
Finished building target: Drivers.elf
 
arm-none-eabi-objdump -h -S  Drivers.elf  > "Drivers.list"
arm-none-eabi-objcopy  -O ihex  Drivers.elf  "Drivers.hex"
arm-none-eabi-objcopy  -O binary  Drivers.elf  "Drivers.bin"
arm-none-eabi-size   Drivers.elf 
   text	   data	    bss	    dec	    hex	filename
    584	      8	   1568	   2160	    870	Drivers.elf
Finished building: default.size.stdout
Finished building: Drivers.hex
Finished building: Drivers.list
Finished building: Drivers.bin
 
 
 
 
18:35:04 **** Incremental Build of configuration Debug for project Drivers ****
make -j8 all 
arm-none-eabi-gcc -gdwarf-2 "../Src/main.c" -mcpu=cortex-m3 -std=gnu11 -g3 -DSTM32 -DSTM32F1 -DSTM32F103C6Tx -DDEBUG -c -I../Inc -I"D:/LearnInDepthEmbedded/Drivers/Drivers/STM32_F103C6_Drivers/inc" -O0 -ffunction-sections -fdata-sections -Wall -fstack-usage -MMD -MP -MF"Src/main.d" -MT"Src/main.o" --specs=nano.specs -mfloat-abi=soft -mthumb -o "Src/main.o"
arm-none-eabi-gcc -gdwarf-2 "../STM32_F103C6_Drivers/EXTI/STM32F103C6_EXTI_Driver.c" -mcpu=cortex-m3 -std=gnu11 -g3 -DSTM32 -DSTM32F1 -DSTM32F103C6Tx -DDEBUG -c -I../Inc -I"D:/LearnInDepthEmbedded/Drivers/Drivers/STM32_F103C6_Drivers/inc" -O0 -ffunction-sections -fdata-sections -Wall -fstack-usage -MMD -MP -MF"STM32_F103C6_Drivers/EXTI/STM32F103C6_EXTI_Driver.d" -MT"STM32_F103C6_Drivers/EXTI/STM32F103C6_EXTI_Driver.o" --specs=nano.specs -mfloat-abi=soft -mthumb -o "STM32_F103C6_Drivers/EXTI/STM32F103C6_EXTI_Driver.o"
../Src/main.c: In function 'main':
../Src/main.c:36:15: error: 'EXTI0PA' undeclared (first use in this function); did you mean 'EXTI0PA0'?
  t.EXTI_pin = EXTI0PA;
               ^~~~~~~
               EXTI0PA0
../Src/main.c:36:15: note: each undeclared identifier is reported only once for each function it appears in
../Src/main.c:35:19: warning: variable 't' set but not used [-Wunused-but-set-variable]
  EXTI_PinConfig_t t;
                   ^
make: *** [Src/subdir.mk:24: Src/main.o] Error 1
make: *** Waiting for unfinished jobs....
"make -j8 all" terminated with exit code 2. Build might be incomplete.
18:35:52 **** Incremental Build of configuration Debug for project Drivers ****
make -j8 all 
arm-none-eabi-gcc -gdwarf-2 "../Src/main.c" -mcpu=cortex-m3 -std=gnu11 -g3 -DSTM32 -DSTM32F1 -DSTM32F103C6Tx -DDEBUG -c -I../Inc -I"D:/LearnInDepthEmbedded/Drivers/Drivers/STM32_F103C6_Drivers/inc" -O0 -ffunction-sections -fdata-sections -Wall -fstack-usage -MMD -MP -MF"Src/main.d" -MT"Src/main.o" --specs=nano.specs -mfloat-abi=soft -mthumb -o "Src/main.o"
In file included from ../Src/main.c:26:0:
../Src/main.c: In function 'main':
D:/LearnInDepthEmbedded/Drivers/Drivers/STM32_F103C6_Drivers/inc/STM32F103C6_EXTI_Driver.h:118:65: error: 'GPIO_PIN9' undeclared (first use in this function); did you mean 'GPIO_PIN_9'?
 #define EXTI9PA9         (EXTI_GPIO_MAPPING_t){ EXTI9 , GPIOA , GPIO_PIN9, EXTI9_IRQ }
                                                                 ^
../Src/main.c:36:15: note: in expansion of macro 'EXTI9PA9'
  t.EXTI_pin = EXTI9PA9;
               ^~~~~~~~
D:/LearnInDepthEmbedded/Drivers/Drivers/STM32_F103C6_Drivers/inc/STM32F103C6_EXTI_Driver.h:118:65: note: each undeclared identifier is reported only once for each function it appears in
 #define EXTI9PA9         (EXTI_GPIO_MAPPING_t){ EXTI9 , GPIOA , GPIO_PIN9, EXTI9_IRQ }
                                                                 ^
../Src/main.c:36:15: note: in expansion of macro 'EXTI9PA9'
  t.EXTI_pin = EXTI9PA9;
               ^~~~~~~~
../Src/main.c:35:19: warning: variable 't' set but not used [-Wunused-but-set-variable]
  EXTI_PinConfig_t t;
                   ^
make: *** [Src/subdir.mk:24: Src/main.o] Error 1
"make -j8 all" terminated with exit code 2. Build might be incomplete.
18:44:26 **** Incremental Build of configuration Debug for project Drivers ****
make -j8 all 
arm-none-eabi-gcc -gdwarf-2 "../Src/main.c" -mcpu=cortex-m3 -std=gnu11 -g3 -DSTM32 -DSTM32F1 -DSTM32F103C6Tx -DDEBUG -c -I../Inc -I"D:/LearnInDepthEmbedded/Drivers/Drivers/STM32_F103C6_Drivers/inc" -O0 -ffunction-sections -fdata-sections -Wall -fstack-usage -MMD -MP -MF"Src/main.d" -MT"Src/main.o" --specs=nano.specs -mfloat-abi=soft -mthumb -o "Src/main.o"
arm-none-eabi-gcc -gdwarf-2 "../STM32_F103C6_Drivers/EXTI/STM32F103C6_EXTI_Driver.c" -mcpu=cortex-m3 -std=gnu11 -g3 -DSTM32 -DSTM32F1 -DSTM32F103C6Tx -DDEBUG -c -I../Inc -I"D:/LearnInDepthEmbedded/Drivers/Drivers/STM32_F103C6_Drivers/inc" -O0 -ffunction-sections -fdata-sections -Wall -fstack-usage -MMD -MP -MF"STM32_F103C6_Drivers/EXTI/STM32F103C6_EXTI_Driver.d" -MT"STM32_F103C6_Drivers/EXTI/STM32F103C6_EXTI_Driver.o" --specs=nano.specs -mfloat-abi=soft -mthumb -o "STM32_F103C6_Drivers/EXTI/STM32F103C6_EXTI_Driver.o"
../Src/main.c: In function 'main':
../Src/main.c:35:19: warning: variable 't' set but not used [-Wunused-but-set-variable]
  EXTI_PinConfig_t t;
                   ^
arm-none-eabi-gcc -gdwarf-2 -o "Drivers.elf" @"objects.list"   -mcpu=cortex-m3 -T"D:\LearnInDepthEmbedded\Drivers\Drivers\STM32F103C6TX_FLASH.ld" --specs=nosys.specs -Wl,-Map="Drivers.map" -Wl,--gc-sections -static --specs=nano.specs -mfloat-abi=soft -mthumb -Wl,--start-group -lc -lm -Wl,--end-group
Finished building target: Drivers.elf
 
arm-none-eabi-objdump -h -S  Drivers.elf  > "Drivers.list"
arm-none-eabi-objcopy  -O ihex  Drivers.elf  "Drivers.hex"
arm-none-eabi-objcopy  -O binary  Drivers.elf  "Drivers.bin"
arm-none-eabi-size   Drivers.elf 
   text	   data	    bss	    dec	    hex	filename
    584	      8	   1568	   2160	    870	Drivers.elf
Finished building: default.size.stdout
Finished building: Drivers.hex
Finished building: Drivers.list
Finished building: Drivers.bin
 
 
 
 
18:45:40 **** Incremental Build of configuration Debug for project Drivers ****
make -j8 all 
arm-none-eabi-gcc -gdwarf-2 "../Src/main.c" -mcpu=cortex-m3 -std=gnu11 -g3 -DSTM32 -DSTM32F1 -DSTM32F103C6Tx -DDEBUG -c -I../Inc -I"D:/LearnInDepthEmbedded/Drivers/Drivers/STM32_F103C6_Drivers/inc" -O0 -ffunction-sections -fdata-sections -Wall -fstack-usage -MMD -MP -MF"Src/main.d" -MT"Src/main.o" --specs=nano.specs -mfloat-abi=soft -mthumb -o "Src/main.o"
arm-none-eabi-gcc -gdwarf-2 "../STM32_F103C6_Drivers/EXTI/STM32F103C6_EXTI_Driver.c" -mcpu=cortex-m3 -std=gnu11 -g3 -DSTM32 -DSTM32F1 -DSTM32F103C6Tx -DDEBUG -c -I../Inc -I"D:/LearnInDepthEmbedded/Drivers/Drivers/STM32_F103C6_Drivers/inc" -O0 -ffunction-sections -fdata-sections -Wall -fstack-usage -MMD -MP -MF"STM32_F103C6_Drivers/EXTI/STM32F103C6_EXTI_Driver.d" -MT"STM32_F103C6_Drivers/EXTI/STM32F103C6_EXTI_Driver.o" --specs=nano.specs -mfloat-abi=soft -mthumb -o "STM32_F103C6_Drivers/EXTI/STM32F103C6_EXTI_Driver.o"
../Src/main.c: In function 'main':
../Src/main.c:35:19: warning: variable 't' set but not used [-Wunused-but-set-variable]
  EXTI_PinConfig_t t;
                   ^
arm-none-eabi-gcc -gdwarf-2 -o "Drivers.elf" @"objects.list"   -mcpu=cortex-m3 -T"D:\LearnInDepthEmbedded\Drivers\Drivers\STM32F103C6TX_FLASH.ld" --specs=nosys.specs -Wl,-Map="Drivers.map" -Wl,--gc-sections -static --specs=nano.specs -mfloat-abi=soft -mthumb -Wl,--start-group -lc -lm -Wl,--end-group
Finished building target: Drivers.elf
 
arm-none-eabi-objdump -h -S  Drivers.elf  > "Drivers.list"
arm-none-eabi-objcopy  -O ihex  Drivers.elf  "Drivers.hex"
arm-none-eabi-objcopy  -O binary  Drivers.elf  "Drivers.bin"
arm-none-eabi-size   Drivers.elf 
   text	   data	    bss	    dec	    hex	filename
    584	      8	   1568	   2160	    870	Drivers.elf
Finished building: default.size.stdout
Finished building: Drivers.list
Finished building: Drivers.hex
Finished building: Drivers.bin
 
 
 
 
19:06:37 **** Incremental Build of configuration Debug for project Drivers ****
make -j8 all 
arm-none-eabi-gcc -gdwarf-2 "../Src/main.c" -mcpu=cortex-m3 -std=gnu11 -g3 -DSTM32 -DSTM32F1 -DSTM32F103C6Tx -DDEBUG -c -I../Inc -I"D:/LearnInDepthEmbedded/Drivers/Drivers/STM32_F103C6_Drivers/inc" -O0 -ffunction-sections -fdata-sections -Wall -fstack-usage -MMD -MP -MF"Src/main.d" -MT"Src/main.o" --specs=nano.specs -mfloat-abi=soft -mthumb -o "Src/main.o"
arm-none-eabi-gcc -gdwarf-2 "../STM32_F103C6_Drivers/EXTI/STM32F103C6_EXTI_Driver.c" -mcpu=cortex-m3 -std=gnu11 -g3 -DSTM32 -DSTM32F1 -DSTM32F103C6Tx -DDEBUG -c -I../Inc -I"D:/LearnInDepthEmbedded/Drivers/Drivers/STM32_F103C6_Drivers/inc" -O0 -ffunction-sections -fdata-sections -Wall -fstack-usage -MMD -MP -MF"STM32_F103C6_Drivers/EXTI/STM32F103C6_EXTI_Driver.d" -MT"STM32_F103C6_Drivers/EXTI/STM32F103C6_EXTI_Driver.o" --specs=nano.specs -mfloat-abi=soft -mthumb -o "STM32_F103C6_Drivers/EXTI/STM32F103C6_EXTI_Driver.o"
In file included from ../Src/main.c:26:0:
D:/LearnInDepthEmbedded/Drivers/Drivers/STM32_F103C6_Drivers/inc/STM32F103C6_EXTI_Driver.h:188:8: warning: "/*" within comment [-Wcomment]
 #endif /* INC_STM32F103C6_EXTI_DRIVER_H_ */
         
In file included from ../STM32_F103C6_Drivers/EXTI/STM32F103C6_EXTI_Driver.c:8:0:
D:/LearnInDepthEmbedded/Drivers/Drivers/STM32_F103C6_Drivers/inc/STM32F103C6_EXTI_Driver.h:188:8: warning: "/*" within comment [-Wcomment]
 #endif /* INC_STM32F103C6_EXTI_DRIVER_H_ */
         
In file included from ../Src/main.c:26:0:
D:/LearnInDepthEmbedded/Drivers/Drivers/STM32_F103C6_Drivers/inc/STM32F103C6_EXTI_Driver.h:8:0: error: unterminated #ifndef
 #ifndef INC_STM32F103C6_EXTI_DRIVER_H_
 
In file included from ../STM32_F103C6_Drivers/EXTI/STM32F103C6_EXTI_Driver.c:8:0:
D:/LearnInDepthEmbedded/Drivers/Drivers/STM32_F103C6_Drivers/inc/STM32F103C6_EXTI_Driver.h:8:0: error: unterminated #ifndef
 #ifndef INC_STM32F103C6_EXTI_DRIVER_H_
 
../Src/main.c:30:6: error: field 'delay' declared as a function
 void delay(uint32_t time);
      ^~~~~
../STM32_F103C6_Drivers/EXTI/STM32F103C6_EXTI_Driver.c:9:0: error: expected specifier-qualifier-list at end of input
 
 
../Src/main.c:32:15: error: expected ':', ',', ';', '}' or '__attribute__' before '{' token
 int main(void){
               ^
make: *** [STM32_F103C6_Drivers/EXTI/subdir.mk:18: STM32_F103C6_Drivers/EXTI/STM32F103C6_EXTI_Driver.o] Error 1
make: *** Waiting for unfinished jobs....
make: *** [Src/subdir.mk:24: Src/main.o] Error 1
"make -j8 all" terminated with exit code 2. Build might be incomplete.
19:07:00 **** Incremental Build of configuration Debug for project Drivers ****
make -j8 all 
arm-none-eabi-gcc -gdwarf-2 "../Src/main.c" -mcpu=cortex-m3 -std=gnu11 -g3 -DSTM32 -DSTM32F1 -DSTM32F103C6Tx -DDEBUG -c -I../Inc -I"D:/LearnInDepthEmbedded/Drivers/Drivers/STM32_F103C6_Drivers/inc" -O0 -ffunction-sections -fdata-sections -Wall -fstack-usage -MMD -MP -MF"Src/main.d" -MT"Src/main.o" --specs=nano.specs -mfloat-abi=soft -mthumb -o "Src/main.o"
arm-none-eabi-gcc -gdwarf-2 "../STM32_F103C6_Drivers/EXTI/STM32F103C6_EXTI_Driver.c" -mcpu=cortex-m3 -std=gnu11 -g3 -DSTM32 -DSTM32F1 -DSTM32F103C6Tx -DDEBUG -c -I../Inc -I"D:/LearnInDepthEmbedded/Drivers/Drivers/STM32_F103C6_Drivers/inc" -O0 -ffunction-sections -fdata-sections -Wall -fstack-usage -MMD -MP -MF"STM32_F103C6_Drivers/EXTI/STM32F103C6_EXTI_Driver.d" -MT"STM32_F103C6_Drivers/EXTI/STM32F103C6_EXTI_Driver.o" --specs=nano.specs -mfloat-abi=soft -mthumb -o "STM32_F103C6_Drivers/EXTI/STM32F103C6_EXTI_Driver.o"
In file included from ../Src/main.c:26:0:
D:/LearnInDepthEmbedded/Drivers/Drivers/STM32_F103C6_Drivers/inc/STM32F103C6_EXTI_Driver.h:171:28: warning: ISO C99 requires whitespace after the macro name
 #define EXTI_Trigger_Rising&Falling      2
                            ^
D:/LearnInDepthEmbedded/Drivers/Drivers/STM32_F103C6_Drivers/inc/STM32F103C6_EXTI_Driver.h:171:0: warning: "EXTI_Trigger_Rising" redefined
 #define EXTI_Trigger_Rising&Falling      2
 
D:/LearnInDepthEmbedded/Drivers/Drivers/STM32_F103C6_Drivers/inc/STM32F103C6_EXTI_Driver.h:169:0: note: this is the location of the previous definition
 #define EXTI_Trigger_Rising        0
 
../Src/main.c: In function 'main':
../Src/main.c:35:19: warning: variable 't' set but not used [-Wunused-but-set-variable]
  EXTI_PinConfig_t t;
                   ^
In file included from ../STM32_F103C6_Drivers/EXTI/STM32F103C6_EXTI_Driver.c:8:0:
D:/LearnInDepthEmbedded/Drivers/Drivers/STM32_F103C6_Drivers/inc/STM32F103C6_EXTI_Driver.h:171:28: warning: ISO C99 requires whitespace after the macro name
 #define EXTI_Trigger_Rising&Falling      2
                            ^
D:/LearnInDepthEmbedded/Drivers/Drivers/STM32_F103C6_Drivers/inc/STM32F103C6_EXTI_Driver.h:171:0: warning: "EXTI_Trigger_Rising" redefined
 #define EXTI_Trigger_Rising&Falling      2
 
D:/LearnInDepthEmbedded/Drivers/Drivers/STM32_F103C6_Drivers/inc/STM32F103C6_EXTI_Driver.h:169:0: note: this is the location of the previous definition
 #define EXTI_Trigger_Rising        0
 
arm-none-eabi-gcc -gdwarf-2 -o "Drivers.elf" @"objects.list"   -mcpu=cortex-m3 -T"D:\LearnInDepthEmbedded\Drivers\Drivers\STM32F103C6TX_FLASH.ld" --specs=nosys.specs -Wl,-Map="Drivers.map" -Wl,--gc-sections -static --specs=nano.specs -mfloat-abi=soft -mthumb -Wl,--start-group -lc -lm -Wl,--end-group
Finished building target: Drivers.elf
 
arm-none-eabi-objdump -h -S  Drivers.elf  > "Drivers.list"
arm-none-eabi-objcopy  -O ihex  Drivers.elf  "Drivers.hex"
arm-none-eabi-objcopy  -O binary  Drivers.elf  "Drivers.bin"
arm-none-eabi-size   Drivers.elf 
   text	   data	    bss	    dec	    hex	filename
    584	      8	   1568	   2160	    870	Drivers.elf
Finished building: default.size.stdout
Finished building: Drivers.hex
Finished building: Drivers.list
Finished building: Drivers.bin
 
 
 
 
19:07:42 **** Incremental Build of configuration Debug for project Drivers ****
make -j8 all 
arm-none-eabi-gcc -gdwarf-2 "../Src/main.c" -mcpu=cortex-m3 -std=gnu11 -g3 -DSTM32 -DSTM32F1 -DSTM32F103C6Tx -DDEBUG -c -I../Inc -I"D:/LearnInDepthEmbedded/Drivers/Drivers/STM32_F103C6_Drivers/inc" -O0 -ffunction-sections -fdata-sections -Wall -fstack-usage -MMD -MP -MF"Src/main.d" -MT"Src/main.o" --specs=nano.specs -mfloat-abi=soft -mthumb -o "Src/main.o"
arm-none-eabi-gcc -gdwarf-2 "../STM32_F103C6_Drivers/EXTI/STM32F103C6_EXTI_Driver.c" -mcpu=cortex-m3 -std=gnu11 -g3 -DSTM32 -DSTM32F1 -DSTM32F103C6Tx -DDEBUG -c -I../Inc -I"D:/LearnInDepthEmbedded/Drivers/Drivers/STM32_F103C6_Drivers/inc" -O0 -ffunction-sections -fdata-sections -Wall -fstack-usage -MMD -MP -MF"STM32_F103C6_Drivers/EXTI/STM32F103C6_EXTI_Driver.d" -MT"STM32_F103C6_Drivers/EXTI/STM32F103C6_EXTI_Driver.o" --specs=nano.specs -mfloat-abi=soft -mthumb -o "STM32_F103C6_Drivers/EXTI/STM32F103C6_EXTI_Driver.o"
../Src/main.c: In function 'main':
../Src/main.c:35:19: warning: variable 't' set but not used [-Wunused-but-set-variable]
  EXTI_PinConfig_t t;
                   ^
arm-none-eabi-gcc -gdwarf-2 -o "Drivers.elf" @"objects.list"   -mcpu=cortex-m3 -T"D:\LearnInDepthEmbedded\Drivers\Drivers\STM32F103C6TX_FLASH.ld" --specs=nosys.specs -Wl,-Map="Drivers.map" -Wl,--gc-sections -static --specs=nano.specs -mfloat-abi=soft -mthumb -Wl,--start-group -lc -lm -Wl,--end-group
Finished building target: Drivers.elf
 
arm-none-eabi-objdump -h -S  Drivers.elf  > "Drivers.list"
arm-none-eabi-objcopy  -O ihex  Drivers.elf  "Drivers.hex"
arm-none-eabi-objcopy  -O binary  Drivers.elf  "Drivers.bin"
arm-none-eabi-size   Drivers.elf 
   text	   data	    bss	    dec	    hex	filename
    584	      8	   1568	   2160	    870	Drivers.elf
Finished building: default.size.stdout
Finished building: Drivers.hex
Finished building: Drivers.list
Finished building: Drivers.bin
 
 
 
 
20:22:42 **** Incremental Build of configuration Debug for project Drivers ****
make -j8 all 
arm-none-eabi-gcc -gdwarf-2 "../Src/main.c" -mcpu=cortex-m3 -std=gnu11 -g3 -DSTM32 -DSTM32F1 -DSTM32F103C6Tx -DDEBUG -c -I../Inc -I"D:/LearnInDepthEmbedded/Drivers/Drivers/STM32_F103C6_Drivers/inc" -O0 -ffunction-sections -fdata-sections -Wall -fstack-usage -MMD -MP -MF"Src/main.d" -MT"Src/main.o" --specs=nano.specs -mfloat-abi=soft -mthumb -o "Src/main.o"
arm-none-eabi-gcc -gdwarf-2 "../STM32_F103C6_Drivers/GPIO/STM32F103C6_GPIO_Driver.c" -mcpu=cortex-m3 -std=gnu11 -g3 -DSTM32 -DSTM32F1 -DSTM32F103C6Tx -DDEBUG -c -I../Inc -I"D:/LearnInDepthEmbedded/Drivers/Drivers/STM32_F103C6_Drivers/inc" -O0 -ffunction-sections -fdata-sections -Wall -fstack-usage -MMD -MP -MF"STM32_F103C6_Drivers/GPIO/STM32F103C6_GPIO_Driver.d" -MT"STM32_F103C6_Drivers/GPIO/STM32F103C6_GPIO_Driver.o" --specs=nano.specs -mfloat-abi=soft -mthumb -o "STM32_F103C6_Drivers/GPIO/STM32F103C6_GPIO_Driver.o"
arm-none-eabi-gcc -gdwarf-2 "../STM32_F103C6_Drivers/EXTI/STM32F103C6_EXTI_Driver.c" -mcpu=cortex-m3 -std=gnu11 -g3 -DSTM32 -DSTM32F1 -DSTM32F103C6Tx -DDEBUG -c -I../Inc -I"D:/LearnInDepthEmbedded/Drivers/Drivers/STM32_F103C6_Drivers/inc" -O0 -ffunction-sections -fdata-sections -Wall -fstack-usage -MMD -MP -MF"STM32_F103C6_Drivers/EXTI/STM32F103C6_EXTI_Driver.d" -MT"STM32_F103C6_Drivers/EXTI/STM32F103C6_EXTI_Driver.o" --specs=nano.specs -mfloat-abi=soft -mthumb -o "STM32_F103C6_Drivers/EXTI/STM32F103C6_EXTI_Driver.o"
../Src/main.c: In function 'main':
../Src/main.c:35:19: warning: variable 't' set but not used [-Wunused-but-set-variable]
  EXTI_PinConfig_t t;
                   ^
arm-none-eabi-gcc -gdwarf-2 -o "Drivers.elf" @"objects.list"   -mcpu=cortex-m3 -T"D:\LearnInDepthEmbedded\Drivers\Drivers\STM32F103C6TX_FLASH.ld" --specs=nosys.specs -Wl,-Map="Drivers.map" -Wl,--gc-sections -static --specs=nano.specs -mfloat-abi=soft -mthumb -Wl,--start-group -lc -lm -Wl,--end-group
Finished building target: Drivers.elf
 
arm-none-eabi-objdump -h -S  Drivers.elf  > "Drivers.list"
arm-none-eabi-objcopy  -O ihex  Drivers.elf  "Drivers.hex"
arm-none-eabi-objcopy  -O binary  Drivers.elf  "Drivers.bin"
arm-none-eabi-size   Drivers.elf 
   text	   data	    bss	    dec	    hex	filename
    584	      8	   1568	   2160	    870	Drivers.elf
Finished building: default.size.stdout
 
Finished building: Drivers.bin
Finished building: Drivers.hex
 
 
Finished building: Drivers.list
 
20:39:24 **** Incremental Build of configuration Debug for project Drivers ****
make -j8 all 
arm-none-eabi-gcc -gdwarf-2 "../Src/main.c" -mcpu=cortex-m3 -std=gnu11 -g3 -DSTM32 -DSTM32F1 -DSTM32F103C6Tx -DDEBUG -c -I../Inc -I"D:/LearnInDepthEmbedded/Drivers/Drivers/STM32_F103C6_Drivers/inc" -O0 -ffunction-sections -fdata-sections -Wall -fstack-usage -MMD -MP -MF"Src/main.d" -MT"Src/main.o" --specs=nano.specs -mfloat-abi=soft -mthumb -o "Src/main.o"
arm-none-eabi-gcc -gdwarf-2 "../STM32_F103C6_Drivers/GPIO/STM32F103C6_GPIO_Driver.c" -mcpu=cortex-m3 -std=gnu11 -g3 -DSTM32 -DSTM32F1 -DSTM32F103C6Tx -DDEBUG -c -I../Inc -I"D:/LearnInDepthEmbedded/Drivers/Drivers/STM32_F103C6_Drivers/inc" -O0 -ffunction-sections -fdata-sections -Wall -fstack-usage -MMD -MP -MF"STM32_F103C6_Drivers/GPIO/STM32F103C6_GPIO_Driver.d" -MT"STM32_F103C6_Drivers/GPIO/STM32F103C6_GPIO_Driver.o" --specs=nano.specs -mfloat-abi=soft -mthumb -o "STM32_F103C6_Drivers/GPIO/STM32F103C6_GPIO_Driver.o"
arm-none-eabi-gcc -gdwarf-2 "../STM32_F103C6_Drivers/EXTI/STM32F103C6_EXTI_Driver.c" -mcpu=cortex-m3 -std=gnu11 -g3 -DSTM32 -DSTM32F1 -DSTM32F103C6Tx -DDEBUG -c -I../Inc -I"D:/LearnInDepthEmbedded/Drivers/Drivers/STM32_F103C6_Drivers/inc" -O0 -ffunction-sections -fdata-sections -Wall -fstack-usage -MMD -MP -MF"STM32_F103C6_Drivers/EXTI/STM32F103C6_EXTI_Driver.d" -MT"STM32_F103C6_Drivers/EXTI/STM32F103C6_EXTI_Driver.o" --specs=nano.specs -mfloat-abi=soft -mthumb -o "STM32_F103C6_Drivers/EXTI/STM32F103C6_EXTI_Driver.o"
../Src/main.c: In function 'main':
../Src/main.c:35:19: warning: variable 't' set but not used [-Wunused-but-set-variable]
  EXTI_PinConfig_t t;
                   ^
arm-none-eabi-gcc -gdwarf-2 -o "Drivers.elf" @"objects.list"   -mcpu=cortex-m3 -T"D:\LearnInDepthEmbedded\Drivers\Drivers\STM32F103C6TX_FLASH.ld" --specs=nosys.specs -Wl,-Map="Drivers.map" -Wl,--gc-sections -static --specs=nano.specs -mfloat-abi=soft -mthumb -Wl,--start-group -lc -lm -Wl,--end-group
Finished building target: Drivers.elf
 
arm-none-eabi-objdump -h -S  Drivers.elf  > "Drivers.list"
arm-none-eabi-objcopy  -O ihex  Drivers.elf  "Drivers.hex"
arm-none-eabi-objcopy  -O binary  Drivers.elf  "Drivers.bin"
arm-none-eabi-size   Drivers.elf 
   text	   data	    bss	    dec	    hex	filename
    584	      8	   1568	   2160	    870	Drivers.elf
Finished building: default.size.stdout
Finished building: Drivers.hex
Finished building: Drivers.list
Finished building: Drivers.bin
 
 
 
 
21:19:05 **** Incremental Build of configuration Debug for project Drivers ****
make -j8 all 
arm-none-eabi-gcc -gdwarf-2 "../Src/main.c" -mcpu=cortex-m3 -std=gnu11 -g3 -DSTM32 -DSTM32F1 -DSTM32F103C6Tx -DDEBUG -c -I../Inc -I"D:/LearnInDepthEmbedded/Drivers/Drivers/STM32_F103C6_Drivers/inc" -O0 -ffunction-sections -fdata-sections -Wall -fstack-usage -MMD -MP -MF"Src/main.d" -MT"Src/main.o" --specs=nano.specs -mfloat-abi=soft -mthumb -o "Src/main.o"
arm-none-eabi-gcc -gdwarf-2 "../STM32_F103C6_Drivers/GPIO/STM32F103C6_GPIO_Driver.c" -mcpu=cortex-m3 -std=gnu11 -g3 -DSTM32 -DSTM32F1 -DSTM32F103C6Tx -DDEBUG -c -I../Inc -I"D:/LearnInDepthEmbedded/Drivers/Drivers/STM32_F103C6_Drivers/inc" -O0 -ffunction-sections -fdata-sections -Wall -fstack-usage -MMD -MP -MF"STM32_F103C6_Drivers/GPIO/STM32F103C6_GPIO_Driver.d" -MT"STM32_F103C6_Drivers/GPIO/STM32F103C6_GPIO_Driver.o" --specs=nano.specs -mfloat-abi=soft -mthumb -o "STM32_F103C6_Drivers/GPIO/STM32F103C6_GPIO_Driver.o"
arm-none-eabi-gcc -gdwarf-2 "../STM32_F103C6_Drivers/EXTI/STM32F103C6_EXTI_Driver.c" -mcpu=cortex-m3 -std=gnu11 -g3 -DSTM32 -DSTM32F1 -DSTM32F103C6Tx -DDEBUG -c -I../Inc -I"D:/LearnInDepthEmbedded/Drivers/Drivers/STM32_F103C6_Drivers/inc" -O0 -ffunction-sections -fdata-sections -Wall -fstack-usage -MMD -MP -MF"STM32_F103C6_Drivers/EXTI/STM32F103C6_EXTI_Driver.d" -MT"STM32_F103C6_Drivers/EXTI/STM32F103C6_EXTI_Driver.o" --specs=nano.specs -mfloat-abi=soft -mthumb -o "STM32_F103C6_Drivers/EXTI/STM32F103C6_EXTI_Driver.o"
In file included from ../Src/main.c:24:0:
D:/LearnInDepthEmbedded/Drivers/Drivers/STM32_F103C6_Drivers/inc/STM32F103x6.h:189:25: warning: ISO C99 requires whitespace after the macro name
 #define NVIC_IRQ23_EXTI5-9_ENABLE     (NVIC_ISER0 |= (1 << 23))
                         ^
D:/LearnInDepthEmbedded/Drivers/Drivers/STM32_F103C6_Drivers/inc/STM32F103x6.h:190:26: warning: ISO C99 requires whitespace after the macro name
 #define NVIC_IRQ40_EXTI10-15_ENABLE     (NVIC_ISER1 |= (1 << 8))
                          ^
D:/LearnInDepthEmbedded/Drivers/Drivers/STM32_F103C6_Drivers/inc/STM32F103x6.h:197:25: warning: ISO C99 requires whitespace after the macro name
 #define NVIC_IRQ23_EXTI5-9_DISABLE     (NVIC_ICER0 |= (1 << 23))
                         ^
D:/LearnInDepthEmbedded/Drivers/Drivers/STM32_F103C6_Drivers/inc/STM32F103x6.h:197:0: warning: "NVIC_IRQ23_EXTI5" redefined
 #define NVIC_IRQ23_EXTI5-9_DISABLE     (NVIC_ICER0 |= (1 << 23))
 
D:/LearnInDepthEmbedded/Drivers/Drivers/STM32_F103C6_Drivers/inc/STM32F103x6.h:189:0: note: this is the location of the previous definition
 #define NVIC_IRQ23_EXTI5-9_ENABLE     (NVIC_ISER0 |= (1 << 23))
 
D:/LearnInDepthEmbedded/Drivers/Drivers/STM32_F103C6_Drivers/inc/STM32F103x6.h:198:26: warning: ISO C99 requires whitespace after the macro name
 #define NVIC_IRQ40_EXTI10-15_DISABLE    (NVIC_ICER1 |= (1 << 8))
                          ^
D:/LearnInDepthEmbedded/Drivers/Drivers/STM32_F103C6_Drivers/inc/STM32F103x6.h:198:0: warning: "NVIC_IRQ40_EXTI10" redefined
 #define NVIC_IRQ40_EXTI10-15_DISABLE    (NVIC_ICER1 |= (1 << 8))
 
D:/LearnInDepthEmbedded/Drivers/Drivers/STM32_F103C6_Drivers/inc/STM32F103x6.h:190:0: note: this is the location of the previous definition
 #define NVIC_IRQ40_EXTI10-15_ENABLE     (NVIC_ISER1 |= (1 << 8))
 
../Src/main.c: In function 'main':
../Src/main.c:35:19: warning: variable 't' set but not used [-Wunused-but-set-variable]
  EXTI_PinConfig_t t;
                   ^
In file included from D:/LearnInDepthEmbedded/Drivers/Drivers/STM32_F103C6_Drivers/inc/STM32F103C6_GPIO_Driver.h:15:0,
                 from ../STM32_F103C6_Drivers/GPIO/STM32F103C6_GPIO_Driver.c:8:
D:/LearnInDepthEmbedded/Drivers/Drivers/STM32_F103C6_Drivers/inc/STM32F103x6.h:189:25: warning: ISO C99 requires whitespace after the macro name
 #define NVIC_IRQ23_EXTI5-9_ENABLE     (NVIC_ISER0 |= (1 << 23))
                         ^
D:/LearnInDepthEmbedded/Drivers/Drivers/STM32_F103C6_Drivers/inc/STM32F103x6.h:190:26: warning: ISO C99 requires whitespace after the macro name
 #define NVIC_IRQ40_EXTI10-15_ENABLE     (NVIC_ISER1 |= (1 << 8))
                          ^
D:/LearnInDepthEmbedded/Drivers/Drivers/STM32_F103C6_Drivers/inc/STM32F103x6.h:197:25: warning: ISO C99 requires whitespace after the macro name
 #define NVIC_IRQ23_EXTI5-9_DISABLE     (NVIC_ICER0 |= (1 << 23))
                         ^
D:/LearnInDepthEmbedded/Drivers/Drivers/STM32_F103C6_Drivers/inc/STM32F103x6.h:197:0: warning: "NVIC_IRQ23_EXTI5" redefined
 #define NVIC_IRQ23_EXTI5-9_DISABLE     (NVIC_ICER0 |= (1 << 23))
 
D:/LearnInDepthEmbedded/Drivers/Drivers/STM32_F103C6_Drivers/inc/STM32F103x6.h:189:0: note: this is the location of the previous definition
 #define NVIC_IRQ23_EXTI5-9_ENABLE     (NVIC_ISER0 |= (1 << 23))
 
In file included from D:/LearnInDepthEmbedded/Drivers/Drivers/STM32_F103C6_Drivers/inc/STM32F103C6_EXTI_Driver.h:15:0,
                 from ../STM32_F103C6_Drivers/EXTI/STM32F103C6_EXTI_Driver.c:8:
D:/LearnInDepthEmbedded/Drivers/Drivers/STM32_F103C6_Drivers/inc/STM32F103x6.h:189:25: warning: ISO C99 requires whitespace after the macro name
 #define NVIC_IRQ23_EXTI5-9_ENABLE     (NVIC_ISER0 |= (1 << 23))
                         ^
D:/LearnInDepthEmbedded/Drivers/Drivers/STM32_F103C6_Drivers/inc/STM32F103x6.h:190:26: warning: ISO C99 requires whitespace after the macro name
 #define NVIC_IRQ40_EXTI10-15_ENABLE     (NVIC_ISER1 |= (1 << 8))
                          ^
D:/LearnInDepthEmbedded/Drivers/Drivers/STM32_F103C6_Drivers/inc/STM32F103x6.h:197:25: warning: ISO C99 requires whitespace after the macro name
 #define NVIC_IRQ23_EXTI5-9_DISABLE     (NVIC_ICER0 |= (1 << 23))
                         ^
D:/LearnInDepthEmbedded/Drivers/Drivers/STM32_F103C6_Drivers/inc/STM32F103x6.h:197:0: warning: "NVIC_IRQ23_EXTI5" redefined
 #define NVIC_IRQ23_EXTI5-9_DISABLE     (NVIC_ICER0 |= (1 << 23))
 
D:/LearnInDepthEmbedded/Drivers/Drivers/STM32_F103C6_Drivers/inc/STM32F103x6.h:189:0: note: this is the location of the previous definition
 #define NVIC_IRQ23_EXTI5-9_ENABLE     (NVIC_ISER0 |= (1 << 23))
 
D:/LearnInDepthEmbedded/Drivers/Drivers/STM32_F103C6_Drivers/inc/STM32F103x6.h:198:26: warning: ISO C99 requires whitespace after the macro name
 #define NVIC_IRQ40_EXTI10-15_DISABLE    (NVIC_ICER1 |= (1 << 8))
                          ^
D:/LearnInDepthEmbedded/Drivers/Drivers/STM32_F103C6_Drivers/inc/STM32F103x6.h:198:0: warning: "NVIC_IRQ40_EXTI10" redefined
 #define NVIC_IRQ40_EXTI10-15_DISABLE    (NVIC_ICER1 |= (1 << 8))
 
D:/LearnInDepthEmbedded/Drivers/Drivers/STM32_F103C6_Drivers/inc/STM32F103x6.h:190:0: note: this is the location of the previous definition
 #define NVIC_IRQ40_EXTI10-15_ENABLE     (NVIC_ISER1 |= (1 << 8))
 
D:/LearnInDepthEmbedded/Drivers/Drivers/STM32_F103C6_Drivers/inc/STM32F103x6.h:198:26: warning: ISO C99 requires whitespace after the macro name
 #define NVIC_IRQ40_EXTI10-15_DISABLE    (NVIC_ICER1 |= (1 << 8))
                          ^
D:/LearnInDepthEmbedded/Drivers/Drivers/STM32_F103C6_Drivers/inc/STM32F103x6.h:198:0: warning: "NVIC_IRQ40_EXTI10" redefined
 #define NVIC_IRQ40_EXTI10-15_DISABLE    (NVIC_ICER1 |= (1 << 8))
 
D:/LearnInDepthEmbedded/Drivers/Drivers/STM32_F103C6_Drivers/inc/STM32F103x6.h:190:0: note: this is the location of the previous definition
 #define NVIC_IRQ40_EXTI10-15_ENABLE     (NVIC_ISER1 |= (1 << 8))
 
arm-none-eabi-gcc -gdwarf-2 -o "Drivers.elf" @"objects.list"   -mcpu=cortex-m3 -T"D:\LearnInDepthEmbedded\Drivers\Drivers\STM32F103C6TX_FLASH.ld" --specs=nosys.specs -Wl,-Map="Drivers.map" -Wl,--gc-sections -static --specs=nano.specs -mfloat-abi=soft -mthumb -Wl,--start-group -lc -lm -Wl,--end-group
Finished building target: Drivers.elf
 
arm-none-eabi-objdump -h -S  Drivers.elf  > "Drivers.list"
arm-none-eabi-objcopy  -O ihex  Drivers.elf  "Drivers.hex"
arm-none-eabi-objcopy  -O binary  Drivers.elf  "Drivers.bin"
arm-none-eabi-size   Drivers.elf 
   text	   data	    bss	    dec	    hex	filename
    584	      8	   1568	   2160	    870	Drivers.elf
Finished building: default.size.stdout
Finished building: Drivers.list
Finished building: Drivers.hex
Finished building: Drivers.bin
 
 
 
 
21:19:40 **** Incremental Build of configuration Debug for project Drivers ****
make -j8 all 
arm-none-eabi-gcc -gdwarf-2 "../Src/main.c" -mcpu=cortex-m3 -std=gnu11 -g3 -DSTM32 -DSTM32F1 -DSTM32F103C6Tx -DDEBUG -c -I../Inc -I"D:/LearnInDepthEmbedded/Drivers/Drivers/STM32_F103C6_Drivers/inc" -O0 -ffunction-sections -fdata-sections -Wall -fstack-usage -MMD -MP -MF"Src/main.d" -MT"Src/main.o" --specs=nano.specs -mfloat-abi=soft -mthumb -o "Src/main.o"
arm-none-eabi-gcc -gdwarf-2 "../STM32_F103C6_Drivers/GPIO/STM32F103C6_GPIO_Driver.c" -mcpu=cortex-m3 -std=gnu11 -g3 -DSTM32 -DSTM32F1 -DSTM32F103C6Tx -DDEBUG -c -I../Inc -I"D:/LearnInDepthEmbedded/Drivers/Drivers/STM32_F103C6_Drivers/inc" -O0 -ffunction-sections -fdata-sections -Wall -fstack-usage -MMD -MP -MF"STM32_F103C6_Drivers/GPIO/STM32F103C6_GPIO_Driver.d" -MT"STM32_F103C6_Drivers/GPIO/STM32F103C6_GPIO_Driver.o" --specs=nano.specs -mfloat-abi=soft -mthumb -o "STM32_F103C6_Drivers/GPIO/STM32F103C6_GPIO_Driver.o"
arm-none-eabi-gcc -gdwarf-2 "../STM32_F103C6_Drivers/EXTI/STM32F103C6_EXTI_Driver.c" -mcpu=cortex-m3 -std=gnu11 -g3 -DSTM32 -DSTM32F1 -DSTM32F103C6Tx -DDEBUG -c -I../Inc -I"D:/LearnInDepthEmbedded/Drivers/Drivers/STM32_F103C6_Drivers/inc" -O0 -ffunction-sections -fdata-sections -Wall -fstack-usage -MMD -MP -MF"STM32_F103C6_Drivers/EXTI/STM32F103C6_EXTI_Driver.d" -MT"STM32_F103C6_Drivers/EXTI/STM32F103C6_EXTI_Driver.o" --specs=nano.specs -mfloat-abi=soft -mthumb -o "STM32_F103C6_Drivers/EXTI/STM32F103C6_EXTI_Driver.o"
../Src/main.c: In function 'main':
../Src/main.c:35:19: warning: variable 't' set but not used [-Wunused-but-set-variable]
  EXTI_PinConfig_t t;
                   ^
arm-none-eabi-gcc -gdwarf-2 -o "Drivers.elf" @"objects.list"   -mcpu=cortex-m3 -T"D:\LearnInDepthEmbedded\Drivers\Drivers\STM32F103C6TX_FLASH.ld" --specs=nosys.specs -Wl,-Map="Drivers.map" -Wl,--gc-sections -static --specs=nano.specs -mfloat-abi=soft -mthumb -Wl,--start-group -lc -lm -Wl,--end-group
Finished building target: Drivers.elf
 
arm-none-eabi-objdump -h -S  Drivers.elf  > "Drivers.list"
arm-none-eabi-objcopy  -O ihex  Drivers.elf  "Drivers.hex"
arm-none-eabi-objcopy  -O binary  Drivers.elf  "Drivers.bin"
arm-none-eabi-size   Drivers.elf 
   text	   data	    bss	    dec	    hex	filename
    584	      8	   1568	   2160	    870	Drivers.elf
Finished building: default.size.stdout
Finished building: Drivers.hex
Finished building: Drivers.list
Finished building: Drivers.bin
 
 
 
 
21:22:59 **** Incremental Build of configuration Debug for project Drivers ****
make -j8 all 
arm-none-eabi-gcc -gdwarf-2 "../STM32_F103C6_Drivers/EXTI/STM32F103C6_EXTI_Driver.c" -mcpu=cortex-m3 -std=gnu11 -g3 -DSTM32 -DSTM32F1 -DSTM32F103C6Tx -DDEBUG -c -I../Inc -I"D:/LearnInDepthEmbedded/Drivers/Drivers/STM32_F103C6_Drivers/inc" -O0 -ffunction-sections -fdata-sections -Wall -fstack-usage -MMD -MP -MF"STM32_F103C6_Drivers/EXTI/STM32F103C6_EXTI_Driver.d" -MT"STM32_F103C6_Drivers/EXTI/STM32F103C6_EXTI_Driver.o" --specs=nano.specs -mfloat-abi=soft -mthumb -o "STM32_F103C6_Drivers/EXTI/STM32F103C6_EXTI_Driver.o"
arm-none-eabi-gcc -gdwarf-2 -o "Drivers.elf" @"objects.list"   -mcpu=cortex-m3 -T"D:\LearnInDepthEmbedded\Drivers\Drivers\STM32F103C6TX_FLASH.ld" --specs=nosys.specs -Wl,-Map="Drivers.map" -Wl,--gc-sections -static --specs=nano.specs -mfloat-abi=soft -mthumb -Wl,--start-group -lc -lm -Wl,--end-group
Finished building target: Drivers.elf
 
arm-none-eabi-objdump -h -S  Drivers.elf  > "Drivers.list"
arm-none-eabi-objcopy  -O ihex  Drivers.elf  "Drivers.hex"
arm-none-eabi-objcopy  -O binary  Drivers.elf  "Drivers.bin"
arm-none-eabi-size   Drivers.elf 
   text	   data	    bss	    dec	    hex	filename
    584	      8	   1568	   2160	    870	Drivers.elf
Finished building: default.size.stdout
Finished building: Drivers.hex
Finished building: Drivers.list
Finished building: Drivers.bin
 
 
 
 
23:23:38 **** Incremental Build of configuration Debug for project Drivers ****
make -j8 all 
arm-none-eabi-gcc -gdwarf-2 "../Src/main.c" -mcpu=cortex-m3 -std=gnu11 -g3 -DSTM32 -DSTM32F1 -DSTM32F103C6Tx -DDEBUG -c -I../Inc -I"D:/LearnInDepthEmbedded/Drivers/Drivers/STM32_F103C6_Drivers/inc" -O0 -ffunction-sections -fdata-sections -Wall -fstack-usage -MMD -MP -MF"Src/main.d" -MT"Src/main.o" --specs=nano.specs -mfloat-abi=soft -mthumb -o "Src/main.o"
arm-none-eabi-gcc -gdwarf-2 "../STM32_F103C6_Drivers/GPIO/STM32F103C6_GPIO_Driver.c" -mcpu=cortex-m3 -std=gnu11 -g3 -DSTM32 -DSTM32F1 -DSTM32F103C6Tx -DDEBUG -c -I../Inc -I"D:/LearnInDepthEmbedded/Drivers/Drivers/STM32_F103C6_Drivers/inc" -O0 -ffunction-sections -fdata-sections -Wall -fstack-usage -MMD -MP -MF"STM32_F103C6_Drivers/GPIO/STM32F103C6_GPIO_Driver.d" -MT"STM32_F103C6_Drivers/GPIO/STM32F103C6_GPIO_Driver.o" --specs=nano.specs -mfloat-abi=soft -mthumb -o "STM32_F103C6_Drivers/GPIO/STM32F103C6_GPIO_Driver.o"
arm-none-eabi-gcc -gdwarf-2 "../STM32_F103C6_Drivers/EXTI/STM32F103C6_EXTI_Driver.c" -mcpu=cortex-m3 -std=gnu11 -g3 -DSTM32 -DSTM32F1 -DSTM32F103C6Tx -DDEBUG -c -I../Inc -I"D:/LearnInDepthEmbedded/Drivers/Drivers/STM32_F103C6_Drivers/inc" -O0 -ffunction-sections -fdata-sections -Wall -fstack-usage -MMD -MP -MF"STM32_F103C6_Drivers/EXTI/STM32F103C6_EXTI_Driver.d" -MT"STM32_F103C6_Drivers/EXTI/STM32F103C6_EXTI_Driver.o" --specs=nano.specs -mfloat-abi=soft -mthumb -o "STM32_F103C6_Drivers/EXTI/STM32F103C6_EXTI_Driver.o"
../Src/main.c: In function 'main':
../Src/main.c:35:19: warning: variable 't' set but not used [-Wunused-but-set-variable]
  EXTI_PinConfig_t t;
                   ^
In file included from D:/LearnInDepthEmbedded/Drivers/Drivers/STM32_F103C6_Drivers/inc/STM32F103C6_EXTI_Driver.h:15:0,
                 from ../STM32_F103C6_Drivers/EXTI/STM32F103C6_EXTI_Driver.c:8:
../STM32_F103C6_Drivers/EXTI/STM32F103C6_EXTI_Driver.c: In function 'update_EXTI':
D:/LearnInDepthEmbedded/Drivers/Drivers/STM32_F103C6_Drivers/inc/STM32F103x6.h:164:42: error: 'FIOA_BASE' undeclared (first use in this function); did you mean 'AFIO_BASE'?
 #define AFIO           ((AFIO_Typedef *) FIOA_BASE)
                                          ^
../STM32_F103C6_Drivers/EXTI/STM32F103C6_EXTI_Driver.c:38:2: note: in expansion of macro 'AFIO'
  AFIO->EXTICR[AFIO_EXTICR_index] &= ~(0xF << AFIO_EXTICR_shiftValue);
  ^~~~
D:/LearnInDepthEmbedded/Drivers/Drivers/STM32_F103C6_Drivers/inc/STM32F103x6.h:164:42: note: each undeclared identifier is reported only once for each function it appears in
 #define AFIO           ((AFIO_Typedef *) FIOA_BASE)
                                          ^
../STM32_F103C6_Drivers/EXTI/STM32F103C6_EXTI_Driver.c:38:2: note: in expansion of macro 'AFIO'
  AFIO->EXTICR[AFIO_EXTICR_index] &= ~(0xF << AFIO_EXTICR_shiftValue);
  ^~~~
../STM32_F103C6_Drivers/EXTI/STM32F103C6_EXTI_Driver.c:31:10: warning: variable 'AFIO_EXTICR_index' set but not used [-Wunused-but-set-variable]
  uint8_t AFIO_EXTICR_index = EXTI_config->EXTI_Pin.EXTI_LineNumber / 4;
          ^~~~~~~~~~~~~~~~~
make: *** [STM32_F103C6_Drivers/EXTI/subdir.mk:18: STM32_F103C6_Drivers/EXTI/STM32F103C6_EXTI_Driver.o] Error 1
"make -j8 all" terminated with exit code 2. Build might be incomplete.
23:24:27 **** Incremental Build of configuration Debug for project Drivers ****
make -j8 all 
arm-none-eabi-gcc -gdwarf-2 "../Src/main.c" -mcpu=cortex-m3 -std=gnu11 -g3 -DSTM32 -DSTM32F1 -DSTM32F103C6Tx -DDEBUG -c -I../Inc -I"D:/LearnInDepthEmbedded/Drivers/Drivers/STM32_F103C6_Drivers/inc" -O0 -ffunction-sections -fdata-sections -Wall -fstack-usage -MMD -MP -MF"Src/main.d" -MT"Src/main.o" --specs=nano.specs -mfloat-abi=soft -mthumb -o "Src/main.o"
arm-none-eabi-gcc -gdwarf-2 "../STM32_F103C6_Drivers/GPIO/STM32F103C6_GPIO_Driver.c" -mcpu=cortex-m3 -std=gnu11 -g3 -DSTM32 -DSTM32F1 -DSTM32F103C6Tx -DDEBUG -c -I../Inc -I"D:/LearnInDepthEmbedded/Drivers/Drivers/STM32_F103C6_Drivers/inc" -O0 -ffunction-sections -fdata-sections -Wall -fstack-usage -MMD -MP -MF"STM32_F103C6_Drivers/GPIO/STM32F103C6_GPIO_Driver.d" -MT"STM32_F103C6_Drivers/GPIO/STM32F103C6_GPIO_Driver.o" --specs=nano.specs -mfloat-abi=soft -mthumb -o "STM32_F103C6_Drivers/GPIO/STM32F103C6_GPIO_Driver.o"
arm-none-eabi-gcc -gdwarf-2 "../STM32_F103C6_Drivers/EXTI/STM32F103C6_EXTI_Driver.c" -mcpu=cortex-m3 -std=gnu11 -g3 -DSTM32 -DSTM32F1 -DSTM32F103C6Tx -DDEBUG -c -I../Inc -I"D:/LearnInDepthEmbedded/Drivers/Drivers/STM32_F103C6_Drivers/inc" -O0 -ffunction-sections -fdata-sections -Wall -fstack-usage -MMD -MP -MF"STM32_F103C6_Drivers/EXTI/STM32F103C6_EXTI_Driver.d" -MT"STM32_F103C6_Drivers/EXTI/STM32F103C6_EXTI_Driver.o" --specs=nano.specs -mfloat-abi=soft -mthumb -o "STM32_F103C6_Drivers/EXTI/STM32F103C6_EXTI_Driver.o"
../Src/main.c: In function 'main':
../Src/main.c:35:19: warning: variable 't' set but not used [-Wunused-but-set-variable]
  EXTI_PinConfig_t t;
                   ^
arm-none-eabi-gcc -gdwarf-2 -o "Drivers.elf" @"objects.list"   -mcpu=cortex-m3 -T"D:\LearnInDepthEmbedded\Drivers\Drivers\STM32F103C6TX_FLASH.ld" --specs=nosys.specs -Wl,-Map="Drivers.map" -Wl,--gc-sections -static --specs=nano.specs -mfloat-abi=soft -mthumb -Wl,--start-group -lc -lm -Wl,--end-group
Finished building target: Drivers.elf
 
arm-none-eabi-objdump -h -S  Drivers.elf  > "Drivers.list"
arm-none-eabi-objcopy  -O ihex  Drivers.elf  "Drivers.hex"
arm-none-eabi-objcopy  -O binary  Drivers.elf  "Drivers.bin"
arm-none-eabi-size   Drivers.elf 
   text	   data	    bss	    dec	    hex	filename
    584	      8	   1568	   2160	    870	Drivers.elf
Finished building: default.size.stdout
Finished building: Drivers.hex
Finished building: Drivers.list
Finished building: Drivers.bin
 
 
 
 
23:34:39 **** Incremental Build of configuration Debug for project Drivers ****
make -j8 all 
arm-none-eabi-gcc -gdwarf-2 "../STM32_F103C6_Drivers/EXTI/STM32F103C6_EXTI_Driver.c" -mcpu=cortex-m3 -std=gnu11 -g3 -DSTM32 -DSTM32F1 -DSTM32F103C6Tx -DDEBUG -c -I../Inc -I"D:/LearnInDepthEmbedded/Drivers/Drivers/STM32_F103C6_Drivers/inc" -O0 -ffunction-sections -fdata-sections -Wall -fstack-usage -MMD -MP -MF"STM32_F103C6_Drivers/EXTI/STM32F103C6_EXTI_Driver.d" -MT"STM32_F103C6_Drivers/EXTI/STM32F103C6_EXTI_Driver.o" --specs=nano.specs -mfloat-abi=soft -mthumb -o "STM32_F103C6_Drivers/EXTI/STM32F103C6_EXTI_Driver.o"
arm-none-eabi-gcc -gdwarf-2 -o "Drivers.elf" @"objects.list"   -mcpu=cortex-m3 -T"D:\LearnInDepthEmbedded\Drivers\Drivers\STM32F103C6TX_FLASH.ld" --specs=nosys.specs -Wl,-Map="Drivers.map" -Wl,--gc-sections -static --specs=nano.specs -mfloat-abi=soft -mthumb -Wl,--start-group -lc -lm -Wl,--end-group
Finished building target: Drivers.elf
 
arm-none-eabi-objdump -h -S  Drivers.elf  > "Drivers.list"
arm-none-eabi-objcopy  -O ihex  Drivers.elf  "Drivers.hex"
arm-none-eabi-objcopy  -O binary  Drivers.elf  "Drivers.bin"
arm-none-eabi-size   Drivers.elf 
   text	   data	    bss	    dec	    hex	filename
    584	      8	   1568	   2160	    870	Drivers.elf
Finished building: default.size.stdout
 
Finished building: Drivers.list
Finished building: Drivers.hex
Finished building: Drivers.bin
 
 
 
00:13:01 **** Incremental Build of configuration Debug for project Drivers ****
make -j8 all 
arm-none-eabi-gcc -gdwarf-2 "../Src/main.c" -mcpu=cortex-m3 -std=gnu11 -g3 -DSTM32 -DSTM32F1 -DSTM32F103C6Tx -DDEBUG -c -I../Inc -I"D:/LearnInDepthEmbedded/Drivers/Drivers/STM32_F103C6_Drivers/inc" -O0 -ffunction-sections -fdata-sections -Wall -fstack-usage -MMD -MP -MF"Src/main.d" -MT"Src/main.o" --specs=nano.specs -mfloat-abi=soft -mthumb -o "Src/main.o"
arm-none-eabi-gcc -gdwarf-2 "../STM32_F103C6_Drivers/EXTI/STM32F103C6_EXTI_Driver.c" -mcpu=cortex-m3 -std=gnu11 -g3 -DSTM32 -DSTM32F1 -DSTM32F103C6Tx -DDEBUG -c -I../Inc -I"D:/LearnInDepthEmbedded/Drivers/Drivers/STM32_F103C6_Drivers/inc" -O0 -ffunction-sections -fdata-sections -Wall -fstack-usage -MMD -MP -MF"STM32_F103C6_Drivers/EXTI/STM32F103C6_EXTI_Driver.d" -MT"STM32_F103C6_Drivers/EXTI/STM32F103C6_EXTI_Driver.o" --specs=nano.specs -mfloat-abi=soft -mthumb -o "STM32_F103C6_Drivers/EXTI/STM32F103C6_EXTI_Driver.o"
../Src/main.c: In function 'main':
../Src/main.c:35:19: warning: variable 't' set but not used [-Wunused-but-set-variable]
  EXTI_PinConfig_t t;
                   ^
arm-none-eabi-gcc -gdwarf-2 -o "Drivers.elf" @"objects.list"   -mcpu=cortex-m3 -T"D:\LearnInDepthEmbedded\Drivers\Drivers\STM32F103C6TX_FLASH.ld" --specs=nosys.specs -Wl,-Map="Drivers.map" -Wl,--gc-sections -static --specs=nano.specs -mfloat-abi=soft -mthumb -Wl,--start-group -lc -lm -Wl,--end-group
Finished building target: Drivers.elf
 
arm-none-eabi-objdump -h -S  Drivers.elf  > "Drivers.list"
arm-none-eabi-objcopy  -O ihex  Drivers.elf  "Drivers.hex"
arm-none-eabi-objcopy  -O binary  Drivers.elf  "Drivers.bin"
arm-none-eabi-size   Drivers.elf 
   text	   data	    bss	    dec	    hex	filename
   1128	      8	   1624	   2760	    ac8	Drivers.elf
Finished building: default.size.stdout
Finished building: Drivers.hex
Finished building: Drivers.list
Finished building: Drivers.bin
 
 
 
 
15:09:32 **** Clean-only build of configuration Debug for project Drivers ****
make -j8 clean 
rm -rf *
 
15:09:33 **** Incremental Build of configuration Debug for project Drivers ****
make -j8 all 
arm-none-eabi-gcc -gdwarf-2 -mcpu=cortex-m3 -g3 -c -x assembler-with-cpp -MMD -MP -MF"Startup/startup_stm32f103c6tx.d" -MT"Startup/startup_stm32f103c6tx.o" --specs=nano.specs -mfloat-abi=soft -mthumb -o "Startup/startup_stm32f103c6tx.o" "../Startup/startup_stm32f103c6tx.s"
arm-none-eabi-gcc -gdwarf-2 "../Src/main.c" -mcpu=cortex-m3 -std=gnu11 -g3 -DSTM32 -DSTM32F1 -DSTM32F103C6Tx -DDEBUG -c -I../Inc -I"D:/LearnInDepthEmbedded/Drivers/Drivers/STM32_F103C6_Drivers/inc" -O0 -ffunction-sections -fdata-sections -Wall -fstack-usage -MMD -MP -MF"Src/main.d" -MT"Src/main.o" --specs=nano.specs -mfloat-abi=soft -mthumb -o "Src/main.o"
arm-none-eabi-gcc -gdwarf-2 "../Src/syscalls.c" -mcpu=cortex-m3 -std=gnu11 -g3 -DSTM32 -DSTM32F1 -DSTM32F103C6Tx -DDEBUG -c -I../Inc -I"D:/LearnInDepthEmbedded/Drivers/Drivers/STM32_F103C6_Drivers/inc" -O0 -ffunction-sections -fdata-sections -Wall -fstack-usage -MMD -MP -MF"Src/syscalls.d" -MT"Src/syscalls.o" --specs=nano.specs -mfloat-abi=soft -mthumb -o "Src/syscalls.o"
arm-none-eabi-gcc -gdwarf-2 "../Src/sysmem.c" -mcpu=cortex-m3 -std=gnu11 -g3 -DSTM32 -DSTM32F1 -DSTM32F103C6Tx -DDEBUG -c -I../Inc -I"D:/LearnInDepthEmbedded/Drivers/Drivers/STM32_F103C6_Drivers/inc" -O0 -ffunction-sections -fdata-sections -Wall -fstack-usage -MMD -MP -MF"Src/sysmem.d" -MT"Src/sysmem.o" --specs=nano.specs -mfloat-abi=soft -mthumb -o "Src/sysmem.o"
arm-none-eabi-gcc -gdwarf-2 "../STM32_F103C6_Drivers/GPIO/STM32F103C6_GPIO_Driver.c" -mcpu=cortex-m3 -std=gnu11 -g3 -DSTM32 -DSTM32F1 -DSTM32F103C6Tx -DDEBUG -c -I../Inc -I"D:/LearnInDepthEmbedded/Drivers/Drivers/STM32_F103C6_Drivers/inc" -O0 -ffunction-sections -fdata-sections -Wall -fstack-usage -MMD -MP -MF"STM32_F103C6_Drivers/GPIO/STM32F103C6_GPIO_Driver.d" -MT"STM32_F103C6_Drivers/GPIO/STM32F103C6_GPIO_Driver.o" --specs=nano.specs -mfloat-abi=soft -mthumb -o "STM32_F103C6_Drivers/GPIO/STM32F103C6_GPIO_Driver.o"
arm-none-eabi-gcc -gdwarf-2 "../STM32_F103C6_Drivers/EXTI/STM32F103C6_EXTI_Driver.c" -mcpu=cortex-m3 -std=gnu11 -g3 -DSTM32 -DSTM32F1 -DSTM32F103C6Tx -DDEBUG -c -I../Inc -I"D:/LearnInDepthEmbedded/Drivers/Drivers/STM32_F103C6_Drivers/inc" -O0 -ffunction-sections -fdata-sections -Wall -fstack-usage -MMD -MP -MF"STM32_F103C6_Drivers/EXTI/STM32F103C6_EXTI_Driver.d" -MT"STM32_F103C6_Drivers/EXTI/STM32F103C6_EXTI_Driver.o" --specs=nano.specs -mfloat-abi=soft -mthumb -o "STM32_F103C6_Drivers/EXTI/STM32F103C6_EXTI_Driver.o"
arm-none-eabi-gcc -gdwarf-2 "../HAL/LCD/lcd.c" -mcpu=cortex-m3 -std=gnu11 -g3 -DSTM32 -DSTM32F1 -DSTM32F103C6Tx -DDEBUG -c -I../Inc -I"D:/LearnInDepthEmbedded/Drivers/Drivers/STM32_F103C6_Drivers/inc" -O0 -ffunction-sections -fdata-sections -Wall -fstack-usage -MMD -MP -MF"HAL/LCD/lcd.d" -MT"HAL/LCD/lcd.o" --specs=nano.specs -mfloat-abi=soft -mthumb -o "HAL/LCD/lcd.o"
arm-none-eabi-gcc -gdwarf-2 "../HAL/Keypad/keypad.c" -mcpu=cortex-m3 -std=gnu11 -g3 -DSTM32 -DSTM32F1 -DSTM32F103C6Tx -DDEBUG -c -I../Inc -I"D:/LearnInDepthEmbedded/Drivers/Drivers/STM32_F103C6_Drivers/inc" -O0 -ffunction-sections -fdata-sections -Wall -fstack-usage -MMD -MP -MF"HAL/Keypad/keypad.d" -MT"HAL/Keypad/keypad.o" --specs=nano.specs -mfloat-abi=soft -mthumb -o "HAL/Keypad/keypad.o"
../HAL/Keypad/keypad.c:8:10: fatal error: keypad.h: No such file or directory
 #include "keypad.h"
          ^~~~~~~~~~
compilation terminated.
../HAL/LCD/lcd.c:7:10: fatal error: lcd.h: No such file or directory
 #include "lcd.h"
          ^~~~~~~
compilation terminated.
make: *** [HAL/LCD/subdir.mk:18: HAL/LCD/lcd.o] Error 1
make: *** Waiting for unfinished jobs....
make: *** [HAL/Keypad/subdir.mk:18: HAL/Keypad/keypad.o] Error 1
../Src/main.c:27:10: fatal error: lcd.h: No such file or directory
 #include "lcd.h"
          ^~~~~~~
compilation terminated.
make: *** [Src/subdir.mk:24: Src/main.o] Error 1
"make -j8 all" terminated with exit code 2. Build might be incomplete.
15:10:38 **** Incremental Build of configuration Debug for project Drivers ****
make -j8 all 
arm-none-eabi-gcc -gdwarf-2 "../Src/main.c" -mcpu=cortex-m3 -std=gnu11 -g3 -DSTM32 -DSTM32F1 -DSTM32F103C6Tx -DDEBUG -c -I../Inc -I"D:/LearnInDepthEmbedded/Drivers/Drivers/HAL/inc" -I"D:/LearnInDepthEmbedded/Drivers/Drivers/STM32_F103C6_Drivers/inc" -O0 -ffunction-sections -fdata-sections -Wall -fstack-usage -MMD -MP -MF"Src/main.d" -MT"Src/main.o" --specs=nano.specs -mfloat-abi=soft -mthumb -o "Src/main.o"
arm-none-eabi-gcc -gdwarf-2 "../Src/syscalls.c" -mcpu=cortex-m3 -std=gnu11 -g3 -DSTM32 -DSTM32F1 -DSTM32F103C6Tx -DDEBUG -c -I../Inc -I"D:/LearnInDepthEmbedded/Drivers/Drivers/HAL/inc" -I"D:/LearnInDepthEmbedded/Drivers/Drivers/STM32_F103C6_Drivers/inc" -O0 -ffunction-sections -fdata-sections -Wall -fstack-usage -MMD -MP -MF"Src/syscalls.d" -MT"Src/syscalls.o" --specs=nano.specs -mfloat-abi=soft -mthumb -o "Src/syscalls.o"
arm-none-eabi-gcc -gdwarf-2 "../Src/sysmem.c" -mcpu=cortex-m3 -std=gnu11 -g3 -DSTM32 -DSTM32F1 -DSTM32F103C6Tx -DDEBUG -c -I../Inc -I"D:/LearnInDepthEmbedded/Drivers/Drivers/HAL/inc" -I"D:/LearnInDepthEmbedded/Drivers/Drivers/STM32_F103C6_Drivers/inc" -O0 -ffunction-sections -fdata-sections -Wall -fstack-usage -MMD -MP -MF"Src/sysmem.d" -MT"Src/sysmem.o" --specs=nano.specs -mfloat-abi=soft -mthumb -o "Src/sysmem.o"
[...]
../STM32_F103C6_Drivers/SPI/STM32F103C6_SPI_Driver.c: In function 'MCAL_SPI_TX_RX':
../STM32_F103C6_Drivers/SPI/STM32F103C6_SPI_Driver.c:334:9: warning: suggest parentheses around operand of '!' or change '&' to '&&' or '!' to '~' [-Wparentheses]
   while(!(SPIx)->SPI_SR & SPI_SR_TXE);
         ^~~~~~~~~~~~~~~
arm-none-eabi-gcc -gdwarf-2 -o "Drivers.elf" @"objects.list"   -mcpu=cortex-m3 -T"D:\LearnInDepthEmbedded\Drivers\Drivers\STM32F103C6TX_FLASH.ld" --specs=nosys.specs -Wl,-Map="Drivers.map" -Wl,--gc-sections -static --specs=nano.specs -mfloat-abi=soft -mthumb -Wl,--start-group -lc -lm -Wl,--end-group
Finished building target: Drivers.elf
 
arm-none-eabi-objdump -h -S  Drivers.elf  > "Drivers.list"
arm-none-eabi-objcopy  -O ihex  Drivers.elf  "Drivers.hex"
arm-none-eabi-objcopy  -O binary  Drivers.elf  "Drivers.bin"
arm-none-eabi-size   Drivers.elf 
   text	   data	    bss	    dec	    hex	filename
   4072	      8	   1696	   5776	   1690	Drivers.elf
Finished building: default.size.stdout
Finished building: Drivers.hex
 
Finished building: Drivers.bin
Finished building: Drivers.list
 
 
 
18:14:31 **** Incremental Build of configuration Debug for project Drivers ****
make -j8 all 
arm-none-eabi-size   Drivers.elf 
   text	   data	    bss	    dec	    hex	filename
   4072	      8	   1696	   5776	   1690	Drivers.elf
Finished building: default.size.stdout
 
18:22:36 **** Incremental Build of configuration Debug for project Drivers ****
make -j8 all 
arm-none-eabi-gcc -gdwarf-2 "../Src/main.c" -mcpu=cortex-m3 -std=gnu11 -g3 -DSTM32 -DSTM32F1 -DSTM32F103C6Tx -DDEBUG -c -I../Inc -I"D:/LearnInDepthEmbedded/Drivers/Drivers/HAL/inc" -I"D:/LearnInDepthEmbedded/Drivers/Drivers/STM32_F103C6_Drivers/inc" -O0 -ffunction-sections -fdata-sections -Wall -fstack-usage -MMD -MP -MF"Src/main.d" -MT"Src/main.o" --specs=nano.specs -mfloat-abi=soft -mthumb -o "Src/main.o"
arm-none-eabi-gcc -gdwarf-2 "../STM32_F103C6_Drivers/USART/STM32F103C6_USART_Driver.c" -mcpu=cortex-m3 -std=gnu11 -g3 -DSTM32 -DSTM32F1 -DSTM32F103C6Tx -DDEBUG -c -I../Inc -I"D:/LearnInDepthEmbedded/Drivers/Drivers/HAL/inc" -I"D:/LearnInDepthEmbedded/Drivers/Drivers/STM32_F103C6_Drivers/inc" -O0 -ffunction-sections -fdata-sections -Wall -fstack-usage -MMD -MP -MF"STM32_F103C6_Drivers/USART/STM32F103C6_USART_Driver.d" -MT"STM32_F103C6_Drivers/USART/STM32F103C6_USART_Driver.o" --specs=nano.specs -mfloat-abi=soft -mthumb -o "STM32_F103C6_Drivers/USART/STM32F103C6_USART_Driver.o"
arm-none-eabi-gcc -gdwarf-2 "../STM32_F103C6_Drivers/SPI/STM32F103C6_SPI_Driver.c" -mcpu=cortex-m3 -std=gnu11 -g3 -DSTM32 -DSTM32F1 -DSTM32F103C6Tx -DDEBUG -c -I../Inc -I"D:/LearnInDepthEmbedded/Drivers/Drivers/HAL/inc" -I"D:/LearnInDepthEmbedded/Drivers/Drivers/STM32_F103C6_Drivers/inc" -O0 -ffunction-sections -fdata-sections -Wall -fstack-usage -MMD -MP -MF"STM32_F103C6_Drivers/SPI/STM32F103C6_SPI_Driver.d" -MT"STM32_F103C6_Drivers/SPI/STM32F103C6_SPI_Driver.o" --specs=nano.specs -mfloat-abi=soft -mthumb -o "STM32_F103C6_Drivers/SPI/STM32F103C6_SPI_Driver.o"
arm-none-eabi-gcc -gdwarf-2 "../STM32_F103C6_Drivers/RCC/STM32F103C6_RCC_Driver.c" -mcpu=cortex-m3 -std=gnu11 -g3 -DSTM32 -DSTM32F1 -DSTM32F103C6Tx -DDEBUG -c -I../Inc -I"D:/LearnInDepthEmbedded/Drivers/Drivers/HAL/inc" -I"D:/LearnInDepthEmbedded/Drivers/Drivers/STM32_F103C6_Drivers/inc" -O0 -ffunction-sections -fdata-sections -Wall -fstack-usage -MMD -MP -MF"STM32_F103C6_Drivers/RCC/STM32F103C6_RCC_Driver.d" -MT"STM32_F103C6_Drivers/RCC/STM32F103C6_RCC_Driver.o" --specs=nano.specs -mfloat-abi=soft -mthumb -o "STM32_F103C6_Drivers/RCC/STM32F103C6_RCC_Driver.o"
arm-none-eabi-gcc -gdwarf-2 "../STM32_F103C6_Drivers/GPIO/STM32F103C6_GPIO_Driver.c" -mcpu=cortex-m3 -std=gnu11 -g3 -DSTM32 -DSTM32F1 -DSTM32F103C6Tx -DDEBUG -c -I../Inc -I"D:/LearnInDepthEmbedded/Drivers/Drivers/HAL/inc" -I"D:/LearnInDepthEmbedded/Drivers/Drivers/STM32_F103C6_Drivers/inc" -O0 -ffunction-sections -fdata-sections -Wall -fstack-usage -MMD -MP -MF"STM32_F103C6_Drivers/GPIO/STM32F103C6_GPIO_Driver.d" -MT"STM32_F103C6_Drivers/GPIO/STM32F103C6_GPIO_Driver.o" --specs=nano.specs -mfloat-abi=soft -mthumb -o "STM32_F103C6_Drivers/GPIO/STM32F103C6_GPIO_Driver.o"
arm-none-eabi-gcc -gdwarf-2 "../STM32_F103C6_Drivers/EXTI/STM32F103C6_EXTI_Driver.c" -mcpu=cortex-m3 -std=gnu11 -g3 -DSTM32 -DSTM32F1 -DSTM32F103C6Tx -DDEBUG -c -I../Inc -I"D:/LearnInDepthEmbedded/Drivers/Drivers/HAL/inc" -I"D:/LearnInDepthEmbedded/Drivers/Drivers/STM32_F103C6_Drivers/inc" -O0 -ffunction-sections -fdata-sections -Wall -fstack-usage -MMD -MP -MF"STM32_F103C6_Drivers/EXTI/STM32F103C6_EXTI_Driver.d" -MT"STM32_F103C6_Drivers/EXTI/STM32F103C6_EXTI_Driver.o" --specs=nano.specs -mfloat-abi=soft -mthumb -o "STM32_F103C6_Drivers/EXTI/STM32F103C6_EXTI_Driver.o"
arm-none-eabi-gcc -gdwarf-2 "../HAL/LCD/lcd.c" -mcpu=cortex-m3 -std=gnu11 -g3 -DSTM32 -DSTM32F1 -DSTM32F103C6Tx -DDEBUG -c -I../Inc -I"D:/LearnInDepthEmbedded/Drivers/Drivers/HAL/inc" -I"D:/LearnInDepthEmbedded/Drivers/Drivers/STM32_F103C6_Drivers/inc" -O0 -ffunction-sections -fdata-sections -Wall -fstack-usage -MMD -MP -MF"HAL/LCD/lcd.d" -MT"HAL/LCD/lcd.o" --specs=nano.specs -mfloat-abi=soft -mthumb -o "HAL/LCD/lcd.o"
arm-none-eabi-gcc -gdwarf-2 "../HAL/Keypad/keypad.c" -mcpu=cortex-m3 -std=gnu11 -g3 -DSTM32 -DSTM32F1 -DSTM32F103C6Tx -DDEBUG -c -I../Inc -I"D:/LearnInDepthEmbedded/Drivers/Drivers/HAL/inc" -I"D:/LearnInDepthEmbedded/Drivers/Drivers/STM32_F103C6_Drivers/inc" -O0 -ffunction-sections -fdata-sections -Wall -fstack-usage -MMD -MP -MF"HAL/Keypad/keypad.d" -MT"HAL/Keypad/keypad.o" --specs=nano.specs -mfloat-abi=soft -mthumb -o "HAL/Keypad/keypad.o"
../Src/main.c: In function 'UART_callback':
../Src/main.c:142:33: warning: passing argument 2 of 'MCAL_USART_recive_data' from incompatible pointer type [-Wincompatible-pointer-types]
  MCAL_USART_recive_data(USART1, &flag, disable);
                                 ^
In file included from ../Src/main.c:32:0:
D:/LearnInDepthEmbedded/Drivers/Drivers/STM32_F103C6_Drivers/inc/STM32F103C6_USART_Driver.h:130:6: note: expected 'uint16_t * {aka short unsigned int *}' but argument is of type 'unsigned char *'
 void MCAL_USART_recive_data(USART_Typedef * USARTX, uint16_t* data, enum polling poll);
      ^~~~~~~~~~~~~~~~~~~~~~
../Src/main.c:143:31: warning: passing argument 2 of 'MCAL_USART_send_data' from incompatible pointer type [-Wincompatible-pointer-types]
  MCAL_USART_send_data(USART1, &flag, enable);
                               ^
In file included from ../Src/main.c:32:0:
D:/LearnInDepthEmbedded/Drivers/Drivers/STM32_F103C6_Drivers/inc/STM32F103C6_USART_Driver.h:129:6: note: expected 'uint16_t * {aka short unsigned int *}' but argument is of type 'unsigned char *'
 void MCAL_USART_send_data(USART_Typedef * USARTX, uint16_t* data, enum polling poll);
      ^~~~~~~~~~~~~~~~~~~~
../Src/main.c:148:23: warning: passing argument 2 of 'MCAL_SPI_TX_RX' from incompatible pointer type [-Wincompatible-pointer-types]
  MCAL_SPI_TX_RX(SPI1, &flag, pollingEnable);
                       ^
../STM32_F103C6_Drivers/SPI/STM32F103C6_SPI_Driver.c: In function 'MCAL_SPI_TX_RX':
../STM32_F103C6_Drivers/SPI/STM32F103C6_SPI_Driver.c:334:9: warning: suggest parentheses around operand of '!' or change '&' to '&&' or '!' to '~' [-Wparentheses]
   while(!(SPIx)->SPI_SR & SPI_SR_TXE);
         ^~~~~~~~~~~~~~~
In file included from ../Src/main.c:33:0:
D:/LearnInDepthEmbedded/Drivers/Drivers/STM32_F103C6_Drivers/inc/STM32F103C6_SPI_Driver.h:133:6: note: expected 'uint16_t * {aka short unsigned int *}' but argument is of type 'unsigned char *'
 void MCAL_SPI_TX_RX(SPI_Typedef * SPIx, uint16_t* data, pollingMechnism pollEn);//For transmitting and receiving at the same time
      ^~~~~~~~~~~~~~
../STM32_F103C6_Drivers/RCC/STM32F103C6_RCC_Driver.c: In function 'MCAL_RCC_getSYSCLKFreq':
../STM32_F103C6_Drivers/RCC/STM32F103C6_RCC_Driver.c:58:1: warning: control reaches end of non-void function [-Wreturn-type]
 }
 ^
arm-none-eabi-gcc -gdwarf-2 -o "Drivers.elf" @"objects.list"   -mcpu=cortex-m3 -T"D:\LearnInDepthEmbedded\Drivers\Drivers\STM32F103C6TX_FLASH.ld" --specs=nosys.specs -Wl,-Map="Drivers.map" -Wl,--gc-sections -static --specs=nano.specs -mfloat-abi=soft -mthumb -Wl,--start-group -lc -lm -Wl,--end-group
Finished building target: Drivers.elf
 
arm-none-eabi-objdump -h -S  Drivers.elf  > "Drivers.list"
arm-none-eabi-objcopy  -O ihex  Drivers.elf  "Drivers.hex"
arm-none-eabi-objcopy  -O binary  Drivers.elf  "Drivers.bin"
arm-none-eabi-size   Drivers.elf 
   text	   data	    bss	    dec	    hex	filename
   4056	      8	   1696	   5760	   1680	Drivers.elf
Finished building: default.size.stdout
Finished building: Drivers.hex
Finished building: Drivers.bin
 
Finished building: Drivers.list
 
 
 
18:28:09 **** Incremental Build of configuration Debug for project Drivers ****
make -j8 all 
arm-none-eabi-gcc -gdwarf-2 "../STM32_F103C6_Drivers/SPI/STM32F103C6_SPI_Driver.c" -mcpu=cortex-m3 -std=gnu11 -g3 -DSTM32 -DSTM32F1 -DSTM32F103C6Tx -DDEBUG -c -I../Inc -I"D:/LearnInDepthEmbedded/Drivers/Drivers/HAL/inc" -I"D:/LearnInDepthEmbedded/Drivers/Drivers/STM32_F103C6_Drivers/inc" -O0 -ffunction-sections -fdata-sections -Wall -fstack-usage -MMD -MP -MF"STM32_F103C6_Drivers/SPI/STM32F103C6_SPI_Driver.d" -MT"STM32_F103C6_Drivers/SPI/STM32F103C6_SPI_Driver.o" --specs=nano.specs -mfloat-abi=soft -mthumb -o "STM32_F103C6_Drivers/SPI/STM32F103C6_SPI_Driver.o"
arm-none-eabi-gcc -gdwarf-2 -o "Drivers.elf" @"objects.list"   -mcpu=cortex-m3 -T"D:\LearnInDepthEmbedded\Drivers\Drivers\STM32F103C6TX_FLASH.ld" --specs=nosys.specs -Wl,-Map="Drivers.map" -Wl,--gc-sections -static --specs=nano.specs -mfloat-abi=soft -mthumb -Wl,--start-group -lc -lm -Wl,--end-group
Finished building target: Drivers.elf
 
arm-none-eabi-objdump -h -S  Drivers.elf  > "Drivers.list"
arm-none-eabi-objcopy  -O ihex  Drivers.elf  "Drivers.hex"
arm-none-eabi-objcopy  -O binary  Drivers.elf  "Drivers.bin"
arm-none-eabi-size   Drivers.elf 
   text	   data	    bss	    dec	    hex	filename
   4140	      8	   1696	   5844	   16d4	Drivers.elf
Finished building: default.size.stdout
Finished building: Drivers.hex
 
Finished building: Drivers.bin
Finished building: Drivers.list
 
 
 
18:34:49 **** Incremental Build of configuration Debug for project Drivers ****
make -j8 all 
arm-none-eabi-gcc -gdwarf-2 "../Src/main.c" -mcpu=cortex-m3 -std=gnu11 -g3 -DSTM32 -DSTM32F1 -DSTM32F103C6Tx -DDEBUG -c -I../Inc -I"D:/LearnInDepthEmbedded/Drivers/Drivers/HAL/inc" -I"D:/LearnInDepthEmbedded/Drivers/Drivers/STM32_F103C6_Drivers/inc" -O0 -ffunction-sections -fdata-sections -Wall -fstack-usage -MMD -MP -MF"Src/main.d" -MT"Src/main.o" --specs=nano.specs -mfloat-abi=soft -mthumb -o "Src/main.o"
../Src/main.c: In function 'UART_callback':
../Src/main.c:173:33: warning: passing argument 2 of 'MCAL_USART_recive_data' from incompatible pointer type [-Wincompatible-pointer-types]
  MCAL_USART_recive_data(USART1, &flag, disable);
                                 ^
In file included from ../Src/main.c:32:0:
D:/LearnInDepthEmbedded/Drivers/Drivers/STM32_F103C6_Drivers/inc/STM32F103C6_USART_Driver.h:130:6: note: expected 'uint16_t * {aka short unsigned int *}' but argument is of type 'unsigned char *'
 void MCAL_USART_recive_data(USART_Typedef * USARTX, uint16_t* data, enum polling poll);
      ^~~~~~~~~~~~~~~~~~~~~~
../Src/main.c:174:31: warning: passing argument 2 of 'MCAL_USART_send_data' from incompatible pointer type [-Wincompatible-pointer-types]
  MCAL_USART_send_data(USART1, &flag, enable);
                               ^
In file included from ../Src/main.c:32:0:
D:/LearnInDepthEmbedded/Drivers/Drivers/STM32_F103C6_Drivers/inc/STM32F103C6_USART_Driver.h:129:6: note: expected 'uint16_t * {aka short unsigned int *}' but argument is of type 'unsigned char *'
 void MCAL_USART_send_data(USART_Typedef * USARTX, uint16_t* data, enum polling poll);
      ^~~~~~~~~~~~~~~~~~~~
../Src/main.c:179:23: warning: passing argument 2 of 'MCAL_SPI_TX_RX' from incompatible pointer type [-Wincompatible-pointer-types]
  MCAL_SPI_TX_RX(SPI1, &flag, pollingEnable);
                       ^
In file included from ../Src/main.c:33:0:
D:/LearnInDepthEmbedded/Drivers/Drivers/STM32_F103C6_Drivers/inc/STM32F103C6_SPI_Driver.h:133:6: note: expected 'uint16_t * {aka short unsigned int *}' but argument is of type 'unsigned char *'
 void MCAL_SPI_TX_RX(SPI_Typedef * SPIx, uint16_t* data, pollingMechnism pollEn);//For transmitting and receiving at the same time
      ^~~~~~~~~~~~~~
arm-none-eabi-gcc -gdwarf-2 -o "Drivers.elf" @"objects.list"   -mcpu=cortex-m3 -T"D:\LearnInDepthEmbedded\Drivers\Drivers\STM32F103C6TX_FLASH.ld" --specs=nosys.specs -Wl,-Map="Drivers.map" -Wl,--gc-sections -static --specs=nano.specs -mfloat-abi=soft -mthumb -Wl,--start-group -lc -lm -Wl,--end-group
Finished building target: Drivers.elf
 
arm-none-eabi-objdump -h -S  Drivers.elf  > "Drivers.list"
arm-none-eabi-objcopy  -O ihex  Drivers.elf  "Drivers.hex"
arm-none-eabi-objcopy  -O binary  Drivers.elf  "Drivers.bin"
arm-none-eabi-size   Drivers.elf 
   text	   data	    bss	    dec	    hex	filename
   4120	      8	   1696	   5824	   16c0	Drivers.elf
Finished building: default.size.stdout
Finished building: Drivers.hex
Finished building: Drivers.bin
Finished building: Drivers.list
 
 
 
 
20:20:58 **** Incremental Build of configuration Debug for project Drivers ****
make -j8 all 
arm-none-eabi-gcc -gdwarf-2 "../Src/main.c" -mcpu=cortex-m3 -std=gnu11 -g3 -DSTM32 -DSTM32F1 -DSTM32F103C6Tx -DDEBUG -c -I../Inc -I"D:/LearnInDepthEmbedded/Drivers/Drivers/HAL/inc" -I"D:/LearnInDepthEmbedded/Drivers/Drivers/STM32_F103C6_Drivers/inc" -O0 -ffunction-sections -fdata-sections -Wall -fstack-usage -MMD -MP -MF"Src/main.d" -MT"Src/main.o" --specs=nano.specs -mfloat-abi=soft -mthumb -o "Src/main.o"
../Src/main.c: In function 'UART_callback':
../Src/main.c:141:33: warning: passing argument 2 of 'MCAL_USART_recive_data' from incompatible pointer type [-Wincompatible-pointer-types]
  MCAL_USART_recive_data(USART1, &flag, disable);
                                 ^
In file included from ../Src/main.c:32:0:
D:/LearnInDepthEmbedded/Drivers/Drivers/STM32_F103C6_Drivers/inc/STM32F103C6_USART_Driver.h:130:6: note: expected 'uint16_t * {aka short unsigned int *}' but argument is of type 'unsigned char *'
 void MCAL_USART_recive_data(USART_Typedef * USARTX, uint16_t* data, enum polling poll);
      ^~~~~~~~~~~~~~~~~~~~~~
../Src/main.c:142:31: warning: passing argument 2 of 'MCAL_USART_send_data' from incompatible pointer type [-Wincompatible-pointer-types]
  MCAL_USART_send_data(USART1, &flag, enable);
                               ^
In file included from ../Src/main.c:32:0:
D:/LearnInDepthEmbedded/Drivers/Drivers/STM32_F103C6_Drivers/inc/STM32F103C6_USART_Driver.h:129:6: note: expected 'uint16_t * {aka short unsigned int *}' but argument is of type 'unsigned char *'
 void MCAL_USART_send_data(USART_Typedef * USARTX, uint16_t* data, enum polling poll);
      ^~~~~~~~~~~~~~~~~~~~
../Src/main.c:147:23: warning: passing argument 2 of 'MCAL_SPI_TX_RX' from incompatible pointer type [-Wincompatible-pointer-types]
  MCAL_SPI_TX_RX(SPI1, &flag, pollingEnable);
                       ^
In file included from ../Src/main.c:33:0:
D:/LearnInDepthEmbedded/Drivers/Drivers/STM32_F103C6_Drivers/inc/STM32F103C6_SPI_Driver.h:133:6: note: expected 'uint16_t * {aka short unsigned int *}' but argument is of type 'unsigned char *'
 void MCAL_SPI_TX_RX(SPI_Typedef * SPIx, uint16_t* data, pollingMechnism pollEn);//For transmitting and receiving at the same time
      ^~~~~~~~~~~~~~
arm-none-eabi-gcc -gdwarf-2 -o "Drivers.elf" @"objects.list"   -mcpu=cortex-m3 -T"D:\LearnInDepthEmbedded\Drivers\Drivers\STM32F103C6TX_FLASH.ld" --specs=nosys.specs -Wl,-Map="Drivers.map" -Wl,--gc-sections -static --specs=nano.specs -mfloat-abi=soft -mthumb -Wl,--start-group -lc -lm -Wl,--end-group
Finished building target: Drivers.elf
 
arm-none-eabi-objdump -h -S  Drivers.elf  > "Drivers.list"
arm-none-eabi-objcopy  -O ihex  Drivers.elf  "Drivers.hex"
arm-none-eabi-objcopy  -O binary  Drivers.elf  "Drivers.bin"
arm-none-eabi-size   Drivers.elf 
   text	   data	    bss	    dec	    hex	filename
   4140	      8	   1696	   5844	   16d4	Drivers.elf
Finished building: default.size.stdout
Finished building: Drivers.bin
Finished building: Drivers.hex
 
Finished building: Drivers.list
 
 
 
20:58:48 **** Incremental Build of configuration Debug for project Drivers ****
make -j8 all 
arm-none-eabi-gcc -gdwarf-2 "../Src/main.c" -mcpu=cortex-m3 -std=gnu11 -g3 -DSTM32 -DSTM32F1 -DSTM32F103C6Tx -DDEBUG -c -I../Inc -I"D:/LearnInDepthEmbedded/Drivers/Drivers/HAL/inc" -I"D:/LearnInDepthEmbedded/Drivers/Drivers/STM32_F103C6_Drivers/inc" -O0 -ffunction-sections -fdata-sections -Wall -fstack-usage -MMD -MP -MF"Src/main.d" -MT"Src/main.o" --specs=nano.specs -mfloat-abi=soft -mthumb -o "Src/main.o"
arm-none-eabi-gcc -gdwarf-2 "../STM32_F103C6_Drivers/SPI/STM32F103C6_SPI_Driver.c" -mcpu=cortex-m3 -std=gnu11 -g3 -DSTM32 -DSTM32F1 -DSTM32F103C6Tx -DDEBUG -c -I../Inc -I"D:/LearnInDepthEmbedded/Drivers/Drivers/HAL/inc" -I"D:/LearnInDepthEmbedded/Drivers/Drivers/STM32_F103C6_Drivers/inc" -O0 -ffunction-sections -fdata-sections -Wall -fstack-usage -MMD -MP -MF"STM32_F103C6_Drivers/SPI/STM32F103C6_SPI_Driver.d" -MT"STM32_F103C6_Drivers/SPI/STM32F103C6_SPI_Driver.o" --specs=nano.specs -mfloat-abi=soft -mthumb -o "STM32_F103C6_Drivers/SPI/STM32F103C6_SPI_Driver.o"
../Src/main.c: In function 'SPI_init':
../Src/main.c:106:19: warning: unused variable 'pinConfig' [-Wunused-variable]
  GPIO_pinConfig_t pinConfig;
                   ^~~~~~~~~
../Src/main.c: In function 'SPI_irq_callback':
../Src/main.c:168:24: warning: passing argument 2 of 'MCAL_SPI_TX_RX' from incompatible pointer type [-Wincompatible-pointer-types]
   MCAL_SPI_TX_RX(SPI1, &flag, pollingDisable);
                        ^
In file included from ../Src/main.c:33:0:
D:/LearnInDepthEmbedded/Drivers/Drivers/STM32_F103C6_Drivers/inc/STM32F103C6_SPI_Driver.h:133:6: note: expected 'uint16_t * {aka short unsigned int *}' but argument is of type 'unsigned char *'
 void MCAL_SPI_TX_RX(SPI_Typedef * SPIx, uint16_t* data, pollingMechnism pollEn);//For transmitting and receiving at the same time
      ^~~~~~~~~~~~~~
../Src/main.c:169:32: warning: passing argument 2 of 'MCAL_USART_send_data' from incompatible pointer type [-Wincompatible-pointer-types]
   MCAL_USART_send_data(USART1, &flag, enable);
                                ^
In file included from ../Src/main.c:32:0:
D:/LearnInDepthEmbedded/Drivers/Drivers/STM32_F103C6_Drivers/inc/STM32F103C6_USART_Driver.h:129:6: note: expected 'uint16_t * {aka short unsigned int *}' but argument is of type 'unsigned char *'
 void MCAL_USART_send_data(USART_Typedef * USARTX, uint16_t* data, enum polling poll);
      ^~~~~~~~~~~~~~~~~~~~
arm-none-eabi-gcc -gdwarf-2 -o "Drivers.elf" @"objects.list"   -mcpu=cortex-m3 -T"D:\LearnInDepthEmbedded\Drivers\Drivers\STM32F103C6TX_FLASH.ld" --specs=nosys.specs -Wl,-Map="Drivers.map" -Wl,--gc-sections -static --specs=nano.specs -mfloat-abi=soft -mthumb -Wl,--start-group -lc -lm -Wl,--end-group
Finished building target: Drivers.elf
 
arm-none-eabi-objdump -h -S  Drivers.elf  > "Drivers.list"
arm-none-eabi-objcopy  -O ihex  Drivers.elf  "Drivers.hex"
arm-none-eabi-objcopy  -O binary  Drivers.elf  "Drivers.bin"
arm-none-eabi-size   Drivers.elf 
   text	   data	    bss	    dec	    hex	filename
   4036	      8	   1696	   5740	   166c	Drivers.elf
Finished building: Drivers.bin
Finished building: Drivers.hex
Finished building: default.size.stdout
 
 
 
Finished building: Drivers.list
 
