Archive member included to satisfy reference by file (symbol)

d:/learnindepthembedded/tools/cube ide/stm32cubeide_1.4.0/stm32cubeide/plugins/com.st.stm32cube.ide.mcu.externaltools.gnu-tools-for-stm32.7-2018-q2-update.win32_1.4.0.202007081208/tools/bin/../lib/gcc/arm-none-eabi/7.3.1/../../../../arm-none-eabi/lib/thumb/v7-m\libc_nano.a(lib_a-errno.o)
                              Src/syscalls.o (__errno)
d:/learnindepthembedded/tools/cube ide/stm32cubeide_1.4.0/stm32cubeide/plugins/com.st.stm32cube.ide.mcu.externaltools.gnu-tools-for-stm32.7-2018-q2-update.win32_1.4.0.202007081208/tools/bin/../lib/gcc/arm-none-eabi/7.3.1/../../../../arm-none-eabi/lib/thumb/v7-m\libc_nano.a(lib_a-exit.o)
                              d:/learnindepthembedded/tools/cube ide/stm32cubeide_1.4.0/stm32cubeide/plugins/com.st.stm32cube.ide.mcu.externaltools.gnu-tools-for-stm32.7-2018-q2-update.win32_1.4.0.202007081208/tools/bin/../lib/gcc/arm-none-eabi/7.3.1/../../../../arm-none-eabi/lib/thumb/v7-m/crt0.o (exit)
d:/learnindepthembedded/tools/cube ide/stm32cubeide_1.4.0/stm32cubeide/plugins/com.st.stm32cube.ide.mcu.externaltools.gnu-tools-for-stm32.7-2018-q2-update.win32_1.4.0.202007081208/tools/bin/../lib/gcc/arm-none-eabi/7.3.1/../../../../arm-none-eabi/lib/thumb/v7-m\libc_nano.a(lib_a-impure.o)
                              d:/learnindepthembedded/tools/cube ide/stm32cubeide_1.4.0/stm32cubeide/plugins/com.st.stm32cube.ide.mcu.externaltools.gnu-tools-for-stm32.7-2018-q2-update.win32_1.4.0.202007081208/tools/bin/../lib/gcc/arm-none-eabi/7.3.1/../../../../arm-none-eabi/lib/thumb/v7-m\libc_nano.a(lib_a-exit.o) (_global_impure_ptr)
d:/learnindepthembedded/tools/cube ide/stm32cubeide_1.4.0/stm32cubeide/plugins/com.st.stm32cube.ide.mcu.externaltools.gnu-tools-for-stm32.7-2018-q2-update.win32_1.4.0.202007081208/tools/bin/../lib/gcc/arm-none-eabi/7.3.1/../../../../arm-none-eabi/lib/thumb/v7-m\libc_nano.a(lib_a-init.o)
                              d:/learnindepthembedded/tools/cube ide/stm32cubeide_1.4.0/stm32cubeide/plugins/com.st.stm32cube.ide.mcu.externaltools.gnu-tools-for-stm32.7-2018-q2-update.win32_1.4.0.202007081208/tools/bin/../lib/gcc/arm-none-eabi/7.3.1/../../../../arm-none-eabi/lib/thumb/v7-m/crt0.o (__libc_init_array)
d:/learnindepthembedded/tools/cube ide/stm32cubeide_1.4.0/stm32cubeide/plugins/com.st.stm32cube.ide.mcu.externaltools.gnu-tools-for-stm32.7-2018-q2-update.win32_1.4.0.202007081208/tools/bin/../lib/gcc/arm-none-eabi/7.3.1/../../../../arm-none-eabi/lib/thumb/v7-m\libc_nano.a(lib_a-memset.o)
                              d:/learnindepthembedded/tools/cube ide/stm32cubeide_1.4.0/stm32cubeide/plugins/com.st.stm32cube.ide.mcu.externaltools.gnu-tools-for-stm32.7-2018-q2-update.win32_1.4.0.202007081208/tools/bin/../lib/gcc/arm-none-eabi/7.3.1/../../../../arm-none-eabi/lib/thumb/v7-m/crt0.o (memset)

Allocating common symbols
Common symbol       size              file

pinConfig           0x4               HAL/Keypad/keypad.o
GP_IRQ_Callback     0x3c              STM32_F103C6_Drivers/EXTI/STM32F103C6_EXTI_Driver.o

Discarded input sections

 .text          0x0000000000000000        0x0 d:/learnindepthembedded/tools/cube ide/stm32cubeide_1.4.0/stm32cubeide/plugins/com.st.stm32cube.ide.mcu.externaltools.gnu-tools-for-stm32.7-2018-q2-update.win32_1.4.0.202007081208/tools/bin/../lib/gcc/arm-none-eabi/7.3.1/thumb/v7-m/crti.o
 .data          0x0000000000000000        0x0 d:/learnindepthembedded/tools/cube ide/stm32cubeide_1.4.0/stm32cubeide/plugins/com.st.stm32cube.ide.mcu.externaltools.gnu-tools-for-stm32.7-2018-q2-update.win32_1.4.0.202007081208/tools/bin/../lib/gcc/arm-none-eabi/7.3.1/thumb/v7-m/crti.o
 .bss           0x0000000000000000        0x0 d:/learnindepthembedded/tools/cube ide/stm32cubeide_1.4.0/stm32cubeide/plugins/com.st.stm32cube.ide.mcu.externaltools.gnu-tools-for-stm32.7-2018-q2-update.win32_1.4.0.202007081208/tools/bin/../lib/gcc/arm-none-eabi/7.3.1/thumb/v7-m/crti.o
 .data          0x0000000000000000        0x4 d:/learnindepthembedded/tools/cube ide/stm32cubeide_1.4.0/stm32cubeide/plugins/com.st.stm32cube.ide.mcu.externaltools.gnu-tools-for-stm32.7-2018-q2-update.win32_1.4.0.202007081208/tools/bin/../lib/gcc/arm-none-eabi/7.3.1/thumb/v7-m/crtbegin.o
 .text          0x0000000000000000       0x74 d:/learnindepthembedded/tools/cube ide/stm32cubeide_1.4.0/stm32cubeide/plugins/com.st.stm32cube.ide.mcu.externaltools.gnu-tools-for-stm32.7-2018-q2-update.win32_1.4.0.202007081208/tools/bin/../lib/gcc/arm-none-eabi/7.3.1/../../../../arm-none-eabi/lib/thumb/v7-m/crt0.o
 .data          0x0000000000000000        0x0 d:/learnindepthembedded/tools/cube ide/stm32cubeide_1.4.0/stm32cubeide/plugins/com.st.stm32cube.ide.mcu.externaltools.gnu-tools-for-stm32.7-2018-q2-update.win32_1.4.0.202007081208/tools/bin/../lib/gcc/arm-none-eabi/7.3.1/../../../../arm-none-eabi/lib/thumb/v7-m/crt0.o
 .bss           0x0000000000000000        0x0 d:/learnindepthembedded/tools/cube ide/stm32cubeide_1.4.0/stm32cubeide/plugins/com.st.stm32cube.ide.mcu.externaltools.gnu-tools-for-stm32.7-2018-q2-update.win32_1.4.0.202007081208/tools/bin/../lib/gcc/arm-none-eabi/7.3.1/../../../../arm-none-eabi/lib/thumb/v7-m/crt0.o
 .ARM.extab     0x0000000000000000        0x0 d:/learnindepthembedded/tools/cube ide/stm32cubeide_1.4.0/stm32cubeide/plugins/com.st.stm32cube.ide.mcu.externaltools.gnu-tools-for-stm32.7-2018-q2-update.win32_1.4.0.202007081208/tools/bin/../lib/gcc/arm-none-eabi/7.3.1/../../../../arm-none-eabi/lib/thumb/v7-m/crt0.o
 .ARM.exidx     0x0000000000000000        0x8 d:/learnindepthembedded/tools/cube ide/stm32cubeide_1.4.0/stm32cubeide/plugins/com.st.stm32cube.ide.mcu.externaltools.gnu-tools-for-stm32.7-2018-q2-update.win32_1.4.0.202007081208/tools/bin/../lib/gcc/arm-none-eabi/7.3.1/../../../../arm-none-eabi/lib/thumb/v7-m/crt0.o
 .ARM.attributes
                0x0000000000000000       0x1b d:/learnindepthembedded/tools/cube ide/stm32cubeide_1.4.0/stm32cubeide/plugins/com.st.stm32cube.ide.mcu.externaltools.gnu-tools-for-stm32.7-2018-q2-update.win32_1.4.0.202007081208/tools/bin/../lib/gcc/arm-none-eabi/7.3.1/../../../../arm-none-eabi/lib/thumb/v7-m/crt0.o
 .group         0x0000000000000000        0xc HAL/Keypad/keypad.o
 .group         0x0000000000000000        0xc HAL/Keypad/keypad.o
 .group         0x0000000000000000        0xc HAL/Keypad/keypad.o
 .group         0x0000000000000000        0xc HAL/Keypad/keypad.o
 .group         0x0000000000000000        0xc HAL/Keypad/keypad.o
 .group         0x0000000000000000        0xc HAL/Keypad/keypad.o
 .group         0x0000000000000000        0xc HAL/Keypad/keypad.o
 .group         0x0000000000000000        0xc HAL/Keypad/keypad.o
 .group         0x0000000000000000        0xc HAL/Keypad/keypad.o
 .group         0x0000000000000000        0xc HAL/Keypad/keypad.o
 .group         0x0000000000000000        0xc HAL/Keypad/keypad.o
 .group         0x0000000000000000        0xc HAL/Keypad/keypad.o
 .group         0x0000000000000000        0xc HAL/Keypad/keypad.o
 .group         0x0000000000000000        0xc HAL/Keypad/keypad.o
 .group         0x0000000000000000        0xc HAL/Keypad/keypad.o
 .group         0x0000000000000000        0xc HAL/Keypad/keypad.o
 .group         0x0000000000000000        0xc HAL/Keypad/keypad.o
 .group         0x0000000000000000        0xc HAL/Keypad/keypad.o
 .group         0x0000000000000000        0xc HAL/Keypad/keypad.o
 .group         0x0000000000000000        0xc HAL/Keypad/keypad.o
 .group         0x0000000000000000        0xc HAL/Keypad/keypad.o
 .group         0x0000000000000000        0xc HAL/Keypad/keypad.o
 .group         0x0000000000000000        0xc HAL/Keypad/keypad.o
 .group         0x0000000000000000        0xc HAL/Keypad/keypad.o
 .group         0x0000000000000000        0xc HAL/Keypad/keypad.o
 .group         0x0000000000000000        0xc HAL/Keypad/keypad.o
 .text          0x0000000000000000        0x0 HAL/Keypad/keypad.o
 .data          0x0000000000000000        0x0 HAL/Keypad/keypad.o
 .bss           0x0000000000000000        0x0 HAL/Keypad/keypad.o
 .data.keypadRows
                0x0000000000000000       0x10 HAL/Keypad/keypad.o
 .data.keypadCols
                0x0000000000000000       0x10 HAL/Keypad/keypad.o
 .text.KEYPAD_INIT
                0x0000000000000000      0x104 HAL/Keypad/keypad.o
 .text.KEYPAD_GET_CHAR
                0x0000000000000000      0x180 HAL/Keypad/keypad.o
 .group         0x0000000000000000        0xc HAL/LCD/lcd.o
 .group         0x0000000000000000        0xc HAL/LCD/lcd.o
 .group         0x0000000000000000        0xc HAL/LCD/lcd.o
 .group         0x0000000000000000        0xc HAL/LCD/lcd.o
 .group         0x0000000000000000        0xc HAL/LCD/lcd.o
 .group         0x0000000000000000        0xc HAL/LCD/lcd.o
 .group         0x0000000000000000        0xc HAL/LCD/lcd.o
 .group         0x0000000000000000        0xc HAL/LCD/lcd.o
 .group         0x0000000000000000        0xc HAL/LCD/lcd.o
 .group         0x0000000000000000        0xc HAL/LCD/lcd.o
 .group         0x0000000000000000        0xc HAL/LCD/lcd.o
 .group         0x0000000000000000        0xc HAL/LCD/lcd.o
 .group         0x0000000000000000        0xc HAL/LCD/lcd.o
 .group         0x0000000000000000        0xc HAL/LCD/lcd.o
 .group         0x0000000000000000        0xc HAL/LCD/lcd.o
 .group         0x0000000000000000        0xc HAL/LCD/lcd.o
 .group         0x0000000000000000        0xc HAL/LCD/lcd.o
 .group         0x0000000000000000        0xc HAL/LCD/lcd.o
 .group         0x0000000000000000        0xc HAL/LCD/lcd.o
 .group         0x0000000000000000        0xc HAL/LCD/lcd.o
 .group         0x0000000000000000        0xc HAL/LCD/lcd.o
 .group         0x0000000000000000        0xc HAL/LCD/lcd.o
 .group         0x0000000000000000        0xc HAL/LCD/lcd.o
 .group         0x0000000000000000        0xc HAL/LCD/lcd.o
 .group         0x0000000000000000        0xc HAL/LCD/lcd.o
 .text          0x0000000000000000        0x0 HAL/LCD/lcd.o
 .data          0x0000000000000000        0x0 HAL/LCD/lcd.o
 .bss           0x0000000000000000        0x0 HAL/LCD/lcd.o
 .text.LCD_isBusy
                0x0000000000000000       0x3c HAL/LCD/lcd.o
 .text.config_dataIN_ports
                0x0000000000000000       0xb0 HAL/LCD/lcd.o
 .debug_macro   0x0000000000000000      0xa60 HAL/LCD/lcd.o
 .debug_macro   0x0000000000000000       0x18 HAL/LCD/lcd.o
 .debug_macro   0x0000000000000000       0x22 HAL/LCD/lcd.o
 .debug_macro   0x0000000000000000       0x40 HAL/LCD/lcd.o
 .debug_macro   0x0000000000000000       0x94 HAL/LCD/lcd.o
 .debug_macro   0x0000000000000000       0x3c HAL/LCD/lcd.o
 .debug_macro   0x0000000000000000       0x34 HAL/LCD/lcd.o
 .debug_macro   0x0000000000000000       0x16 HAL/LCD/lcd.o
 .debug_macro   0x0000000000000000      0x10e HAL/LCD/lcd.o
 .debug_macro   0x0000000000000000       0x8d HAL/LCD/lcd.o
 .debug_macro   0x0000000000000000       0x57 HAL/LCD/lcd.o
 .debug_macro   0x0000000000000000       0x52 HAL/LCD/lcd.o
 .debug_macro   0x0000000000000000       0x1f HAL/LCD/lcd.o
 .debug_macro   0x0000000000000000       0x43 HAL/LCD/lcd.o
 .debug_macro   0x0000000000000000       0x20 HAL/LCD/lcd.o
 .debug_macro   0x0000000000000000      0x1a3 HAL/LCD/lcd.o
 .debug_macro   0x0000000000000000      0x330 HAL/LCD/lcd.o
 .debug_macro   0x0000000000000000       0x16 HAL/LCD/lcd.o
 .debug_macro   0x0000000000000000       0x29 HAL/LCD/lcd.o
 .debug_macro   0x0000000000000000       0xef HAL/LCD/lcd.o
 .debug_macro   0x0000000000000000       0x6a HAL/LCD/lcd.o
 .debug_macro   0x0000000000000000      0x1df HAL/LCD/lcd.o
 .debug_macro   0x0000000000000000      0x1b0 HAL/LCD/lcd.o
 .debug_macro   0x0000000000000000       0xd0 HAL/LCD/lcd.o
 .group         0x0000000000000000        0xc STM32_F103C6_Drivers/EXTI/STM32F103C6_EXTI_Driver.o
 .group         0x0000000000000000        0xc STM32_F103C6_Drivers/EXTI/STM32F103C6_EXTI_Driver.o
 .group         0x0000000000000000        0xc STM32_F103C6_Drivers/EXTI/STM32F103C6_EXTI_Driver.o
 .group         0x0000000000000000        0xc STM32_F103C6_Drivers/EXTI/STM32F103C6_EXTI_Driver.o
 .group         0x0000000000000000        0xc STM32_F103C6_Drivers/EXTI/STM32F103C6_EXTI_Driver.o
 .group         0x0000000000000000        0xc STM32_F103C6_Drivers/EXTI/STM32F103C6_EXTI_Driver.o
 .group         0x0000000000000000        0xc STM32_F103C6_Drivers/EXTI/STM32F103C6_EXTI_Driver.o
 .group         0x0000000000000000        0xc STM32_F103C6_Drivers/EXTI/STM32F103C6_EXTI_Driver.o
 .group         0x0000000000000000        0xc STM32_F103C6_Drivers/EXTI/STM32F103C6_EXTI_Driver.o
 .group         0x0000000000000000        0xc STM32_F103C6_Drivers/EXTI/STM32F103C6_EXTI_Driver.o
 .group         0x0000000000000000        0xc STM32_F103C6_Drivers/EXTI/STM32F103C6_EXTI_Driver.o
 .group         0x0000000000000000        0xc STM32_F103C6_Drivers/EXTI/STM32F103C6_EXTI_Driver.o
 .group         0x0000000000000000        0xc STM32_F103C6_Drivers/EXTI/STM32F103C6_EXTI_Driver.o
 .group         0x0000000000000000        0xc STM32_F103C6_Drivers/EXTI/STM32F103C6_EXTI_Driver.o
 .group         0x0000000000000000        0xc STM32_F103C6_Drivers/EXTI/STM32F103C6_EXTI_Driver.o
 .group         0x0000000000000000        0xc STM32_F103C6_Drivers/EXTI/STM32F103C6_EXTI_Driver.o
 .group         0x0000000000000000        0xc STM32_F103C6_Drivers/EXTI/STM32F103C6_EXTI_Driver.o
 .group         0x0000000000000000        0xc STM32_F103C6_Drivers/EXTI/STM32F103C6_EXTI_Driver.o
 .group         0x0000000000000000        0xc STM32_F103C6_Drivers/EXTI/STM32F103C6_EXTI_Driver.o
 .group         0x0000000000000000        0xc STM32_F103C6_Drivers/EXTI/STM32F103C6_EXTI_Driver.o
 .group         0x0000000000000000        0xc STM32_F103C6_Drivers/EXTI/STM32F103C6_EXTI_Driver.o
 .group         0x0000000000000000        0xc STM32_F103C6_Drivers/EXTI/STM32F103C6_EXTI_Driver.o
 .group         0x0000000000000000        0xc STM32_F103C6_Drivers/EXTI/STM32F103C6_EXTI_Driver.o
 .group         0x0000000000000000        0xc STM32_F103C6_Drivers/EXTI/STM32F103C6_EXTI_Driver.o
 .group         0x0000000000000000        0xc STM32_F103C6_Drivers/EXTI/STM32F103C6_EXTI_Driver.o
 .text          0x0000000000000000        0x0 STM32_F103C6_Drivers/EXTI/STM32F103C6_EXTI_Driver.o
 .data          0x0000000000000000        0x0 STM32_F103C6_Drivers/EXTI/STM32F103C6_EXTI_Driver.o
 .bss           0x0000000000000000        0x0 STM32_F103C6_Drivers/EXTI/STM32F103C6_EXTI_Driver.o
 .text.MCAL_EXTI_GPIO_deinit
                0x0000000000000000       0x94 STM32_F103C6_Drivers/EXTI/STM32F103C6_EXTI_Driver.o
 .text.MCAL_EXTI_GPIO_update
                0x0000000000000000       0x16 STM32_F103C6_Drivers/EXTI/STM32F103C6_EXTI_Driver.o
 .debug_macro   0x0000000000000000      0xa60 STM32_F103C6_Drivers/EXTI/STM32F103C6_EXTI_Driver.o
 .debug_macro   0x0000000000000000       0x18 STM32_F103C6_Drivers/EXTI/STM32F103C6_EXTI_Driver.o
 .debug_macro   0x0000000000000000       0x22 STM32_F103C6_Drivers/EXTI/STM32F103C6_EXTI_Driver.o
 .debug_macro   0x0000000000000000       0x40 STM32_F103C6_Drivers/EXTI/STM32F103C6_EXTI_Driver.o
 .debug_macro   0x0000000000000000       0x94 STM32_F103C6_Drivers/EXTI/STM32F103C6_EXTI_Driver.o
 .debug_macro   0x0000000000000000       0x3c STM32_F103C6_Drivers/EXTI/STM32F103C6_EXTI_Driver.o
 .debug_macro   0x0000000000000000       0x34 STM32_F103C6_Drivers/EXTI/STM32F103C6_EXTI_Driver.o
 .debug_macro   0x0000000000000000       0x16 STM32_F103C6_Drivers/EXTI/STM32F103C6_EXTI_Driver.o
 .debug_macro   0x0000000000000000      0x10e STM32_F103C6_Drivers/EXTI/STM32F103C6_EXTI_Driver.o
 .debug_macro   0x0000000000000000       0x8d STM32_F103C6_Drivers/EXTI/STM32F103C6_EXTI_Driver.o
 .debug_macro   0x0000000000000000       0x57 STM32_F103C6_Drivers/EXTI/STM32F103C6_EXTI_Driver.o
 .debug_macro   0x0000000000000000       0x52 STM32_F103C6_Drivers/EXTI/STM32F103C6_EXTI_Driver.o
 .debug_macro   0x0000000000000000       0x1f STM32_F103C6_Drivers/EXTI/STM32F103C6_EXTI_Driver.o
 .debug_macro   0x0000000000000000       0x43 STM32_F103C6_Drivers/EXTI/STM32F103C6_EXTI_Driver.o
 .debug_macro   0x0000000000000000       0x20 STM32_F103C6_Drivers/EXTI/STM32F103C6_EXTI_Driver.o
 .debug_macro   0x0000000000000000      0x1a3 STM32_F103C6_Drivers/EXTI/STM32F103C6_EXTI_Driver.o
 .debug_macro   0x0000000000000000      0x330 STM32_F103C6_Drivers/EXTI/STM32F103C6_EXTI_Driver.o
 .debug_macro   0x0000000000000000       0x16 STM32_F103C6_Drivers/EXTI/STM32F103C6_EXTI_Driver.o
 .debug_macro   0x0000000000000000       0x29 STM32_F103C6_Drivers/EXTI/STM32F103C6_EXTI_Driver.o
 .debug_macro   0x0000000000000000       0xef STM32_F103C6_Drivers/EXTI/STM32F103C6_EXTI_Driver.o
 .debug_macro   0x0000000000000000       0x6a STM32_F103C6_Drivers/EXTI/STM32F103C6_EXTI_Driver.o
 .debug_macro   0x0000000000000000      0x1df STM32_F103C6_Drivers/EXTI/STM32F103C6_EXTI_Driver.o
 .debug_macro   0x0000000000000000      0x1b0 STM32_F103C6_Drivers/EXTI/STM32F103C6_EXTI_Driver.o
 .group         0x0000000000000000        0xc STM32_F103C6_Drivers/GPIO/STM32F103C6_GPIO_Driver.o
 .group         0x0000000000000000        0xc STM32_F103C6_Drivers/GPIO/STM32F103C6_GPIO_Driver.o
 .group         0x0000000000000000        0xc STM32_F103C6_Drivers/GPIO/STM32F103C6_GPIO_Driver.o
 .group         0x0000000000000000        0xc STM32_F103C6_Drivers/GPIO/STM32F103C6_GPIO_Driver.o
 .group         0x0000000000000000        0xc STM32_F103C6_Drivers/GPIO/STM32F103C6_GPIO_Driver.o
 .group         0x0000000000000000        0xc STM32_F103C6_Drivers/GPIO/STM32F103C6_GPIO_Driver.o
 .group         0x0000000000000000        0xc STM32_F103C6_Drivers/GPIO/STM32F103C6_GPIO_Driver.o
 .group         0x0000000000000000        0xc STM32_F103C6_Drivers/GPIO/STM32F103C6_GPIO_Driver.o
 .group         0x0000000000000000        0xc STM32_F103C6_Drivers/GPIO/STM32F103C6_GPIO_Driver.o
 .group         0x0000000000000000        0xc STM32_F103C6_Drivers/GPIO/STM32F103C6_GPIO_Driver.o
 .group         0x0000000000000000        0xc STM32_F103C6_Drivers/GPIO/STM32F103C6_GPIO_Driver.o
 .group         0x0000000000000000        0xc STM32_F103C6_Drivers/GPIO/STM32F103C6_GPIO_Driver.o
 .group         0x0000000000000000        0xc STM32_F103C6_Drivers/GPIO/STM32F103C6_GPIO_Driver.o
 .group         0x0000000000000000        0xc STM32_F103C6_Drivers/GPIO/STM32F103C6_GPIO_Driver.o
 .group         0x0000000000000000        0xc STM32_F103C6_Drivers/GPIO/STM32F103C6_GPIO_Driver.o
 .group         0x0000000000000000        0xc STM32_F103C6_Drivers/GPIO/STM32F103C6_GPIO_Driver.o
 .group         0x0000000000000000        0xc STM32_F103C6_Drivers/GPIO/STM32F103C6_GPIO_Driver.o
 .group         0x0000000000000000        0xc STM32_F103C6_Drivers/GPIO/STM32F103C6_GPIO_Driver.o
 .group         0x0000000000000000        0xc STM32_F103C6_Drivers/GPIO/STM32F103C6_GPIO_Driver.o
 .group         0x0000000000000000        0xc STM32_F103C6_Drivers/GPIO/STM32F103C6_GPIO_Driver.o
 .group         0x0000000000000000        0xc STM32_F103C6_Drivers/GPIO/STM32F103C6_GPIO_Driver.o
 .group         0x0000000000000000        0xc STM32_F103C6_Drivers/GPIO/STM32F103C6_GPIO_Driver.o
 .group         0x0000000000000000        0xc STM32_F103C6_Drivers/GPIO/STM32F103C6_GPIO_Driver.o
 .group         0x0000000000000000        0xc STM32_F103C6_Drivers/GPIO/STM32F103C6_GPIO_Driver.o
 .text          0x0000000000000000        0x0 STM32_F103C6_Drivers/GPIO/STM32F103C6_GPIO_Driver.o
 .data          0x0000000000000000        0x0 STM32_F103C6_Drivers/GPIO/STM32F103C6_GPIO_Driver.o
 .bss           0x0000000000000000        0x0 STM32_F103C6_Drivers/GPIO/STM32F103C6_GPIO_Driver.o
 .text.MCAL_GPIO_deInit
                0x0000000000000000       0xd4 STM32_F103C6_Drivers/GPIO/STM32F103C6_GPIO_Driver.o
 .text.MCAL_GPIO_readPin
                0x0000000000000000       0x28 STM32_F103C6_Drivers/GPIO/STM32F103C6_GPIO_Driver.o
 .text.MCAL_GPIO_togglePin
                0x0000000000000000       0x22 STM32_F103C6_Drivers/GPIO/STM32F103C6_GPIO_Driver.o
 .text.MCAL_GPIO_lockPin
                0x0000000000000000       0x4e STM32_F103C6_Drivers/GPIO/STM32F103C6_GPIO_Driver.o
 .debug_macro   0x0000000000000000      0xa60 STM32_F103C6_Drivers/GPIO/STM32F103C6_GPIO_Driver.o
 .debug_macro   0x0000000000000000       0x18 STM32_F103C6_Drivers/GPIO/STM32F103C6_GPIO_Driver.o
 .debug_macro   0x0000000000000000       0x22 STM32_F103C6_Drivers/GPIO/STM32F103C6_GPIO_Driver.o
 .debug_macro   0x0000000000000000       0x40 STM32_F103C6_Drivers/GPIO/STM32F103C6_GPIO_Driver.o
 .debug_macro   0x0000000000000000       0x94 STM32_F103C6_Drivers/GPIO/STM32F103C6_GPIO_Driver.o
 .debug_macro   0x0000000000000000       0x3c STM32_F103C6_Drivers/GPIO/STM32F103C6_GPIO_Driver.o
 .debug_macro   0x0000000000000000       0x34 STM32_F103C6_Drivers/GPIO/STM32F103C6_GPIO_Driver.o
 .debug_macro   0x0000000000000000       0x16 STM32_F103C6_Drivers/GPIO/STM32F103C6_GPIO_Driver.o
 .debug_macro   0x0000000000000000      0x10e STM32_F103C6_Drivers/GPIO/STM32F103C6_GPIO_Driver.o
 .debug_macro   0x0000000000000000       0x8d STM32_F103C6_Drivers/GPIO/STM32F103C6_GPIO_Driver.o
 .debug_macro   0x0000000000000000       0x57 STM32_F103C6_Drivers/GPIO/STM32F103C6_GPIO_Driver.o
 .debug_macro   0x0000000000000000       0x52 STM32_F103C6_Drivers/GPIO/STM32F103C6_GPIO_Driver.o
 .debug_macro   0x0000000000000000       0x1f STM32_F103C6_Drivers/GPIO/STM32F103C6_GPIO_Driver.o
 .debug_macro   0x0000000000000000       0x43 STM32_F103C6_Drivers/GPIO/STM32F103C6_GPIO_Driver.o
 .debug_macro   0x0000000000000000       0x20 STM32_F103C6_Drivers/GPIO/STM32F103C6_GPIO_Driver.o
 .debug_macro   0x0000000000000000      0x1a3 STM32_F103C6_Drivers/GPIO/STM32F103C6_GPIO_Driver.o
 .debug_macro   0x0000000000000000      0x330 STM32_F103C6_Drivers/GPIO/STM32F103C6_GPIO_Driver.o
 .debug_macro   0x0000000000000000       0x16 STM32_F103C6_Drivers/GPIO/STM32F103C6_GPIO_Driver.o
 .debug_macro   0x0000000000000000       0x29 STM32_F103C6_Drivers/GPIO/STM32F103C6_GPIO_Driver.o
 .debug_macro   0x0000000000000000       0xef STM32_F103C6_Drivers/GPIO/STM32F103C6_GPIO_Driver.o
 .debug_macro   0x0000000000000000       0x6a STM32_F103C6_Drivers/GPIO/STM32F103C6_GPIO_Driver.o
 .debug_macro   0x0000000000000000      0x1df STM32_F103C6_Drivers/GPIO/STM32F103C6_GPIO_Driver.o
 .debug_macro   0x0000000000000000      0x1b0 STM32_F103C6_Drivers/GPIO/STM32F103C6_GPIO_Driver.o
 .debug_macro   0x0000000000000000       0xd0 STM32_F103C6_Drivers/GPIO/STM32F103C6_GPIO_Driver.o
 .group         0x0000000000000000        0xc Src/main.o
 .group         0x0000000000000000        0xc Src/main.o
 .group         0x0000000000000000        0xc Src/main.o
 .group         0x0000000000000000        0xc Src/main.o
 .group         0x0000000000000000        0xc Src/main.o
 .group         0x0000000000000000        0xc Src/main.o
 .group         0x0000000000000000        0xc Src/main.o
 .group         0x0000000000000000        0xc Src/main.o
 .group         0x0000000000000000        0xc Src/main.o
 .group         0x0000000000000000        0xc Src/main.o
 .group         0x0000000000000000        0xc Src/main.o
 .group         0x0000000000000000        0xc Src/main.o
 .group         0x0000000000000000        0xc Src/main.o
 .group         0x0000000000000000        0xc Src/main.o
 .group         0x0000000000000000        0xc Src/main.o
 .group         0x0000000000000000        0xc Src/main.o
 .group         0x0000000000000000        0xc Src/main.o
 .group         0x0000000000000000        0xc Src/main.o
 .group         0x0000000000000000        0xc Src/main.o
 .group         0x0000000000000000        0xc Src/main.o
 .group         0x0000000000000000        0xc Src/main.o
 .group         0x0000000000000000        0xc Src/main.o
 .group         0x0000000000000000        0xc Src/main.o
 .group         0x0000000000000000        0xc Src/main.o
 .group         0x0000000000000000        0xc Src/main.o
 .group         0x0000000000000000        0xc Src/main.o
 .group         0x0000000000000000        0xc Src/main.o
 .text          0x0000000000000000        0x0 Src/main.o
 .data          0x0000000000000000        0x0 Src/main.o
 .bss           0x0000000000000000        0x0 Src/main.o
 .debug_macro   0x0000000000000000      0xa60 Src/main.o
 .debug_macro   0x0000000000000000       0x18 Src/main.o
 .debug_macro   0x0000000000000000       0x22 Src/main.o
 .debug_macro   0x0000000000000000       0x40 Src/main.o
 .debug_macro   0x0000000000000000       0x94 Src/main.o
 .debug_macro   0x0000000000000000       0x3c Src/main.o
 .debug_macro   0x0000000000000000       0x34 Src/main.o
 .debug_macro   0x0000000000000000       0x16 Src/main.o
 .debug_macro   0x0000000000000000      0x10e Src/main.o
 .debug_macro   0x0000000000000000       0x8d Src/main.o
 .debug_macro   0x0000000000000000       0x57 Src/main.o
 .debug_macro   0x0000000000000000       0x52 Src/main.o
 .debug_macro   0x0000000000000000       0x1f Src/main.o
 .debug_macro   0x0000000000000000       0x43 Src/main.o
 .debug_macro   0x0000000000000000       0x20 Src/main.o
 .debug_macro   0x0000000000000000      0x1a3 Src/main.o
 .debug_macro   0x0000000000000000      0x330 Src/main.o
 .debug_macro   0x0000000000000000       0x16 Src/main.o
 .debug_macro   0x0000000000000000       0x29 Src/main.o
 .debug_macro   0x0000000000000000       0xef Src/main.o
 .debug_macro   0x0000000000000000       0x6a Src/main.o
 .debug_macro   0x0000000000000000      0x1df Src/main.o
 .debug_macro   0x0000000000000000      0x1b0 Src/main.o
 .debug_macro   0x0000000000000000       0xd0 Src/main.o
 .debug_macro   0x0000000000000000      0x222 Src/main.o
 .group         0x0000000000000000        0xc Src/syscalls.o
 .group         0x0000000000000000        0xc Src/syscalls.o
 .group         0x0000000000000000        0xc Src/syscalls.o
 .group         0x0000000000000000        0xc Src/syscalls.o
 .group         0x0000000000000000        0xc Src/syscalls.o
 .group         0x0000000000000000        0xc Src/syscalls.o
 .group         0x0000000000000000        0xc Src/syscalls.o
 .group         0x0000000000000000        0xc Src/syscalls.o
 .group         0x0000000000000000        0xc Src/syscalls.o
 .group         0x0000000000000000        0xc Src/syscalls.o
 .group         0x0000000000000000        0xc Src/syscalls.o
 .group         0x0000000000000000        0xc Src/syscalls.o
 .group         0x0000000000000000        0xc Src/syscalls.o
 .group         0x0000000000000000        0xc Src/syscalls.o
 .group         0x0000000000000000        0xc Src/syscalls.o
 .group         0x0000000000000000        0xc Src/syscalls.o
 .group         0x0000000000000000        0xc Src/syscalls.o
 .group         0x0000000000000000        0xc Src/syscalls.o
 .group         0x0000000000000000        0xc Src/syscalls.o
 .group         0x0000000000000000        0xc Src/syscalls.o
 .group         0x0000000000000000        0xc Src/syscalls.o
 .group         0x0000000000000000        0xc Src/syscalls.o
 .group         0x0000000000000000        0xc Src/syscalls.o
 .group         0x0000000000000000        0xc Src/syscalls.o
 .group         0x0000000000000000        0xc Src/syscalls.o
 .group         0x0000000000000000        0xc Src/syscalls.o
 .group         0x0000000000000000        0xc Src/syscalls.o
 .group         0x0000000000000000        0xc Src/syscalls.o
 .group         0x0000000000000000        0xc Src/syscalls.o
 .group         0x0000000000000000        0xc Src/syscalls.o
 .group         0x0000000000000000        0xc Src/syscalls.o
 .group         0x0000000000000000        0xc Src/syscalls.o
 .group         0x0000000000000000        0xc Src/syscalls.o
 .group         0x0000000000000000        0xc Src/syscalls.o
 .group         0x0000000000000000        0xc Src/syscalls.o
 .group         0x0000000000000000        0xc Src/syscalls.o
 .group         0x0000000000000000        0xc Src/syscalls.o
 .group         0x0000000000000000        0xc Src/syscalls.o
 .group         0x0000000000000000        0xc Src/syscalls.o
 .group         0x0000000000000000        0xc Src/syscalls.o
 .group         0x0000000000000000        0xc Src/syscalls.o
 .group         0x0000000000000000        0xc Src/syscalls.o
 .group         0x0000000000000000        0xc Src/syscalls.o
 .group         0x0000000000000000        0xc Src/syscalls.o
 .text          0x0000000000000000        0x0 Src/syscalls.o
 .data          0x0000000000000000        0x0 Src/syscalls.o
 .bss           0x0000000000000000        0x0 Src/syscalls.o
 .bss.__env     0x0000000000000000        0x4 Src/syscalls.o
 .data.environ  0x0000000000000000        0x4 Src/syscalls.o
 .text.initialise_monitor_handles
                0x0000000000000000        0xc Src/syscalls.o
 .text._getpid  0x0000000000000000        0xe Src/syscalls.o
 .text._kill    0x0000000000000000       0x20 Src/syscalls.o
 .text._exit    0x0000000000000000       0x14 Src/syscalls.o
 .text._read    0x0000000000000000       0x3a Src/syscalls.o
 .text._write   0x0000000000000000       0x38 Src/syscalls.o
 .text._close   0x0000000000000000       0x16 Src/syscalls.o
 .text._fstat   0x0000000000000000       0x1e Src/syscalls.o
 .text._isatty  0x0000000000000000       0x14 Src/syscalls.o
 .text._lseek   0x0000000000000000       0x18 Src/syscalls.o
 .text._open    0x0000000000000000       0x1a Src/syscalls.o
 .text._wait    0x0000000000000000       0x1e Src/syscalls.o
 .text._unlink  0x0000000000000000       0x1e Src/syscalls.o
 .text._times   0x0000000000000000       0x16 Src/syscalls.o
 .text._stat    0x0000000000000000       0x1e Src/syscalls.o
 .text._link    0x0000000000000000       0x20 Src/syscalls.o
 .text._fork    0x0000000000000000       0x16 Src/syscalls.o
 .text._execve  0x0000000000000000       0x22 Src/syscalls.o
 .debug_info    0x0000000000000000     0x1038 Src/syscalls.o
 .debug_abbrev  0x0000000000000000      0x254 Src/syscalls.o
 .debug_loc     0x0000000000000000      0x5b8 Src/syscalls.o
 .debug_aranges
                0x0000000000000000       0xa8 Src/syscalls.o
 .debug_ranges  0x0000000000000000       0x98 Src/syscalls.o
 .debug_macro   0x0000000000000000      0x243 Src/syscalls.o
 .debug_macro   0x0000000000000000      0xa60 Src/syscalls.o
 .debug_macro   0x0000000000000000       0x22 Src/syscalls.o
 .debug_macro   0x0000000000000000       0x40 Src/syscalls.o
 .debug_macro   0x0000000000000000       0x18 Src/syscalls.o
 .debug_macro   0x0000000000000000       0x94 Src/syscalls.o
 .debug_macro   0x0000000000000000       0x3c Src/syscalls.o
 .debug_macro   0x0000000000000000       0x34 Src/syscalls.o
 .debug_macro   0x0000000000000000       0x57 Src/syscalls.o
 .debug_macro   0x0000000000000000      0x174 Src/syscalls.o
 .debug_macro   0x0000000000000000      0x330 Src/syscalls.o
 .debug_macro   0x0000000000000000       0x52 Src/syscalls.o
 .debug_macro   0x0000000000000000       0x1f Src/syscalls.o
 .debug_macro   0x0000000000000000       0x43 Src/syscalls.o
 .debug_macro   0x0000000000000000       0x20 Src/syscalls.o
 .debug_macro   0x0000000000000000      0x1a3 Src/syscalls.o
 .debug_macro   0x0000000000000000       0x10 Src/syscalls.o
 .debug_macro   0x0000000000000000       0x35 Src/syscalls.o
 .debug_macro   0x0000000000000000       0x10 Src/syscalls.o
 .debug_macro   0x0000000000000000       0x10 Src/syscalls.o
 .debug_macro   0x0000000000000000       0x10 Src/syscalls.o
 .debug_macro   0x0000000000000000       0x6a Src/syscalls.o
 .debug_macro   0x0000000000000000       0x1c Src/syscalls.o
 .debug_macro   0x0000000000000000       0x52 Src/syscalls.o
 .debug_macro   0x0000000000000000       0x40 Src/syscalls.o
 .debug_macro   0x0000000000000000       0x10 Src/syscalls.o
 .debug_macro   0x0000000000000000       0x40 Src/syscalls.o
 .debug_macro   0x0000000000000000       0xd7 Src/syscalls.o
 .debug_macro   0x0000000000000000       0x1c Src/syscalls.o
 .debug_macro   0x0000000000000000       0x3d Src/syscalls.o
 .debug_macro   0x0000000000000000       0x35 Src/syscalls.o
 .debug_macro   0x0000000000000000      0x122 Src/syscalls.o
 .debug_macro   0x0000000000000000       0x16 Src/syscalls.o
 .debug_macro   0x0000000000000000       0x16 Src/syscalls.o
 .debug_macro   0x0000000000000000       0x29 Src/syscalls.o
 .debug_macro   0x0000000000000000       0x10 Src/syscalls.o
 .debug_macro   0x0000000000000000      0x241 Src/syscalls.o
 .debug_macro   0x0000000000000000       0x1c Src/syscalls.o
 .debug_macro   0x0000000000000000       0x10 Src/syscalls.o
 .debug_macro   0x0000000000000000       0x10 Src/syscalls.o
 .debug_macro   0x0000000000000000       0x16 Src/syscalls.o
 .debug_macro   0x0000000000000000      0x145 Src/syscalls.o
 .debug_macro   0x0000000000000000      0x189 Src/syscalls.o
 .debug_macro   0x0000000000000000       0x16 Src/syscalls.o
 .debug_macro   0x0000000000000000       0x88 Src/syscalls.o
 .debug_line    0x0000000000000000      0x86b Src/syscalls.o
 .debug_str     0x0000000000000000     0x886e Src/syscalls.o
 .comment       0x0000000000000000       0x7c Src/syscalls.o
 .debug_frame   0x0000000000000000      0x2ac Src/syscalls.o
 .ARM.attributes
                0x0000000000000000       0x33 Src/syscalls.o
 .group         0x0000000000000000        0xc Src/sysmem.o
 .group         0x0000000000000000        0xc Src/sysmem.o
 .group         0x0000000000000000        0xc Src/sysmem.o
 .group         0x0000000000000000        0xc Src/sysmem.o
 .group         0x0000000000000000        0xc Src/sysmem.o
 .group         0x0000000000000000        0xc Src/sysmem.o
 .group         0x0000000000000000        0xc Src/sysmem.o
 .group         0x0000000000000000        0xc Src/sysmem.o
 .group         0x0000000000000000        0xc Src/sysmem.o
 .group         0x0000000000000000        0xc Src/sysmem.o
 .group         0x0000000000000000        0xc Src/sysmem.o
 .group         0x0000000000000000        0xc Src/sysmem.o
 .group         0x0000000000000000        0xc Src/sysmem.o
 .group         0x0000000000000000        0xc Src/sysmem.o
 .group         0x0000000000000000        0xc Src/sysmem.o
 .group         0x0000000000000000        0xc Src/sysmem.o
 .group         0x0000000000000000        0xc Src/sysmem.o
 .group         0x0000000000000000        0xc Src/sysmem.o
 .group         0x0000000000000000        0xc Src/sysmem.o
 .text          0x0000000000000000        0x0 Src/sysmem.o
 .data          0x0000000000000000        0x0 Src/sysmem.o
 .bss           0x0000000000000000        0x0 Src/sysmem.o
 .bss.__sbrk_heap_end
                0x0000000000000000        0x4 Src/sysmem.o
 .text._sbrk    0x0000000000000000       0x6c Src/sysmem.o
 .debug_info    0x0000000000000000      0xa7c Src/sysmem.o
 .debug_abbrev  0x0000000000000000      0x18e Src/sysmem.o
 .debug_loc     0x0000000000000000       0x50 Src/sysmem.o
 .debug_aranges
                0x0000000000000000       0x20 Src/sysmem.o
 .debug_ranges  0x0000000000000000       0x10 Src/sysmem.o
 .debug_macro   0x0000000000000000       0xee Src/sysmem.o
 .debug_macro   0x0000000000000000      0xa60 Src/sysmem.o
 .debug_macro   0x0000000000000000       0x10 Src/sysmem.o
 .debug_macro   0x0000000000000000       0x22 Src/sysmem.o
 .debug_macro   0x0000000000000000       0x40 Src/sysmem.o
 .debug_macro   0x0000000000000000       0x18 Src/sysmem.o
 .debug_macro   0x0000000000000000       0x94 Src/sysmem.o
 .debug_macro   0x0000000000000000       0x3c Src/sysmem.o
 .debug_macro   0x0000000000000000       0x34 Src/sysmem.o
 .debug_macro   0x0000000000000000      0x174 Src/sysmem.o
 .debug_macro   0x0000000000000000       0x57 Src/sysmem.o
 .debug_macro   0x0000000000000000       0x52 Src/sysmem.o
 .debug_macro   0x0000000000000000       0x1f Src/sysmem.o
 .debug_macro   0x0000000000000000       0x43 Src/sysmem.o
 .debug_macro   0x0000000000000000       0x20 Src/sysmem.o
 .debug_macro   0x0000000000000000      0x1a3 Src/sysmem.o
 .debug_macro   0x0000000000000000      0x23b Src/sysmem.o
 .debug_macro   0x0000000000000000       0xef Src/sysmem.o
 .debug_macro   0x0000000000000000       0x6a Src/sysmem.o
 .debug_macro   0x0000000000000000      0x1df Src/sysmem.o
 .debug_line    0x0000000000000000      0x5f4 Src/sysmem.o
 .debug_str     0x0000000000000000     0x5f3c Src/sysmem.o
 .comment       0x0000000000000000       0x7c Src/sysmem.o
 .debug_frame   0x0000000000000000       0x34 Src/sysmem.o
 .ARM.attributes
                0x0000000000000000       0x33 Src/sysmem.o
 .text          0x0000000000000000       0x14 Startup/startup_stm32f103c6tx.o
 .data          0x0000000000000000        0x0 Startup/startup_stm32f103c6tx.o
 .bss           0x0000000000000000        0x0 Startup/startup_stm32f103c6tx.o
 .text          0x0000000000000000        0x0 d:/learnindepthembedded/tools/cube ide/stm32cubeide_1.4.0/stm32cubeide/plugins/com.st.stm32cube.ide.mcu.externaltools.gnu-tools-for-stm32.7-2018-q2-update.win32_1.4.0.202007081208/tools/bin/../lib/gcc/arm-none-eabi/7.3.1/../../../../arm-none-eabi/lib/thumb/v7-m\libc_nano.a(lib_a-errno.o)
 .data          0x0000000000000000        0x0 d:/learnindepthembedded/tools/cube ide/stm32cubeide_1.4.0/stm32cubeide/plugins/com.st.stm32cube.ide.mcu.externaltools.gnu-tools-for-stm32.7-2018-q2-update.win32_1.4.0.202007081208/tools/bin/../lib/gcc/arm-none-eabi/7.3.1/../../../../arm-none-eabi/lib/thumb/v7-m\libc_nano.a(lib_a-errno.o)
 .bss           0x0000000000000000        0x0 d:/learnindepthembedded/tools/cube ide/stm32cubeide_1.4.0/stm32cubeide/plugins/com.st.stm32cube.ide.mcu.externaltools.gnu-tools-for-stm32.7-2018-q2-update.win32_1.4.0.202007081208/tools/bin/../lib/gcc/arm-none-eabi/7.3.1/../../../../arm-none-eabi/lib/thumb/v7-m\libc_nano.a(lib_a-errno.o)
 .text.__errno  0x0000000000000000        0xc d:/learnindepthembedded/tools/cube ide/stm32cubeide_1.4.0/stm32cubeide/plugins/com.st.stm32cube.ide.mcu.externaltools.gnu-tools-for-stm32.7-2018-q2-update.win32_1.4.0.202007081208/tools/bin/../lib/gcc/arm-none-eabi/7.3.1/../../../../arm-none-eabi/lib/thumb/v7-m\libc_nano.a(lib_a-errno.o)
 .debug_frame   0x0000000000000000       0x20 d:/learnindepthembedded/tools/cube ide/stm32cubeide_1.4.0/stm32cubeide/plugins/com.st.stm32cube.ide.mcu.externaltools.gnu-tools-for-stm32.7-2018-q2-update.win32_1.4.0.202007081208/tools/bin/../lib/gcc/arm-none-eabi/7.3.1/../../../../arm-none-eabi/lib/thumb/v7-m\libc_nano.a(lib_a-errno.o)
 .ARM.attributes
                0x0000000000000000       0x2d d:/learnindepthembedded/tools/cube ide/stm32cubeide_1.4.0/stm32cubeide/plugins/com.st.stm32cube.ide.mcu.externaltools.gnu-tools-for-stm32.7-2018-q2-update.win32_1.4.0.202007081208/tools/bin/../lib/gcc/arm-none-eabi/7.3.1/../../../../arm-none-eabi/lib/thumb/v7-m\libc_nano.a(lib_a-errno.o)
 .text          0x0000000000000000        0x0 d:/learnindepthembedded/tools/cube ide/stm32cubeide_1.4.0/stm32cubeide/plugins/com.st.stm32cube.ide.mcu.externaltools.gnu-tools-for-stm32.7-2018-q2-update.win32_1.4.0.202007081208/tools/bin/../lib/gcc/arm-none-eabi/7.3.1/../../../../arm-none-eabi/lib/thumb/v7-m\libc_nano.a(lib_a-exit.o)
 .data          0x0000000000000000        0x0 d:/learnindepthembedded/tools/cube ide/stm32cubeide_1.4.0/stm32cubeide/plugins/com.st.stm32cube.ide.mcu.externaltools.gnu-tools-for-stm32.7-2018-q2-update.win32_1.4.0.202007081208/tools/bin/../lib/gcc/arm-none-eabi/7.3.1/../../../../arm-none-eabi/lib/thumb/v7-m\libc_nano.a(lib_a-exit.o)
 .bss           0x0000000000000000        0x0 d:/learnindepthembedded/tools/cube ide/stm32cubeide_1.4.0/stm32cubeide/plugins/com.st.stm32cube.ide.mcu.externaltools.gnu-tools-for-stm32.7-2018-q2-update.win32_1.4.0.202007081208/tools/bin/../lib/gcc/arm-none-eabi/7.3.1/../../../../arm-none-eabi/lib/thumb/v7-m\libc_nano.a(lib_a-exit.o)
 .text.exit     0x0000000000000000       0x28 d:/learnindepthembedded/tools/cube ide/stm32cubeide_1.4.0/stm32cubeide/plugins/com.st.stm32cube.ide.mcu.externaltools.gnu-tools-for-stm32.7-2018-q2-update.win32_1.4.0.202007081208/tools/bin/../lib/gcc/arm-none-eabi/7.3.1/../../../../arm-none-eabi/lib/thumb/v7-m\libc_nano.a(lib_a-exit.o)
 .debug_frame   0x0000000000000000       0x28 d:/learnindepthembedded/tools/cube ide/stm32cubeide_1.4.0/stm32cubeide/plugins/com.st.stm32cube.ide.mcu.externaltools.gnu-tools-for-stm32.7-2018-q2-update.win32_1.4.0.202007081208/tools/bin/../lib/gcc/arm-none-eabi/7.3.1/../../../../arm-none-eabi/lib/thumb/v7-m\libc_nano.a(lib_a-exit.o)
 .ARM.attributes
                0x0000000000000000       0x2d d:/learnindepthembedded/tools/cube ide/stm32cubeide_1.4.0/stm32cubeide/plugins/com.st.stm32cube.ide.mcu.externaltools.gnu-tools-for-stm32.7-2018-q2-update.win32_1.4.0.202007081208/tools/bin/../lib/gcc/arm-none-eabi/7.3.1/../../../../arm-none-eabi/lib/thumb/v7-m\libc_nano.a(lib_a-exit.o)
 .text          0x0000000000000000        0x0 d:/learnindepthembedded/tools/cube ide/stm32cubeide_1.4.0/stm32cubeide/plugins/com.st.stm32cube.ide.mcu.externaltools.gnu-tools-for-stm32.7-2018-q2-update.win32_1.4.0.202007081208/tools/bin/../lib/gcc/arm-none-eabi/7.3.1/../../../../arm-none-eabi/lib/thumb/v7-m\libc_nano.a(lib_a-impure.o)
 .data          0x0000000000000000        0x0 d:/learnindepthembedded/tools/cube ide/stm32cubeide_1.4.0/stm32cubeide/plugins/com.st.stm32cube.ide.mcu.externaltools.gnu-tools-for-stm32.7-2018-q2-update.win32_1.4.0.202007081208/tools/bin/../lib/gcc/arm-none-eabi/7.3.1/../../../../arm-none-eabi/lib/thumb/v7-m\libc_nano.a(lib_a-impure.o)
 .bss           0x0000000000000000        0x0 d:/learnindepthembedded/tools/cube ide/stm32cubeide_1.4.0/stm32cubeide/plugins/com.st.stm32cube.ide.mcu.externaltools.gnu-tools-for-stm32.7-2018-q2-update.win32_1.4.0.202007081208/tools/bin/../lib/gcc/arm-none-eabi/7.3.1/../../../../arm-none-eabi/lib/thumb/v7-m\libc_nano.a(lib_a-impure.o)
 .data._impure_ptr
                0x0000000000000000        0x4 d:/learnindepthembedded/tools/cube ide/stm32cubeide_1.4.0/stm32cubeide/plugins/com.st.stm32cube.ide.mcu.externaltools.gnu-tools-for-stm32.7-2018-q2-update.win32_1.4.0.202007081208/tools/bin/../lib/gcc/arm-none-eabi/7.3.1/../../../../arm-none-eabi/lib/thumb/v7-m\libc_nano.a(lib_a-impure.o)
 .data.impure_data
                0x0000000000000000       0x60 d:/learnindepthembedded/tools/cube ide/stm32cubeide_1.4.0/stm32cubeide/plugins/com.st.stm32cube.ide.mcu.externaltools.gnu-tools-for-stm32.7-2018-q2-update.win32_1.4.0.202007081208/tools/bin/../lib/gcc/arm-none-eabi/7.3.1/../../../../arm-none-eabi/lib/thumb/v7-m\libc_nano.a(lib_a-impure.o)
 .rodata._global_impure_ptr
                0x0000000000000000        0x4 d:/learnindepthembedded/tools/cube ide/stm32cubeide_1.4.0/stm32cubeide/plugins/com.st.stm32cube.ide.mcu.externaltools.gnu-tools-for-stm32.7-2018-q2-update.win32_1.4.0.202007081208/tools/bin/../lib/gcc/arm-none-eabi/7.3.1/../../../../arm-none-eabi/lib/thumb/v7-m\libc_nano.a(lib_a-impure.o)
 .ARM.attributes
                0x0000000000000000       0x2d d:/learnindepthembedded/tools/cube ide/stm32cubeide_1.4.0/stm32cubeide/plugins/com.st.stm32cube.ide.mcu.externaltools.gnu-tools-for-stm32.7-2018-q2-update.win32_1.4.0.202007081208/tools/bin/../lib/gcc/arm-none-eabi/7.3.1/../../../../arm-none-eabi/lib/thumb/v7-m\libc_nano.a(lib_a-impure.o)
 .text          0x0000000000000000        0x0 d:/learnindepthembedded/tools/cube ide/stm32cubeide_1.4.0/stm32cubeide/plugins/com.st.stm32cube.ide.mcu.externaltools.gnu-tools-for-stm32.7-2018-q2-update.win32_1.4.0.202007081208/tools/bin/../lib/gcc/arm-none-eabi/7.3.1/../../../../arm-none-eabi/lib/thumb/v7-m\libc_nano.a(lib_a-init.o)
 .data          0x0000000000000000        0x0 d:/learnindepthembedded/tools/cube ide/stm32cubeide_1.4.0/stm32cubeide/plugins/com.st.stm32cube.ide.mcu.externaltools.gnu-tools-for-stm32.7-2018-q2-update.win32_1.4.0.202007081208/tools/bin/../lib/gcc/arm-none-eabi/7.3.1/../../../../arm-none-eabi/lib/thumb/v7-m\libc_nano.a(lib_a-init.o)
 .bss           0x0000000000000000        0x0 d:/learnindepthembedded/tools/cube ide/stm32cubeide_1.4.0/stm32cubeide/plugins/com.st.stm32cube.ide.mcu.externaltools.gnu-tools-for-stm32.7-2018-q2-update.win32_1.4.0.202007081208/tools/bin/../lib/gcc/arm-none-eabi/7.3.1/../../../../arm-none-eabi/lib/thumb/v7-m\libc_nano.a(lib_a-init.o)
 .text          0x0000000000000000        0x0 d:/learnindepthembedded/tools/cube ide/stm32cubeide_1.4.0/stm32cubeide/plugins/com.st.stm32cube.ide.mcu.externaltools.gnu-tools-for-stm32.7-2018-q2-update.win32_1.4.0.202007081208/tools/bin/../lib/gcc/arm-none-eabi/7.3.1/../../../../arm-none-eabi/lib/thumb/v7-m\libc_nano.a(lib_a-memset.o)
 .data          0x0000000000000000        0x0 d:/learnindepthembedded/tools/cube ide/stm32cubeide_1.4.0/stm32cubeide/plugins/com.st.stm32cube.ide.mcu.externaltools.gnu-tools-for-stm32.7-2018-q2-update.win32_1.4.0.202007081208/tools/bin/../lib/gcc/arm-none-eabi/7.3.1/../../../../arm-none-eabi/lib/thumb/v7-m\libc_nano.a(lib_a-memset.o)
 .bss           0x0000000000000000        0x0 d:/learnindepthembedded/tools/cube ide/stm32cubeide_1.4.0/stm32cubeide/plugins/com.st.stm32cube.ide.mcu.externaltools.gnu-tools-for-stm32.7-2018-q2-update.win32_1.4.0.202007081208/tools/bin/../lib/gcc/arm-none-eabi/7.3.1/../../../../arm-none-eabi/lib/thumb/v7-m\libc_nano.a(lib_a-memset.o)
 .text.memset   0x0000000000000000       0x10 d:/learnindepthembedded/tools/cube ide/stm32cubeide_1.4.0/stm32cubeide/plugins/com.st.stm32cube.ide.mcu.externaltools.gnu-tools-for-stm32.7-2018-q2-update.win32_1.4.0.202007081208/tools/bin/../lib/gcc/arm-none-eabi/7.3.1/../../../../arm-none-eabi/lib/thumb/v7-m\libc_nano.a(lib_a-memset.o)
 .debug_frame   0x0000000000000000       0x20 d:/learnindepthembedded/tools/cube ide/stm32cubeide_1.4.0/stm32cubeide/plugins/com.st.stm32cube.ide.mcu.externaltools.gnu-tools-for-stm32.7-2018-q2-update.win32_1.4.0.202007081208/tools/bin/../lib/gcc/arm-none-eabi/7.3.1/../../../../arm-none-eabi/lib/thumb/v7-m\libc_nano.a(lib_a-memset.o)
 .ARM.attributes
                0x0000000000000000       0x2d d:/learnindepthembedded/tools/cube ide/stm32cubeide_1.4.0/stm32cubeide/plugins/com.st.stm32cube.ide.mcu.externaltools.gnu-tools-for-stm32.7-2018-q2-update.win32_1.4.0.202007081208/tools/bin/../lib/gcc/arm-none-eabi/7.3.1/../../../../arm-none-eabi/lib/thumb/v7-m\libc_nano.a(lib_a-memset.o)
 .text          0x0000000000000000        0x0 d:/learnindepthembedded/tools/cube ide/stm32cubeide_1.4.0/stm32cubeide/plugins/com.st.stm32cube.ide.mcu.externaltools.gnu-tools-for-stm32.7-2018-q2-update.win32_1.4.0.202007081208/tools/bin/../lib/gcc/arm-none-eabi/7.3.1/thumb/v7-m/crtend.o
 .data          0x0000000000000000        0x0 d:/learnindepthembedded/tools/cube ide/stm32cubeide_1.4.0/stm32cubeide/plugins/com.st.stm32cube.ide.mcu.externaltools.gnu-tools-for-stm32.7-2018-q2-update.win32_1.4.0.202007081208/tools/bin/../lib/gcc/arm-none-eabi/7.3.1/thumb/v7-m/crtend.o
 .bss           0x0000000000000000        0x0 d:/learnindepthembedded/tools/cube ide/stm32cubeide_1.4.0/stm32cubeide/plugins/com.st.stm32cube.ide.mcu.externaltools.gnu-tools-for-stm32.7-2018-q2-update.win32_1.4.0.202007081208/tools/bin/../lib/gcc/arm-none-eabi/7.3.1/thumb/v7-m/crtend.o
 .eh_frame      0x0000000000000000        0x4 d:/learnindepthembedded/tools/cube ide/stm32cubeide_1.4.0/stm32cubeide/plugins/com.st.stm32cube.ide.mcu.externaltools.gnu-tools-for-stm32.7-2018-q2-update.win32_1.4.0.202007081208/tools/bin/../lib/gcc/arm-none-eabi/7.3.1/thumb/v7-m/crtend.o
 .ARM.attributes
                0x0000000000000000       0x2d d:/learnindepthembedded/tools/cube ide/stm32cubeide_1.4.0/stm32cubeide/plugins/com.st.stm32cube.ide.mcu.externaltools.gnu-tools-for-stm32.7-2018-q2-update.win32_1.4.0.202007081208/tools/bin/../lib/gcc/arm-none-eabi/7.3.1/thumb/v7-m/crtend.o
 .text          0x0000000000000000        0x0 d:/learnindepthembedded/tools/cube ide/stm32cubeide_1.4.0/stm32cubeide/plugins/com.st.stm32cube.ide.mcu.externaltools.gnu-tools-for-stm32.7-2018-q2-update.win32_1.4.0.202007081208/tools/bin/../lib/gcc/arm-none-eabi/7.3.1/thumb/v7-m/crtn.o
 .data          0x0000000000000000        0x0 d:/learnindepthembedded/tools/cube ide/stm32cubeide_1.4.0/stm32cubeide/plugins/com.st.stm32cube.ide.mcu.externaltools.gnu-tools-for-stm32.7-2018-q2-update.win32_1.4.0.202007081208/tools/bin/../lib/gcc/arm-none-eabi/7.3.1/thumb/v7-m/crtn.o
 .bss           0x0000000000000000        0x0 d:/learnindepthembedded/tools/cube ide/stm32cubeide_1.4.0/stm32cubeide/plugins/com.st.stm32cube.ide.mcu.externaltools.gnu-tools-for-stm32.7-2018-q2-update.win32_1.4.0.202007081208/tools/bin/../lib/gcc/arm-none-eabi/7.3.1/thumb/v7-m/crtn.o

Memory Configuration

Name             Origin             Length             Attributes
RAM              0x0000000020000000 0x0000000000002800 xrw
ROM              0x0000000008000000 0x0000000000008000 xr
*default*        0x0000000000000000 0xffffffffffffffff

Linker script and memory map

LOAD d:/learnindepthembedded/tools/cube ide/stm32cubeide_1.4.0/stm32cubeide/plugins/com.st.stm32cube.ide.mcu.externaltools.gnu-tools-for-stm32.7-2018-q2-update.win32_1.4.0.202007081208/tools/bin/../lib/gcc/arm-none-eabi/7.3.1/thumb/v7-m/crti.o
LOAD d:/learnindepthembedded/tools/cube ide/stm32cubeide_1.4.0/stm32cubeide/plugins/com.st.stm32cube.ide.mcu.externaltools.gnu-tools-for-stm32.7-2018-q2-update.win32_1.4.0.202007081208/tools/bin/../lib/gcc/arm-none-eabi/7.3.1/thumb/v7-m/crtbegin.o
LOAD d:/learnindepthembedded/tools/cube ide/stm32cubeide_1.4.0/stm32cubeide/plugins/com.st.stm32cube.ide.mcu.externaltools.gnu-tools-for-stm32.7-2018-q2-update.win32_1.4.0.202007081208/tools/bin/../lib/gcc/arm-none-eabi/7.3.1/../../../../arm-none-eabi/lib/thumb/v7-m/crt0.o
LOAD HAL/Keypad/keypad.o
LOAD HAL/LCD/lcd.o
LOAD STM32_F103C6_Drivers/EXTI/STM32F103C6_EXTI_Driver.o
LOAD STM32_F103C6_Drivers/GPIO/STM32F103C6_GPIO_Driver.o
LOAD Src/main.o
LOAD Src/syscalls.o
LOAD Src/sysmem.o
LOAD Startup/startup_stm32f103c6tx.o
START GROUP
LOAD d:/learnindepthembedded/tools/cube ide/stm32cubeide_1.4.0/stm32cubeide/plugins/com.st.stm32cube.ide.mcu.externaltools.gnu-tools-for-stm32.7-2018-q2-update.win32_1.4.0.202007081208/tools/bin/../lib/gcc/arm-none-eabi/7.3.1/../../../../arm-none-eabi/lib/thumb/v7-m\libc_nano.a
LOAD d:/learnindepthembedded/tools/cube ide/stm32cubeide_1.4.0/stm32cubeide/plugins/com.st.stm32cube.ide.mcu.externaltools.gnu-tools-for-stm32.7-2018-q2-update.win32_1.4.0.202007081208/tools/bin/../lib/gcc/arm-none-eabi/7.3.1/../../../../arm-none-eabi/lib/thumb/v7-m\libm.a
END GROUP
START GROUP
LOAD d:/learnindepthembedded/tools/cube ide/stm32cubeide_1.4.0/stm32cubeide/plugins/com.st.stm32cube.ide.mcu.externaltools.gnu-tools-for-stm32.7-2018-q2-update.win32_1.4.0.202007081208/tools/bin/../lib/gcc/arm-none-eabi/7.3.1/thumb/v7-m\libgcc.a
LOAD d:/learnindepthembedded/tools/cube ide/stm32cubeide_1.4.0/stm32cubeide/plugins/com.st.stm32cube.ide.mcu.externaltools.gnu-tools-for-stm32.7-2018-q2-update.win32_1.4.0.202007081208/tools/bin/../lib/gcc/arm-none-eabi/7.3.1/../../../../arm-none-eabi/lib/thumb/v7-m\libg_nano.a
LOAD d:/learnindepthembedded/tools/cube ide/stm32cubeide_1.4.0/stm32cubeide/plugins/com.st.stm32cube.ide.mcu.externaltools.gnu-tools-for-stm32.7-2018-q2-update.win32_1.4.0.202007081208/tools/bin/../lib/gcc/arm-none-eabi/7.3.1/../../../../arm-none-eabi/lib/thumb/v7-m\libc_nano.a
END GROUP
START GROUP
LOAD d:/learnindepthembedded/tools/cube ide/stm32cubeide_1.4.0/stm32cubeide/plugins/com.st.stm32cube.ide.mcu.externaltools.gnu-tools-for-stm32.7-2018-q2-update.win32_1.4.0.202007081208/tools/bin/../lib/gcc/arm-none-eabi/7.3.1/thumb/v7-m\libgcc.a
LOAD d:/learnindepthembedded/tools/cube ide/stm32cubeide_1.4.0/stm32cubeide/plugins/com.st.stm32cube.ide.mcu.externaltools.gnu-tools-for-stm32.7-2018-q2-update.win32_1.4.0.202007081208/tools/bin/../lib/gcc/arm-none-eabi/7.3.1/../../../../arm-none-eabi/lib/thumb/v7-m\libc_nano.a
LOAD d:/learnindepthembedded/tools/cube ide/stm32cubeide_1.4.0/stm32cubeide/plugins/com.st.stm32cube.ide.mcu.externaltools.gnu-tools-for-stm32.7-2018-q2-update.win32_1.4.0.202007081208/tools/bin/../lib/gcc/arm-none-eabi/7.3.1/../../../../arm-none-eabi/lib/thumb/v7-m\libnosys.a
END GROUP
START GROUP
LOAD d:/learnindepthembedded/tools/cube ide/stm32cubeide_1.4.0/stm32cubeide/plugins/com.st.stm32cube.ide.mcu.externaltools.gnu-tools-for-stm32.7-2018-q2-update.win32_1.4.0.202007081208/tools/bin/../lib/gcc/arm-none-eabi/7.3.1/thumb/v7-m\libgcc.a
LOAD d:/learnindepthembedded/tools/cube ide/stm32cubeide_1.4.0/stm32cubeide/plugins/com.st.stm32cube.ide.mcu.externaltools.gnu-tools-for-stm32.7-2018-q2-update.win32_1.4.0.202007081208/tools/bin/../lib/gcc/arm-none-eabi/7.3.1/../../../../arm-none-eabi/lib/thumb/v7-m\libc_nano.a
LOAD d:/learnindepthembedded/tools/cube ide/stm32cubeide_1.4.0/stm32cubeide/plugins/com.st.stm32cube.ide.mcu.externaltools.gnu-tools-for-stm32.7-2018-q2-update.win32_1.4.0.202007081208/tools/bin/../lib/gcc/arm-none-eabi/7.3.1/../../../../arm-none-eabi/lib/thumb/v7-m\libnosys.a
END GROUP
LOAD d:/learnindepthembedded/tools/cube ide/stm32cubeide_1.4.0/stm32cubeide/plugins/com.st.stm32cube.ide.mcu.externaltools.gnu-tools-for-stm32.7-2018-q2-update.win32_1.4.0.202007081208/tools/bin/../lib/gcc/arm-none-eabi/7.3.1/thumb/v7-m/crtend.o
LOAD d:/learnindepthembedded/tools/cube ide/stm32cubeide_1.4.0/stm32cubeide/plugins/com.st.stm32cube.ide.mcu.externaltools.gnu-tools-for-stm32.7-2018-q2-update.win32_1.4.0.202007081208/tools/bin/../lib/gcc/arm-none-eabi/7.3.1/thumb/v7-m/crtn.o
                0x0000000020002800                _estack = (ORIGIN (RAM) + LENGTH (RAM))
                0x0000000000000200                _Min_Heap_Size = 0x200
                0x0000000000000400                _Min_Stack_Size = 0x400

.isr_vector     0x0000000008000000      0x130
                0x0000000008000000                . = ALIGN (0x4)
 *(.isr_vector)
 .isr_vector    0x0000000008000000      0x130 Startup/startup_stm32f103c6tx.o
                0x0000000008000000                g_pfnVectors
                0x0000000008000130                . = ALIGN (0x4)

.text           0x0000000008000130      0xd04
                0x0000000008000130                . = ALIGN (0x4)
 *(.text)
 .text          0x0000000008000130       0x40 d:/learnindepthembedded/tools/cube ide/stm32cubeide_1.4.0/stm32cubeide/plugins/com.st.stm32cube.ide.mcu.externaltools.gnu-tools-for-stm32.7-2018-q2-update.win32_1.4.0.202007081208/tools/bin/../lib/gcc/arm-none-eabi/7.3.1/thumb/v7-m/crtbegin.o
 *(.text*)
 .text.delay    0x0000000008000170       0x38 HAL/LCD/lcd.o
                0x0000000008000170                delay
 .text.LCD_KICK
                0x00000000080001a8       0x2c HAL/LCD/lcd.o
                0x00000000080001a8                LCD_KICK
 .text.LCD_INIT
                0x00000000080001d4       0x90 HAL/LCD/lcd.o
                0x00000000080001d4                LCD_INIT
 .text.LCD_Clear_Screen
                0x0000000008000264        0xe HAL/LCD/lcd.o
                0x0000000008000264                LCD_Clear_Screen
 *fill*         0x0000000008000272        0x2 
 .text.LCD_WRITE_COMMAND
                0x0000000008000274       0x5c HAL/LCD/lcd.o
                0x0000000008000274                LCD_WRITE_COMMAND
 .text.LCD_WRITE_CHAR
                0x00000000080002d0       0x5c HAL/LCD/lcd.o
                0x00000000080002d0                LCD_WRITE_CHAR
 .text.LCD_Goto_XY
                0x000000000800032c       0x4a HAL/LCD/lcd.o
                0x000000000800032c                LCD_Goto_XY
 *fill*         0x0000000008000376        0x2 
 .text.LCD_WRITE_STRING
                0x0000000008000378       0x64 HAL/LCD/lcd.o
                0x0000000008000378                LCD_WRITE_STRING
 .text.config_dataOUT_ports
                0x00000000080003dc       0xe0 HAL/LCD/lcd.o
                0x00000000080003dc                config_dataOUT_ports
 .text.enable_NVIC
                0x00000000080004bc       0xcc STM32_F103C6_Drivers/EXTI/STM32F103C6_EXTI_Driver.o
                0x00000000080004bc                enable_NVIC
 .text.disable_NVIC
                0x0000000008000588       0xcc STM32_F103C6_Drivers/EXTI/STM32F103C6_EXTI_Driver.o
                0x0000000008000588                disable_NVIC
 .text.update_EXTI
                0x0000000008000654      0x1e8 STM32_F103C6_Drivers/EXTI/STM32F103C6_EXTI_Driver.o
                0x0000000008000654                update_EXTI
 .text.MCAL_EXTI_GPIO_init
                0x000000000800083c       0x16 STM32_F103C6_Drivers/EXTI/STM32F103C6_EXTI_Driver.o
                0x000000000800083c                MCAL_EXTI_GPIO_init
 *fill*         0x0000000008000852        0x2 
 .text.EXTI0_IRQHandler
                0x0000000008000854       0x24 STM32_F103C6_Drivers/EXTI/STM32F103C6_EXTI_Driver.o
                0x0000000008000854                EXTI0_IRQHandler
 .text.EXTI1_IRQHandler
                0x0000000008000878       0x24 STM32_F103C6_Drivers/EXTI/STM32F103C6_EXTI_Driver.o
                0x0000000008000878                EXTI1_IRQHandler
 .text.EXTI2_IRQHandler
                0x000000000800089c       0x24 STM32_F103C6_Drivers/EXTI/STM32F103C6_EXTI_Driver.o
                0x000000000800089c                EXTI2_IRQHandler
 .text.EXTI3_IRQHandler
                0x00000000080008c0       0x24 STM32_F103C6_Drivers/EXTI/STM32F103C6_EXTI_Driver.o
                0x00000000080008c0                EXTI3_IRQHandler
 .text.EXTI4_IRQHandler
                0x00000000080008e4       0x24 STM32_F103C6_Drivers/EXTI/STM32F103C6_EXTI_Driver.o
                0x00000000080008e4                EXTI4_IRQHandler
 .text.EXTI9_5_IRQHandler
                0x0000000008000908       0xa8 STM32_F103C6_Drivers/EXTI/STM32F103C6_EXTI_Driver.o
                0x0000000008000908                EXTI9_5_IRQHandler
 .text.EXTI15_10_IRQHandler
                0x00000000080009b0       0xc4 STM32_F103C6_Drivers/EXTI/STM32F103C6_EXTI_Driver.o
                0x00000000080009b0                EXTI15_10_IRQHandler
 .text.get_CRLH_position
                0x0000000008000a74       0xc6 STM32_F103C6_Drivers/GPIO/STM32F103C6_GPIO_Driver.o
                0x0000000008000a74                get_CRLH_position
 .text.MCAL_GPIO_init
                0x0000000008000b3a       0xfe STM32_F103C6_Drivers/GPIO/STM32F103C6_GPIO_Driver.o
                0x0000000008000b3a                MCAL_GPIO_init
 .text.MCAL_GPIO_readPort
                0x0000000008000c38       0x18 STM32_F103C6_Drivers/GPIO/STM32F103C6_GPIO_Driver.o
                0x0000000008000c38                MCAL_GPIO_readPort
 .text.MCAL_GPIO_writePin
                0x0000000008000c50       0x2e STM32_F103C6_Drivers/GPIO/STM32F103C6_GPIO_Driver.o
                0x0000000008000c50                MCAL_GPIO_writePin
 .text.MCAL_GPIO_writePort
                0x0000000008000c7e       0x1c STM32_F103C6_Drivers/GPIO/STM32F103C6_GPIO_Driver.o
                0x0000000008000c7e                MCAL_GPIO_writePort
 *fill*         0x0000000008000c9a        0x2 
 .text.main     0x0000000008000c9c       0x54 Src/main.o
                0x0000000008000c9c                main
 .text._delay   0x0000000008000cf0       0x38 Src/main.o
                0x0000000008000cf0                _delay
 .text.clock_init
                0x0000000008000d28       0x34 Src/main.o
                0x0000000008000d28                clock_init
 .text.interr_9
                0x0000000008000d5c       0x24 Src/main.o
                0x0000000008000d5c                interr_9
 .text.Reset_Handler
                0x0000000008000d80       0x50 Startup/startup_stm32f103c6tx.o
                0x0000000008000d80                Reset_Handler
 .text.Default_Handler
                0x0000000008000dd0        0x2 Startup/startup_stm32f103c6tx.o
                0x0000000008000dd0                TIM8_TRG_COM_IRQHandler
                0x0000000008000dd0                TIM8_CC_IRQHandler
                0x0000000008000dd0                DebugMon_Handler
                0x0000000008000dd0                TIM1_CC_IRQHandler
                0x0000000008000dd0                HardFault_Handler
                0x0000000008000dd0                TIM6_IRQHandler
                0x0000000008000dd0                SysTick_Handler
                0x0000000008000dd0                PVD_IRQHandler
                0x0000000008000dd0                SDIO_IRQHandler
                0x0000000008000dd0                PendSV_Handler
                0x0000000008000dd0                NMI_Handler
                0x0000000008000dd0                USB_HP_CAN_TX_IRQHandler
                0x0000000008000dd0                I2C2_EV_IRQHandler
                0x0000000008000dd0                UsageFault_Handler
                0x0000000008000dd0                ADC1_2_IRQHandler
                0x0000000008000dd0                SPI1_IRQHandler
                0x0000000008000dd0                CAN_SCE_IRQHandler
                0x0000000008000dd0                TAMPER_IRQHandler
                0x0000000008000dd0                TIM8_UP_IRQHandler
                0x0000000008000dd0                DMA2_Channel2_IRQHandler
                0x0000000008000dd0                DMA1_Channel4_IRQHandler
                0x0000000008000dd0                USART3_IRQHandler
                0x0000000008000dd0                RTC_IRQHandler
                0x0000000008000dd0                DMA1_Channel7_IRQHandler
                0x0000000008000dd0                UART5_IRQHandler
                0x0000000008000dd0                ADC3_IRQHandler
                0x0000000008000dd0                TIM4_IRQHandler
                0x0000000008000dd0                CAN_RX1_IRQHandler
                0x0000000008000dd0                DMA2_Channel1_IRQHandler
                0x0000000008000dd0                I2C1_EV_IRQHandler
                0x0000000008000dd0                DMA1_Channel6_IRQHandler
                0x0000000008000dd0                UART4_IRQHandler
                0x0000000008000dd0                TIM3_IRQHandler
                0x0000000008000dd0                RCC_IRQHandler
                0x0000000008000dd0                TIM1_TRG_COM_IRQHandler
                0x0000000008000dd0                DMA1_Channel1_IRQHandler
                0x0000000008000dd0                Default_Handler
                0x0000000008000dd0                TIM7_IRQHandler
                0x0000000008000dd0                TIM5_IRQHandler
                0x0000000008000dd0                SPI2_IRQHandler
                0x0000000008000dd0                USB_LP_CAN_RX0_IRQHandler
                0x0000000008000dd0                MemManage_Handler
                0x0000000008000dd0                SVC_Handler
                0x0000000008000dd0                DMA1_Channel5_IRQHandler
                0x0000000008000dd0                DMA1_Channel3_IRQHandler
                0x0000000008000dd0                FSMC_IRQHandler
                0x0000000008000dd0                TIM1_UP_IRQHandler
                0x0000000008000dd0                WWDG_IRQHandler
                0x0000000008000dd0                TIM2_IRQHandler
                0x0000000008000dd0                TIM1_BRK_IRQHandler
                0x0000000008000dd0                RTCAlarm_IRQHandler
                0x0000000008000dd0                DMA2_Channel4_5_IRQHandler
                0x0000000008000dd0                USART2_IRQHandler
                0x0000000008000dd0                I2C2_ER_IRQHandler
                0x0000000008000dd0                DMA1_Channel2_IRQHandler
                0x0000000008000dd0                TIM8_BRK_IRQHandler
                0x0000000008000dd0                FLASH_IRQHandler
                0x0000000008000dd0                BusFault_Handler
                0x0000000008000dd0                USART1_IRQHandler
                0x0000000008000dd0                SPI3_IRQHandler
                0x0000000008000dd0                I2C1_ER_IRQHandler
                0x0000000008000dd0                DMA2_Channel3_IRQHandler
 *fill*         0x0000000008000dd2        0x2 
 .text.__libc_init_array
                0x0000000008000dd4       0x48 d:/learnindepthembedded/tools/cube ide/stm32cubeide_1.4.0/stm32cubeide/plugins/com.st.stm32cube.ide.mcu.externaltools.gnu-tools-for-stm32.7-2018-q2-update.win32_1.4.0.202007081208/tools/bin/../lib/gcc/arm-none-eabi/7.3.1/../../../../arm-none-eabi/lib/thumb/v7-m\libc_nano.a(lib_a-init.o)
                0x0000000008000dd4                __libc_init_array
 *(.glue_7)
 .glue_7        0x0000000008000e1c        0x0 linker stubs
 *(.glue_7t)
 .glue_7t       0x0000000008000e1c        0x0 linker stubs
 *(.eh_frame)
 .eh_frame      0x0000000008000e1c        0x0 d:/learnindepthembedded/tools/cube ide/stm32cubeide_1.4.0/stm32cubeide/plugins/com.st.stm32cube.ide.mcu.externaltools.gnu-tools-for-stm32.7-2018-q2-update.win32_1.4.0.202007081208/tools/bin/../lib/gcc/arm-none-eabi/7.3.1/thumb/v7-m/crtbegin.o
 *(.init)
 .init          0x0000000008000e1c        0x4 d:/learnindepthembedded/tools/cube ide/stm32cubeide_1.4.0/stm32cubeide/plugins/com.st.stm32cube.ide.mcu.externaltools.gnu-tools-for-stm32.7-2018-q2-update.win32_1.4.0.202007081208/tools/bin/../lib/gcc/arm-none-eabi/7.3.1/thumb/v7-m/crti.o
                0x0000000008000e1c                _init
 .init          0x0000000008000e20        0x8 d:/learnindepthembedded/tools/cube ide/stm32cubeide_1.4.0/stm32cubeide/plugins/com.st.stm32cube.ide.mcu.externaltools.gnu-tools-for-stm32.7-2018-q2-update.win32_1.4.0.202007081208/tools/bin/../lib/gcc/arm-none-eabi/7.3.1/thumb/v7-m/crtn.o
 *(.fini)
 .fini          0x0000000008000e28        0x4 d:/learnindepthembedded/tools/cube ide/stm32cubeide_1.4.0/stm32cubeide/plugins/com.st.stm32cube.ide.mcu.externaltools.gnu-tools-for-stm32.7-2018-q2-update.win32_1.4.0.202007081208/tools/bin/../lib/gcc/arm-none-eabi/7.3.1/thumb/v7-m/crti.o
                0x0000000008000e28                _fini
 .fini          0x0000000008000e2c        0x8 d:/learnindepthembedded/tools/cube ide/stm32cubeide_1.4.0/stm32cubeide/plugins/com.st.stm32cube.ide.mcu.externaltools.gnu-tools-for-stm32.7-2018-q2-update.win32_1.4.0.202007081208/tools/bin/../lib/gcc/arm-none-eabi/7.3.1/thumb/v7-m/crtn.o
                0x0000000008000e34                . = ALIGN (0x4)
                0x0000000008000e34                _etext = .

.vfp11_veneer   0x0000000008000e34        0x0
 .vfp11_veneer  0x0000000008000e34        0x0 linker stubs

.v4_bx          0x0000000008000e34        0x0
 .v4_bx         0x0000000008000e34        0x0 linker stubs

.iplt           0x0000000008000e34        0x0
 .iplt          0x0000000008000e34        0x0 d:/learnindepthembedded/tools/cube ide/stm32cubeide_1.4.0/stm32cubeide/plugins/com.st.stm32cube.ide.mcu.externaltools.gnu-tools-for-stm32.7-2018-q2-update.win32_1.4.0.202007081208/tools/bin/../lib/gcc/arm-none-eabi/7.3.1/thumb/v7-m/crtbegin.o

.rodata         0x0000000008000e34       0x28
                0x0000000008000e34                . = ALIGN (0x4)
 *(.rodata)
 .rodata        0x0000000008000e34       0x26 Src/main.o
 *(.rodata*)
                0x0000000008000e5c                . = ALIGN (0x4)
 *fill*         0x0000000008000e5a        0x2 

.rel.dyn        0x0000000008000e5c        0x0
 .rel.iplt      0x0000000008000e5c        0x0 d:/learnindepthembedded/tools/cube ide/stm32cubeide_1.4.0/stm32cubeide/plugins/com.st.stm32cube.ide.mcu.externaltools.gnu-tools-for-stm32.7-2018-q2-update.win32_1.4.0.202007081208/tools/bin/../lib/gcc/arm-none-eabi/7.3.1/thumb/v7-m/crtbegin.o

.ARM.extab      0x0000000008000e5c        0x0
                0x0000000008000e5c                . = ALIGN (0x4)
 *(.ARM.extab* .gnu.linkonce.armextab.*)
                0x0000000008000e5c                . = ALIGN (0x4)

.ARM            0x0000000008000e5c        0x0
                0x0000000008000e5c                . = ALIGN (0x4)
                0x0000000008000e5c                __exidx_start = .
 *(.ARM.exidx*)
                0x0000000008000e5c                __exidx_end = .
                0x0000000008000e5c                . = ALIGN (0x4)

.preinit_array  0x0000000008000e5c        0x0
                0x0000000008000e5c                . = ALIGN (0x4)
                0x0000000008000e5c                PROVIDE (__preinit_array_start = .)
 *(.preinit_array*)
                0x0000000008000e5c                PROVIDE (__preinit_array_end = .)
                0x0000000008000e5c                . = ALIGN (0x4)

.init_array     0x0000000008000e5c        0x4
                0x0000000008000e5c                . = ALIGN (0x4)
                0x0000000008000e5c                PROVIDE (__init_array_start = .)
 *(SORT_BY_NAME(.init_array.*))
 *(.init_array*)
 .init_array    0x0000000008000e5c        0x4 d:/learnindepthembedded/tools/cube ide/stm32cubeide_1.4.0/stm32cubeide/plugins/com.st.stm32cube.ide.mcu.externaltools.gnu-tools-for-stm32.7-2018-q2-update.win32_1.4.0.202007081208/tools/bin/../lib/gcc/arm-none-eabi/7.3.1/thumb/v7-m/crtbegin.o
                0x0000000008000e60                PROVIDE (__init_array_end = .)
                0x0000000008000e60                . = ALIGN (0x4)

.fini_array     0x0000000008000e60        0x4
                0x0000000008000e60                . = ALIGN (0x4)
                [!provide]                        PROVIDE (__fini_array_start = .)
 *(SORT_BY_NAME(.fini_array.*))
 *(.fini_array*)
 .fini_array    0x0000000008000e60        0x4 d:/learnindepthembedded/tools/cube ide/stm32cubeide_1.4.0/stm32cubeide/plugins/com.st.stm32cube.ide.mcu.externaltools.gnu-tools-for-stm32.7-2018-q2-update.win32_1.4.0.202007081208/tools/bin/../lib/gcc/arm-none-eabi/7.3.1/thumb/v7-m/crtbegin.o
                [!provide]                        PROVIDE (__fini_array_end = .)
                0x0000000008000e64                . = ALIGN (0x4)
                0x0000000008000e64                _sidata = LOADADDR (.data)

.data           0x0000000020000000        0x0 load address 0x0000000008000e64
                0x0000000020000000                . = ALIGN (0x4)
                0x0000000020000000                _sdata = .
 *(.data)
 *(.data*)
                0x0000000020000000                . = ALIGN (0x4)
                0x0000000020000000                _edata = .

.igot.plt       0x0000000020000000        0x0 load address 0x0000000008000e64
 .igot.plt      0x0000000020000000        0x0 d:/learnindepthembedded/tools/cube ide/stm32cubeide_1.4.0/stm32cubeide/plugins/com.st.stm32cube.ide.mcu.externaltools.gnu-tools-for-stm32.7-2018-q2-update.win32_1.4.0.202007081208/tools/bin/../lib/gcc/arm-none-eabi/7.3.1/thumb/v7-m/crtbegin.o
                0x0000000020000000                . = ALIGN (0x4)

.bss            0x0000000020000000       0x64 load address 0x0000000008000e64
                0x0000000020000000                _sbss = .
                0x0000000020000000                __bss_start__ = _sbss
 *(.bss)
 .bss           0x0000000020000000       0x1c d:/learnindepthembedded/tools/cube ide/stm32cubeide_1.4.0/stm32cubeide/plugins/com.st.stm32cube.ide.mcu.externaltools.gnu-tools-for-stm32.7-2018-q2-update.win32_1.4.0.202007081208/tools/bin/../lib/gcc/arm-none-eabi/7.3.1/thumb/v7-m/crtbegin.o
 *(.bss*)
 .bss.count.4871
                0x000000002000001c        0x4 HAL/LCD/lcd.o
 .bss.flag      0x0000000020000020        0x4 Src/main.o
                0x0000000020000020                flag
 *(COMMON)
 COMMON         0x0000000020000024        0x4 HAL/Keypad/keypad.o
                0x0000000020000024                pinConfig
 COMMON         0x0000000020000028       0x3c STM32_F103C6_Drivers/EXTI/STM32F103C6_EXTI_Driver.o
                0x0000000020000028                GP_IRQ_Callback
                0x0000000020000064                . = ALIGN (0x4)
                0x0000000020000064                _ebss = .
                0x0000000020000064                __bss_end__ = _ebss

._user_heap_stack
                0x0000000020000064      0x604 load address 0x0000000008000e64
                0x0000000020000068                . = ALIGN (0x8)
 *fill*         0x0000000020000064        0x4 
                [!provide]                        PROVIDE (end = .)
                0x0000000020000068                PROVIDE (_end = .)
                0x0000000020000268                . = (. + _Min_Heap_Size)
 *fill*         0x0000000020000068      0x200 
                0x0000000020000668                . = (. + _Min_Stack_Size)
 *fill*         0x0000000020000268      0x400 
                0x0000000020000668                . = ALIGN (0x8)

/DISCARD/
 libc.a(*)
 libm.a(*)
 libgcc.a(*)

.ARM.attributes
                0x0000000000000000       0x29
 *(.ARM.attributes)
 .ARM.attributes
                0x0000000000000000       0x1d d:/learnindepthembedded/tools/cube ide/stm32cubeide_1.4.0/stm32cubeide/plugins/com.st.stm32cube.ide.mcu.externaltools.gnu-tools-for-stm32.7-2018-q2-update.win32_1.4.0.202007081208/tools/bin/../lib/gcc/arm-none-eabi/7.3.1/thumb/v7-m/crti.o
 .ARM.attributes
                0x000000000000001d       0x2d d:/learnindepthembedded/tools/cube ide/stm32cubeide_1.4.0/stm32cubeide/plugins/com.st.stm32cube.ide.mcu.externaltools.gnu-tools-for-stm32.7-2018-q2-update.win32_1.4.0.202007081208/tools/bin/../lib/gcc/arm-none-eabi/7.3.1/thumb/v7-m/crtbegin.o
 .ARM.attributes
                0x000000000000004a       0x33 HAL/Keypad/keypad.o
 .ARM.attributes
                0x000000000000007d       0x33 HAL/LCD/lcd.o
 .ARM.attributes
                0x00000000000000b0       0x33 STM32_F103C6_Drivers/EXTI/STM32F103C6_EXTI_Driver.o
 .ARM.attributes
                0x00000000000000e3       0x33 STM32_F103C6_Drivers/GPIO/STM32F103C6_GPIO_Driver.o
 .ARM.attributes
                0x0000000000000116       0x33 Src/main.o
 .ARM.attributes
                0x0000000000000149       0x21 Startup/startup_stm32f103c6tx.o
 .ARM.attributes
                0x000000000000016a       0x2d d:/learnindepthembedded/tools/cube ide/stm32cubeide_1.4.0/stm32cubeide/plugins/com.st.stm32cube.ide.mcu.externaltools.gnu-tools-for-stm32.7-2018-q2-update.win32_1.4.0.202007081208/tools/bin/../lib/gcc/arm-none-eabi/7.3.1/../../../../arm-none-eabi/lib/thumb/v7-m\libc_nano.a(lib_a-init.o)
 .ARM.attributes
                0x0000000000000197       0x1d d:/learnindepthembedded/tools/cube ide/stm32cubeide_1.4.0/stm32cubeide/plugins/com.st.stm32cube.ide.mcu.externaltools.gnu-tools-for-stm32.7-2018-q2-update.win32_1.4.0.202007081208/tools/bin/../lib/gcc/arm-none-eabi/7.3.1/thumb/v7-m/crtn.o
OUTPUT(Drivers.elf elf32-littlearm)

.debug_info     0x0000000000000000     0x3e91
 .debug_info    0x0000000000000000      0xb0a HAL/Keypad/keypad.o
 .debug_info    0x0000000000000b0a      0xc16 HAL/LCD/lcd.o
 .debug_info    0x0000000000001720      0xdbf STM32_F103C6_Drivers/EXTI/STM32F103C6_EXTI_Driver.o
 .debug_info    0x00000000000024df      0xd56 STM32_F103C6_Drivers/GPIO/STM32F103C6_GPIO_Driver.o
 .debug_info    0x0000000000003235      0xc3a Src/main.o
 .debug_info    0x0000000000003e6f       0x22 Startup/startup_stm32f103c6tx.o

.debug_abbrev   0x0000000000000000      0x9b2
 .debug_abbrev  0x0000000000000000      0x1a6 HAL/Keypad/keypad.o
 .debug_abbrev  0x00000000000001a6      0x1f6 HAL/LCD/lcd.o
 .debug_abbrev  0x000000000000039c      0x201 STM32_F103C6_Drivers/EXTI/STM32F103C6_EXTI_Driver.o
 .debug_abbrev  0x000000000000059d      0x232 STM32_F103C6_Drivers/GPIO/STM32F103C6_GPIO_Driver.o
 .debug_abbrev  0x00000000000007cf      0x1d1 Src/main.o
 .debug_abbrev  0x00000000000009a0       0x12 Startup/startup_stm32f103c6tx.o

.debug_loc      0x0000000000000000      0xa5c
 .debug_loc     0x0000000000000000       0x7c HAL/Keypad/keypad.o
 .debug_loc     0x000000000000007c      0x2a4 HAL/LCD/lcd.o
 .debug_loc     0x0000000000000320      0x320 STM32_F103C6_Drivers/EXTI/STM32F103C6_EXTI_Driver.o
 .debug_loc     0x0000000000000640      0x330 STM32_F103C6_Drivers/GPIO/STM32F103C6_GPIO_Driver.o
 .debug_loc     0x0000000000000970       0xec Src/main.o

.debug_aranges  0x0000000000000000      0x1d8
 .debug_aranges
                0x0000000000000000       0x28 HAL/Keypad/keypad.o
 .debug_aranges
                0x0000000000000028       0x70 HAL/LCD/lcd.o
 .debug_aranges
                0x0000000000000098       0x80 STM32_F103C6_Drivers/EXTI/STM32F103C6_EXTI_Driver.o
 .debug_aranges
                0x0000000000000118       0x60 STM32_F103C6_Drivers/GPIO/STM32F103C6_GPIO_Driver.o
 .debug_aranges
                0x0000000000000178       0x38 Src/main.o
 .debug_aranges
                0x00000000000001b0       0x28 Startup/startup_stm32f103c6tx.o

.debug_ranges   0x0000000000000000      0x180
 .debug_ranges  0x0000000000000000       0x18 HAL/Keypad/keypad.o
 .debug_ranges  0x0000000000000018       0x60 HAL/LCD/lcd.o
 .debug_ranges  0x0000000000000078       0x70 STM32_F103C6_Drivers/EXTI/STM32F103C6_EXTI_Driver.o
 .debug_ranges  0x00000000000000e8       0x50 STM32_F103C6_Drivers/GPIO/STM32F103C6_GPIO_Driver.o
 .debug_ranges  0x0000000000000138       0x28 Src/main.o
 .debug_ranges  0x0000000000000160       0x20 Startup/startup_stm32f103c6tx.o

.debug_macro    0x0000000000000000     0x2504
 .debug_macro   0x0000000000000000      0x15b HAL/Keypad/keypad.o
 .debug_macro   0x000000000000015b      0xa60 HAL/Keypad/keypad.o
 .debug_macro   0x0000000000000bbb       0x18 HAL/Keypad/keypad.o
 .debug_macro   0x0000000000000bd3       0x22 HAL/Keypad/keypad.o
 .debug_macro   0x0000000000000bf5       0x40 HAL/Keypad/keypad.o
 .debug_macro   0x0000000000000c35       0x94 HAL/Keypad/keypad.o
 .debug_macro   0x0000000000000cc9       0x3c HAL/Keypad/keypad.o
 .debug_macro   0x0000000000000d05       0x34 HAL/Keypad/keypad.o
 .debug_macro   0x0000000000000d39       0x16 HAL/Keypad/keypad.o
 .debug_macro   0x0000000000000d4f      0x10e HAL/Keypad/keypad.o
 .debug_macro   0x0000000000000e5d       0x8d HAL/Keypad/keypad.o
 .debug_macro   0x0000000000000eea       0x57 HAL/Keypad/keypad.o
 .debug_macro   0x0000000000000f41       0x52 HAL/Keypad/keypad.o
 .debug_macro   0x0000000000000f93       0x1f HAL/Keypad/keypad.o
 .debug_macro   0x0000000000000fb2       0x43 HAL/Keypad/keypad.o
 .debug_macro   0x0000000000000ff5       0x20 HAL/Keypad/keypad.o
 .debug_macro   0x0000000000001015      0x1a3 HAL/Keypad/keypad.o
 .debug_macro   0x00000000000011b8      0x330 HAL/Keypad/keypad.o
 .debug_macro   0x00000000000014e8       0x16 HAL/Keypad/keypad.o
 .debug_macro   0x00000000000014fe       0x29 HAL/Keypad/keypad.o
 .debug_macro   0x0000000000001527       0xef HAL/Keypad/keypad.o
 .debug_macro   0x0000000000001616       0x6a HAL/Keypad/keypad.o
 .debug_macro   0x0000000000001680      0x1df HAL/Keypad/keypad.o
 .debug_macro   0x000000000000185f      0x1b0 HAL/Keypad/keypad.o
 .debug_macro   0x0000000000001a0f       0xd0 HAL/Keypad/keypad.o
 .debug_macro   0x0000000000001adf       0x3a HAL/Keypad/keypad.o
 .debug_macro   0x0000000000001b19       0x22 HAL/Keypad/keypad.o
 .debug_macro   0x0000000000001b3b      0x152 HAL/LCD/lcd.o
 .debug_macro   0x0000000000001c8d       0xa0 HAL/LCD/lcd.o
 .debug_macro   0x0000000000001d2d      0x152 STM32_F103C6_Drivers/EXTI/STM32F103C6_EXTI_Driver.o
 .debug_macro   0x0000000000001e7f       0xd6 STM32_F103C6_Drivers/EXTI/STM32F103C6_EXTI_Driver.o
 .debug_macro   0x0000000000001f55      0x222 STM32_F103C6_Drivers/EXTI/STM32F103C6_EXTI_Driver.o
 .debug_macro   0x0000000000002177      0x13f STM32_F103C6_Drivers/GPIO/STM32F103C6_GPIO_Driver.o
 .debug_macro   0x00000000000022b6      0x168 Src/main.o
 .debug_macro   0x000000000000241e       0xa6 Src/main.o
 .debug_macro   0x00000000000024c4       0x40 Src/main.o

.debug_line     0x0000000000000000     0x275c
 .debug_line    0x0000000000000000      0x7a9 HAL/Keypad/keypad.o
 .debug_line    0x00000000000007a9      0x7ef HAL/LCD/lcd.o
 .debug_line    0x0000000000000f98      0x86a STM32_F103C6_Drivers/EXTI/STM32F103C6_EXTI_Driver.o
 .debug_line    0x0000000000001802      0x7a6 STM32_F103C6_Drivers/GPIO/STM32F103C6_GPIO_Driver.o
 .debug_line    0x0000000000001fa8      0x730 Src/main.o
 .debug_line    0x00000000000026d8       0x84 Startup/startup_stm32f103c6tx.o

.debug_str      0x0000000000000000     0x9531
 .debug_str     0x0000000000000000     0x7b25 HAL/Keypad/keypad.o
                                       0x7d86 (size before relaxing)
 .debug_str     0x0000000000007b25      0x344 HAL/LCD/lcd.o
                                       0x7f63 (size before relaxing)
 .debug_str     0x0000000000007e69     0x1525 STM32_F103C6_Drivers/EXTI/STM32F103C6_EXTI_Driver.o
                                       0x9134 (size before relaxing)
 .debug_str     0x000000000000938e      0x13f STM32_F103C6_Drivers/GPIO/STM32F103C6_GPIO_Driver.o
                                       0x7d59 (size before relaxing)
 .debug_str     0x00000000000094cd       0x33 Src/main.o
                                       0x9268 (size before relaxing)
 .debug_str     0x0000000000009500       0x31 Startup/startup_stm32f103c6tx.o
                                         0x5f (size before relaxing)

.comment        0x0000000000000000       0x7b
 .comment       0x0000000000000000       0x7b HAL/Keypad/keypad.o
                                         0x7c (size before relaxing)
 .comment       0x000000000000007b       0x7c HAL/LCD/lcd.o
 .comment       0x000000000000007b       0x7c STM32_F103C6_Drivers/EXTI/STM32F103C6_EXTI_Driver.o
 .comment       0x000000000000007b       0x7c STM32_F103C6_Drivers/GPIO/STM32F103C6_GPIO_Driver.o
 .comment       0x000000000000007b       0x7c Src/main.o

.debug_frame    0x0000000000000000      0x5a4
 .debug_frame   0x0000000000000000       0x50 HAL/Keypad/keypad.o
 .debug_frame   0x0000000000000050      0x170 HAL/LCD/lcd.o
 .debug_frame   0x00000000000001c0      0x1b0 STM32_F103C6_Drivers/EXTI/STM32F103C6_EXTI_Driver.o
 .debug_frame   0x0000000000000370      0x178 STM32_F103C6_Drivers/GPIO/STM32F103C6_GPIO_Driver.o
 .debug_frame   0x00000000000004e8       0x90 Src/main.o
 .debug_frame   0x0000000000000578       0x2c d:/learnindepthembedded/tools/cube ide/stm32cubeide_1.4.0/stm32cubeide/plugins/com.st.stm32cube.ide.mcu.externaltools.gnu-tools-for-stm32.7-2018-q2-update.win32_1.4.0.202007081208/tools/bin/../lib/gcc/arm-none-eabi/7.3.1/../../../../arm-none-eabi/lib/thumb/v7-m\libc_nano.a(lib_a-init.o)
