15:37:13 **** Build of configuration Debug for project DoorLock_AUTOSAR_Project ****
make -j32 all 
arm-none-eabi-gcc  -gdwarf-2 "../Stm32_F103C6_Drivers/GPIO/stm32f103x8_gpio_driver.c" -mcpu=cortex-m3 -std=gnu11 -g3 -DSTM32 -DSTM32F1 -DSTM32F103C6Tx -DDEBUG -c -I../Inc -I"D:/Learn_In_Depth/AUTOSAR/Unit 3 AUTOSAR SW LAYER/Project/DoorLock_Code/DoorLock_AUTOSAR_Project/DoorLock_AUTOSAR_Implementation/AUTOSAR_include_files" -I"D:/Learn_In_Depth/AUTOSAR/Unit 3 AUTOSAR SW LAYER/Project/DoorLock_Code/DoorLock_AUTOSAR_Project/HAL/includes" -I"D:/Learn_In_Depth/AUTOSAR/Unit 3 AUTOSAR SW LAYER/Project/DoorLock_Code/DoorLock_AUTOSAR_Project/Stm32_F103C6_Drivers/inc" -O0 -ffunction-sections -fdata-sections -Wall -fstack-usage -fcyclomatic-complexity -MMD -MP -MF"Stm32_F103C6_Drivers/GPIO/stm32f103x8_gpio_driver.d" -MT"Stm32_F103C6_Drivers/GPIO/stm32f103x8_gpio_driver.o" --specs=nano.specs -mfloat-abi=soft -mthumb -o "Stm32_F103C6_Drivers/GPIO/stm32f103x8_gpio_driver.o"
arm-none-eabi-gcc  -gdwarf-2 "../Stm32_F103C6_Drivers/stm32f103x8_EXTI_driver.c" -mcpu=cortex-m3 -std=gnu11 -g3 -DSTM32 -DSTM32F1 -DSTM32F103C6Tx -DDEBUG -c -I../Inc -I"D:/Learn_In_Depth/AUTOSAR/Unit 3 AUTOSAR SW LAYER/Project/DoorLock_Code/DoorLock_AUTOSAR_Project/DoorLock_AUTOSAR_Implementation/AUTOSAR_include_files" -I"D:/Learn_In_Depth/AUTOSAR/Unit 3 AUTOSAR SW LAYER/Project/DoorLock_Code/DoorLock_AUTOSAR_Project/HAL/includes" -I"D:/Learn_In_Depth/AUTOSAR/Unit 3 AUTOSAR SW LAYER/Project/DoorLock_Code/DoorLock_AUTOSAR_Project/Stm32_F103C6_Drivers/inc" -O0 -ffunction-sections -fdata-sections -Wall -fstack-usage -fcyclomatic-complexity -MMD -MP -MF"Stm32_F103C6_Drivers/stm32f103x8_EXTI_driver.d" -MT"Stm32_F103C6_Drivers/stm32f103x8_EXTI_driver.o" --specs=nano.specs -mfloat-abi=soft -mthumb -o "Stm32_F103C6_Drivers/stm32f103x8_EXTI_driver.o"
arm-none-eabi-gcc  -gdwarf-2 "../Stm32_F103C6_Drivers/stm32f103x8_I2C_Drver.c" -mcpu=cortex-m3 -std=gnu11 -g3 -DSTM32 -DSTM32F1 -DSTM32F103C6Tx -DDEBUG -c -I../Inc -I"D:/Learn_In_Depth/AUTOSAR/Unit 3 AUTOSAR SW LAYER/Project/DoorLock_Code/DoorLock_AUTOSAR_Project/DoorLock_AUTOSAR_Implementation/AUTOSAR_include_files" -I"D:/Learn_In_Depth/AUTOSAR/Unit 3 AUTOSAR SW LAYER/Project/DoorLock_Code/DoorLock_AUTOSAR_Project/HAL/includes" -I"D:/Learn_In_Depth/AUTOSAR/Unit 3 AUTOSAR SW LAYER/Project/DoorLock_Code/DoorLock_AUTOSAR_Project/Stm32_F103C6_Drivers/inc" -O0 -ffunction-sections -fdata-sections -Wall -fstack-usage -fcyclomatic-complexity -MMD -MP -MF"Stm32_F103C6_Drivers/stm32f103x8_I2C_Drver.d" -MT"Stm32_F103C6_Drivers/stm32f103x8_I2C_Drver.o" --specs=nano.specs -mfloat-abi=soft -mthumb -o "Stm32_F103C6_Drivers/stm32f103x8_I2C_Drver.o"
arm-none-eabi-gcc  -gdwarf-2 "../Stm32_F103C6_Drivers/stm32f103x8_RCC_driver.c" -mcpu=cortex-m3 -std=gnu11 -g3 -DSTM32 -DSTM32F1 -DSTM32F103C6Tx -DDEBUG -c -I../Inc -I"D:/Learn_In_Depth/AUTOSAR/Unit 3 AUTOSAR SW LAYER/Project/DoorLock_Code/DoorLock_AUTOSAR_Project/DoorLock_AUTOSAR_Implementation/AUTOSAR_include_files" -I"D:/Learn_In_Depth/AUTOSAR/Unit 3 AUTOSAR SW LAYER/Project/DoorLock_Code/DoorLock_AUTOSAR_Project/HAL/includes" -I"D:/Learn_In_Depth/AUTOSAR/Unit 3 AUTOSAR SW LAYER/Project/DoorLock_Code/DoorLock_AUTOSAR_Project/Stm32_F103C6_Drivers/inc" -O0 -ffunction-sections -fdata-sections -Wall -fstack-usage -fcyclomatic-complexity -MMD -MP -MF"Stm32_F103C6_Drivers/stm32f103x8_RCC_driver.d" -MT"Stm32_F103C6_Drivers/stm32f103x8_RCC_driver.o" --specs=nano.specs -mfloat-abi=soft -mthumb -o "Stm32_F103C6_Drivers/stm32f103x8_RCC_driver.o"
arm-none-eabi-gcc  -gdwarf-2 "../Stm32_F103C6_Drivers/stm32f103x8_SPI_Drver.c" -mcpu=cortex-m3 -std=gnu11 -g3 -DSTM32 -DSTM32F1 -DSTM32F103C6Tx -DDEBUG -c -I../Inc -I"D:/Learn_In_Depth/AUTOSAR/Unit 3 AUTOSAR SW LAYER/Project/DoorLock_Code/DoorLock_AUTOSAR_Project/DoorLock_AUTOSAR_Implementation/AUTOSAR_include_files" -I"D:/Learn_In_Depth/AUTOSAR/Unit 3 AUTOSAR SW LAYER/Project/DoorLock_Code/DoorLock_AUTOSAR_Project/HAL/includes" -I"D:/Learn_In_Depth/AUTOSAR/Unit 3 AUTOSAR SW LAYER/Project/DoorLock_Code/DoorLock_AUTOSAR_Project/Stm32_F103C6_Drivers/inc" -O0 -ffunction-sections -fdata-sections -Wall -fstack-usage -fcyclomatic-complexity -MMD -MP -MF"Stm32_F103C6_Drivers/stm32f103x8_SPI_Drver.d" -MT"Stm32_F103C6_Drivers/stm32f103x8_SPI_Drver.o" --specs=nano.specs -mfloat-abi=soft -mthumb -o "Stm32_F103C6_Drivers/stm32f103x8_SPI_Drver.o"
arm-none-eabi-gcc  -gdwarf-2 "../Stm32_F103C6_Drivers/stm32f103x8_USART_driver.c" -mcpu=cortex-m3 -std=gnu11 -g3 -DSTM32 -DSTM32F1 -DSTM32F103C6Tx -DDEBUG -c -I../Inc -I"D:/Learn_In_Depth/AUTOSAR/Unit 3 AUTOSAR SW LAYER/Project/DoorLock_Code/DoorLock_AUTOSAR_Project/DoorLock_AUTOSAR_Implementation/AUTOSAR_include_files" -I"D:/Learn_In_Depth/AUTOSAR/Unit 3 AUTOSAR SW LAYER/Project/DoorLock_Code/DoorLock_AUTOSAR_Project/HAL/includes" -I"D:/Learn_In_Depth/AUTOSAR/Unit 3 AUTOSAR SW LAYER/Project/DoorLock_Code/DoorLock_AUTOSAR_Project/Stm32_F103C6_Drivers/inc" -O0 -ffunction-sections -fdata-sections -Wall -fstack-usage -fcyclomatic-complexity -MMD -MP -MF"Stm32_F103C6_Drivers/stm32f103x8_USART_driver.d" -MT"Stm32_F103C6_Drivers/stm32f103x8_USART_driver.o" --specs=nano.specs -mfloat-abi=soft -mthumb -o "Stm32_F103C6_Drivers/stm32f103x8_USART_driver.o"
arm-none-eabi-gcc  -gdwarf-2 "../Src/main.c" -mcpu=cortex-m3 -std=gnu11 -g3 -DSTM32 -DSTM32F1 -DSTM32F103C6Tx -DDEBUG -c -I../Inc -I"D:/Learn_In_Depth/AUTOSAR/Unit 3 AUTOSAR SW LAYER/Project/DoorLock_Code/DoorLock_AUTOSAR_Project/DoorLock_AUTOSAR_Implementation/AUTOSAR_include_files" -I"D:/Learn_In_Depth/AUTOSAR/Unit 3 AUTOSAR SW LAYER/Project/DoorLock_Code/DoorLock_AUTOSAR_Project/HAL/includes" -I"D:/Learn_In_Depth/AUTOSAR/Unit 3 AUTOSAR SW LAYER/Project/DoorLock_Code/DoorLock_AUTOSAR_Project/Stm32_F103C6_Drivers/inc" -O0 -ffunction-sections -fdata-sections -Wall -fstack-usage -fcyclomatic-complexity -MMD -MP -MF"Src/main.d" -MT"Src/main.o" --specs=nano.specs -mfloat-abi=soft -mthumb -o "Src/main.o"
arm-none-eabi-gcc  -gdwarf-2 "../Src/syscalls.c" -mcpu=cortex-m3 -std=gnu11 -g3 -DSTM32 -DSTM32F1 -DSTM32F103C6Tx -DDEBUG -c -I../Inc -I"D:/Learn_In_Depth/AUTOSAR/Unit 3 AUTOSAR SW LAYER/Project/DoorLock_Code/DoorLock_AUTOSAR_Project/DoorLock_AUTOSAR_Implementation/AUTOSAR_include_files" -I"D:/Learn_In_Depth/AUTOSAR/Unit 3 AUTOSAR SW LAYER/Project/DoorLock_Code/DoorLock_AUTOSAR_Project/HAL/includes" -I"D:/Learn_In_Depth/AUTOSAR/Unit 3 AUTOSAR SW LAYER/Project/DoorLock_Code/DoorLock_AUTOSAR_Project/Stm32_F103C6_Drivers/inc" -O0 -ffunction-sections -fdata-sections -Wall -fstack-usage -fcyclomatic-complexity -MMD -MP -MF"Src/syscalls.d" -MT"Src/syscalls.o" --specs=nano.specs -mfloat-abi=soft -mthumb -o "Src/syscalls.o"
arm-none-eabi-gcc  -gdwarf-2 "../Src/sysmem.c" -mcpu=cortex-m3 -std=gnu11 -g3 -DSTM32 -DSTM32F1 -DSTM32F103C6Tx -DDEBUG -c -I../Inc -I"D:/Learn_In_Depth/AUTOSAR/Unit 3 AUTOSAR SW LAYER/Project/DoorLock_Code/DoorLock_AUTOSAR_Project/DoorLock_AUTOSAR_Implementation/AUTOSAR_include_files" -I"D:/Learn_In_Depth/AUTOSAR/Unit 3 AUTOSAR SW LAYER/Project/DoorLock_Code/DoorLock_AUTOSAR_Project/HAL/includes" -I"D:/Learn_In_Depth/AUTOSAR/Unit 3 AUTOSAR SW LAYER/Project/DoorLock_Code/DoorLock_AUTOSAR_Project/Stm32_F103C6_Drivers/inc" -O0 -ffunction-sections -fdata-sections -Wall -fstack-usage -fcyclomatic-complexity -MMD -MP -MF"Src/sysmem.d" -MT"Src/sysmem.o" --specs=nano.specs -mfloat-abi=soft -mthumb -o "Src/sysmem.o"
arm-none-eabi-gcc  -gdwarf-2 "../HAL/I2C_Slave_EEPROM.c" -mcpu=cortex-m3 -std=gnu11 -g3 -DSTM32 -DSTM32F1 -DSTM32F103C6Tx -DDEBUG -c -I../Inc -I"D:/Learn_In_Depth/AUTOSAR/Unit 3 AUTOSAR SW LAYER/Project/DoorLock_Code/DoorLock_AUTOSAR_Project/DoorLock_AUTOSAR_Implementation/AUTOSAR_include_files" -I"D:/Learn_In_Depth/AUTOSAR/Unit 3 AUTOSAR SW LAYER/Project/DoorLock_Code/DoorLock_AUTOSAR_Project/HAL/includes" -I"D:/Learn_In_Depth/AUTOSAR/Unit 3 AUTOSAR SW LAYER/Project/DoorLock_Code/DoorLock_AUTOSAR_Project/Stm32_F103C6_Drivers/inc" -O0 -ffunction-sections -fdata-sections -Wall -fstack-usage -fcyclomatic-complexity -MMD -MP -MF"HAL/I2C_Slave_EEPROM.d" -MT"HAL/I2C_Slave_EEPROM.o" --specs=nano.specs -mfloat-abi=soft -mthumb -o "HAL/I2C_Slave_EEPROM.o"
arm-none-eabi-gcc  -gdwarf-2 "../HAL/keypad.c" -mcpu=cortex-m3 -std=gnu11 -g3 -DSTM32 -DSTM32F1 -DSTM32F103C6Tx -DDEBUG -c -I../Inc -I"D:/Learn_In_Depth/AUTOSAR/Unit 3 AUTOSAR SW LAYER/Project/DoorLock_Code/DoorLock_AUTOSAR_Project/DoorLock_AUTOSAR_Implementation/AUTOSAR_include_files" -I"D:/Learn_In_Depth/AUTOSAR/Unit 3 AUTOSAR SW LAYER/Project/DoorLock_Code/DoorLock_AUTOSAR_Project/HAL/includes" -I"D:/Learn_In_Depth/AUTOSAR/Unit 3 AUTOSAR SW LAYER/Project/DoorLock_Code/DoorLock_AUTOSAR_Project/Stm32_F103C6_Drivers/inc" -O0 -ffunction-sections -fdata-sections -Wall -fstack-usage -fcyclomatic-complexity -MMD -MP -MF"HAL/keypad.d" -MT"HAL/keypad.o" --specs=nano.specs -mfloat-abi=soft -mthumb -o "HAL/keypad.o"
arm-none-eabi-gcc  -gdwarf-2 "../HAL/lcd.c" -mcpu=cortex-m3 -std=gnu11 -g3 -DSTM32 -DSTM32F1 -DSTM32F103C6Tx -DDEBUG -c -I../Inc -I"D:/Learn_In_Depth/AUTOSAR/Unit 3 AUTOSAR SW LAYER/Project/DoorLock_Code/DoorLock_AUTOSAR_Project/DoorLock_AUTOSAR_Implementation/AUTOSAR_include_files" -I"D:/Learn_In_Depth/AUTOSAR/Unit 3 AUTOSAR SW LAYER/Project/DoorLock_Code/DoorLock_AUTOSAR_Project/HAL/includes" -I"D:/Learn_In_Depth/AUTOSAR/Unit 3 AUTOSAR SW LAYER/Project/DoorLock_Code/DoorLock_AUTOSAR_Project/Stm32_F103C6_Drivers/inc" -O0 -ffunction-sections -fdata-sections -Wall -fstack-usage -fcyclomatic-complexity -MMD -MP -MF"HAL/lcd.d" -MT"HAL/lcd.o" --specs=nano.specs -mfloat-abi=soft -mthumb -o "HAL/lcd.o"
arm-none-eabi-gcc  -gdwarf-2 "../DoorLock_AUTOSAR_Implementation/RTE_GEN/Rte_DoorLock_Indication_SWC.c" -mcpu=cortex-m3 -std=gnu11 -g3 -DSTM32 -DSTM32F1 -DSTM32F103C6Tx -DDEBUG -c -I../Inc -I"D:/Learn_In_Depth/AUTOSAR/Unit 3 AUTOSAR SW LAYER/Project/DoorLock_Code/DoorLock_AUTOSAR_Project/DoorLock_AUTOSAR_Implementation/AUTOSAR_include_files" -I"D:/Learn_In_Depth/AUTOSAR/Unit 3 AUTOSAR SW LAYER/Project/DoorLock_Code/DoorLock_AUTOSAR_Project/HAL/includes" -I"D:/Learn_In_Depth/AUTOSAR/Unit 3 AUTOSAR SW LAYER/Project/DoorLock_Code/DoorLock_AUTOSAR_Project/Stm32_F103C6_Drivers/inc" -O0 -ffunction-sections -fdata-sections -Wall -fstack-usage -fcyclomatic-complexity -MMD -MP -MF"DoorLock_AUTOSAR_Implementation/RTE_GEN/Rte_DoorLock_Indication_SWC.d" -MT"DoorLock_AUTOSAR_Implementation/RTE_GEN/Rte_DoorLock_Indication_SWC.o" --specs=nano.specs -mfloat-abi=soft -mthumb -o "DoorLock_AUTOSAR_Implementation/RTE_GEN/Rte_DoorLock_Indication_SWC.o"
arm-none-eabi-gcc  -gdwarf-2 "../DoorLock_AUTOSAR_Implementation/RTE_GEN/Rte_DoorSensorAbstractionSWC.c" -mcpu=cortex-m3 -std=gnu11 -g3 -DSTM32 -DSTM32F1 -DSTM32F103C6Tx -DDEBUG -c -I../Inc -I"D:/Learn_In_Depth/AUTOSAR/Unit 3 AUTOSAR SW LAYER/Project/DoorLock_Code/DoorLock_AUTOSAR_Project/DoorLock_AUTOSAR_Implementation/AUTOSAR_include_files" -I"D:/Learn_In_Depth/AUTOSAR/Unit 3 AUTOSAR SW LAYER/Project/DoorLock_Code/DoorLock_AUTOSAR_Project/HAL/includes" -I"D:/Learn_In_Depth/AUTOSAR/Unit 3 AUTOSAR SW LAYER/Project/DoorLock_Code/DoorLock_AUTOSAR_Project/Stm32_F103C6_Drivers/inc" -O0 -ffunction-sections -fdata-sections -Wall -fstack-usage -fcyclomatic-complexity -MMD -MP -MF"DoorLock_AUTOSAR_Implementation/RTE_GEN/Rte_DoorSensorAbstractionSWC.d" -MT"DoorLock_AUTOSAR_Implementation/RTE_GEN/Rte_DoorSensorAbstractionSWC.o" --specs=nano.specs -mfloat-abi=soft -mthumb -o "DoorLock_AUTOSAR_Implementation/RTE_GEN/Rte_DoorSensorAbstractionSWC.o"
arm-none-eabi-gcc  -gdwarf-2 "../DoorLock_AUTOSAR_Implementation/MCAL/DIO.c" -mcpu=cortex-m3 -std=gnu11 -g3 -DSTM32 -DSTM32F1 -DSTM32F103C6Tx -DDEBUG -c -I../Inc -I"D:/Learn_In_Depth/AUTOSAR/Unit 3 AUTOSAR SW LAYER/Project/DoorLock_Code/DoorLock_AUTOSAR_Project/DoorLock_AUTOSAR_Implementation/AUTOSAR_include_files" -I"D:/Learn_In_Depth/AUTOSAR/Unit 3 AUTOSAR SW LAYER/Project/DoorLock_Code/DoorLock_AUTOSAR_Project/HAL/includes" -I"D:/Learn_In_Depth/AUTOSAR/Unit 3 AUTOSAR SW LAYER/Project/DoorLock_Code/DoorLock_AUTOSAR_Project/Stm32_F103C6_Drivers/inc" -O0 -ffunction-sections -fdata-sections -Wall -fstack-usage -fcyclomatic-complexity -MMD -MP -MF"DoorLock_AUTOSAR_Implementation/MCAL/DIO.d" -MT"DoorLock_AUTOSAR_Implementation/MCAL/DIO.o" --specs=nano.specs -mfloat-abi=soft -mthumb -o "DoorLock_AUTOSAR_Implementation/MCAL/DIO.o"
arm-none-eabi-gcc  -gdwarf-2 "../DoorLock_AUTOSAR_Implementation/DoorLock_Indication_SWC.c" -mcpu=cortex-m3 -std=gnu11 -g3 -DSTM32 -DSTM32F1 -DSTM32F103C6Tx -DDEBUG -c -I../Inc -I"D:/Learn_In_Depth/AUTOSAR/Unit 3 AUTOSAR SW LAYER/Project/DoorLock_Code/DoorLock_AUTOSAR_Project/DoorLock_AUTOSAR_Implementation/AUTOSAR_include_files" -I"D:/Learn_In_Depth/AUTOSAR/Unit 3 AUTOSAR SW LAYER/Project/DoorLock_Code/DoorLock_AUTOSAR_Project/HAL/includes" -I"D:/Learn_In_Depth/AUTOSAR/Unit 3 AUTOSAR SW LAYER/Project/DoorLock_Code/DoorLock_AUTOSAR_Project/Stm32_F103C6_Drivers/inc" -O0 -ffunction-sections -fdata-sections -Wall -fstack-usage -fcyclomatic-complexity -MMD -MP -MF"DoorLock_AUTOSAR_Implementation/DoorLock_Indication_SWC.d" -MT"DoorLock_AUTOSAR_Implementation/DoorLock_Indication_SWC.o" --specs=nano.specs -mfloat-abi=soft -mthumb -o "DoorLock_AUTOSAR_Implementation/DoorLock_Indication_SWC.o"
arm-none-eabi-gcc  -gdwarf-2 "../DoorLock_AUTOSAR_Implementation/DoorSensorAbstractionSWC.c" -mcpu=cortex-m3 -std=gnu11 -g3 -DSTM32 -DSTM32F1 -DSTM32F103C6Tx -DDEBUG -c -I../Inc -I"D:/Learn_In_Depth/AUTOSAR/Unit 3 AUTOSAR SW LAYER/Project/DoorLock_Code/DoorLock_AUTOSAR_Project/DoorLock_AUTOSAR_Implementation/AUTOSAR_include_files" -I"D:/Learn_In_Depth/AUTOSAR/Unit 3 AUTOSAR SW LAYER/Project/DoorLock_Code/DoorLock_AUTOSAR_Project/HAL/includes" -I"D:/Learn_In_Depth/AUTOSAR/Unit 3 AUTOSAR SW LAYER/Project/DoorLock_Code/DoorLock_AUTOSAR_Project/Stm32_F103C6_Drivers/inc" -O0 -ffunction-sections -fdata-sections -Wall -fstack-usage -fcyclomatic-complexity -MMD -MP -MF"DoorLock_AUTOSAR_Implementation/DoorSensorAbstractionSWC.d" -MT"DoorLock_AUTOSAR_Implementation/DoorSensorAbstractionSWC.o" --specs=nano.specs -mfloat-abi=soft -mthumb -o "DoorLock_AUTOSAR_Implementation/DoorSensorAbstractionSWC.o"
../Stm32_F103C6_Drivers/stm32f103x8_RCC_driver.c: In function 'MCAL_RCC_GetSYS_CLCKFreq':
../Stm32_F103C6_Drivers/stm32f103x8_RCC_driver.c:87:1: warning: control reaches end of non-void function [-Wreturn-type]
   87 | }
      | ^
../Stm32_F103C6_Drivers/stm32f103x8_SPI_Drver.c: In function 'MCAL_SPI_GPIO_Set_Pins':
../Stm32_F103C6_Drivers/stm32f103x8_SPI_Drver.c:274:25: warning: case label value is less than minimum value for type [-Wswitch-outside-range]
  274 |                         case SPI_NSS_Hard_Master_SS_output_disable:
      |                         ^~~~
../Stm32_F103C6_Drivers/stm32f103x8_SPI_Drver.c:376:25: warning: case label value is less than minimum value for type [-Wswitch-outside-range]
  376 |                         case SPI_NSS_Hard_Master_SS_output_disable:
      |                         ^~~~
../Stm32_F103C6_Drivers/stm32f103x8_I2C_Drver.c:20:42: warning: initialization of 'long unsigned int' from 'void *' makes integer from pointer without a cast [-Wint-conversion]
   20 | I2C_InitTypeDef Global_I2C_Config[2]  = {NULL,NULL} ;
      |                                          ^~~~
../Stm32_F103C6_Drivers/stm32f103x8_I2C_Drver.c:20:42: note: (near initialization for 'Global_I2C_Config[0].I2C_ClockSpeed')
../Stm32_F103C6_Drivers/stm32f103x8_I2C_Drver.c:20:47: warning: initialization of 'long unsigned int' from 'void *' makes integer from pointer without a cast [-Wint-conversion]
   20 | I2C_InitTypeDef Global_I2C_Config[2]  = {NULL,NULL} ;
      |                                               ^~~~
../Stm32_F103C6_Drivers/stm32f103x8_I2C_Drver.c:20:47: note: (near initialization for 'Global_I2C_Config[0].StretchMode')
../Stm32_F103C6_Drivers/stm32f103x8_I2C_Drver.c:20:41: warning: missing braces around initializer [-Wmissing-braces]
   20 | I2C_InitTypeDef Global_I2C_Config[2]  = {NULL,NULL} ;
      |                                         ^
../DoorLock_AUTOSAR_Implementation/RTE_GEN/Rte_DoorLock_Indication_SWC.c: In function 'Rte_Call_DoorLock_Indication_SWC_RP_CS_LED_Switch_LED_Switch':
../DoorLock_AUTOSAR_Implementation/RTE_GEN/Rte_DoorLock_Indication_SWC.c:37:9: warning: implicit declaration of function 'LED_Switch_Runnable' [-Wimplicit-function-declaration]
   37 |         LED_Switch_Runnable(LedState);
      |         ^~~~~~~~~~~~~~~~~~~
../Stm32_F103C6_Drivers/stm32f103x8_USART_driver.c: In function 'MCAL_UART_SendData':
../Stm32_F103C6_Drivers/stm32f103x8_USART_driver.c:180:19: warning: unused variable 'pdata' [-Wunused-variable]
  180 |         uint16_t *pdata;
      |                   ^~~~~
../Stm32_F103C6_Drivers/stm32f103x8_I2C_Drver.c: In function 'I2C_GetFlagStatus':
../Stm32_F103C6_Drivers/stm32f103x8_I2C_Drver.c:400:27: warning: unused variable 'dummyRead' [-Wunused-variable]
  400 |         volatile uint32_t dummyRead ;
      |                           ^~~~~~~~~
../Stm32_F103C6_Drivers/stm32f103x8_I2C_Drver.c: In function 'I2C1_EV_IRQHandler':
../Stm32_F103C6_Drivers/stm32f103x8_I2C_Drver.c:544:25: warning: implicit declaration of function 'Slave_States' [-Wimplicit-function-declaration]
  544 |                         Slave_States(I2Cx,I2C_EV_STOP);
      |                         ^~~~~~~~~~~~
../Stm32_F103C6_Drivers/stm32f103x8_I2C_Drver.c:527:27: warning: variable 'dummy_read' set but not used [-Wunused-but-set-variable]
  527 |         volatile uint32_t dummy_read = 0 ;
      |                           ^~~~~~~~~~
../Stm32_F103C6_Drivers/stm32f103x8_I2C_Drver.c: At top level:
../Stm32_F103C6_Drivers/stm32f103x8_I2C_Drver.c:612:6: warning: conflicting types for 'Slave_States'; have 'void(I2C_TypeDef *, Slave_State)'
  612 | void Slave_States (I2C_TypeDef* I2Cx  ,Slave_State state)
      |      ^~~~~~~~~~~~
../Stm32_F103C6_Drivers/stm32f103x8_I2C_Drver.c:544:25: note: previous implicit declaration of 'Slave_States' with type 'void(I2C_TypeDef *, Slave_State)'
  544 |                         Slave_States(I2Cx,I2C_EV_STOP);
      |                         ^~~~~~~~~~~~
../Src/main.c: In function 'StartOS':
../Src/main.c:83:25: warning: implicit declaration of function 'ReadDoorSensor_Runnable' [-Wimplicit-function-declaration]
   83 |                         ReadDoorSensor_Runnable();
      |                         ^~~~~~~~~~~~~~~~~~~~~~~
../Src/main.c:88:25: warning: implicit declaration of function 'DoorLock_Indication_Runnable' [-Wimplicit-function-declaration]
   88 |                         DoorLock_Indication_Runnable();
      |                         ^~~~~~~~~~~~~~~~~~~~~~~~~~~~
arm-none-eabi-gcc  -gdwarf-2 -o "DoorLock_AUTOSAR_Project.elf" @"objects.list"   -mcpu=cortex-m3 -T"D:\Learn_In_Depth\AUTOSAR\Unit 3 AUTOSAR SW LAYER\Project\DoorLock_Code\DoorLock_AUTOSAR_Project\STM32F103C6TX_FLASH.ld" --specs=nosys.specs -Wl,-Map="DoorLock_AUTOSAR_Project.map" -Wl,--gc-sections -static --specs=nano.specs -mfloat-abi=soft -mthumb -Wl,--start-group -lc -lm -Wl,--end-group
D:/Learn_In_Depth/Tools/STM32CubeIDE_1.16.0/STM32CubeIDE/plugins/com.st.stm32cube.ide.mcu.externaltools.gnu-tools-for-stm32.12.3.rel1.win32_1.0.200.202406191623/tools/bin/../lib/gcc/arm-none-eabi/12.3.1/../../../../arm-none-eabi/bin/ld.exe: warning: DoorLock_AUTOSAR_Project.elf has a LOAD segment with RWX permissions
Finished building target: DoorLock_AUTOSAR_Project.elf
 
arm-none-eabi-size  DoorLock_AUTOSAR_Project.elf 
arm-none-eabi-objdump -h -S DoorLock_AUTOSAR_Project.elf  > "DoorLock_AUTOSAR_Project.list"
   text	   data	    bss	    dec	    hex	filename
   3176	      8	   1720	   4904	   1328	DoorLock_AUTOSAR_Project.elf
Finished building: default.size.stdout
 
Finished building: DoorLock_AUTOSAR_Project.list
 

15:37:16 Build Finished. 0 errors, 15 warnings. (took 3s.71ms)

