Archive member included to satisfy reference by file (symbol)

D:/Learn_In_Depth/Tools/STM32CubeIDE_1.16.0/STM32CubeIDE/plugins/com.st.stm32cube.ide.mcu.externaltools.gnu-tools-for-stm32.12.3.rel1.win32_1.0.200.202406191623/tools/bin/../lib/gcc/arm-none-eabi/12.3.1/../../../../arm-none-eabi/lib/thumb/v7-m/nofp\libc_nano.a(libc_a-exit.o)
                              D:/Learn_In_Depth/Tools/STM32CubeIDE_1.16.0/STM32CubeIDE/plugins/com.st.stm32cube.ide.mcu.externaltools.gnu-tools-for-stm32.12.3.rel1.win32_1.0.200.202406191623/tools/bin/../lib/gcc/arm-none-eabi/12.3.1/../../../../arm-none-eabi/lib/thumb/v7-m/nofp/crt0.o (exit)
D:/Learn_In_Depth/Tools/STM32CubeIDE_1.16.0/STM32CubeIDE/plugins/com.st.stm32cube.ide.mcu.externaltools.gnu-tools-for-stm32.12.3.rel1.win32_1.0.200.202406191623/tools/bin/../lib/gcc/arm-none-eabi/12.3.1/../../../../arm-none-eabi/lib/thumb/v7-m/nofp\libc_nano.a(libc_a-findfp.o)
                              D:/Learn_In_Depth/Tools/STM32CubeIDE_1.16.0/STM32CubeIDE/plugins/com.st.stm32cube.ide.mcu.externaltools.gnu-tools-for-stm32.12.3.rel1.win32_1.0.200.202406191623/tools/bin/../lib/gcc/arm-none-eabi/12.3.1/../../../../arm-none-eabi/lib/thumb/v7-m/nofp\libc_nano.a(libc_a-exit.o) (__stdio_exit_handler)
D:/Learn_In_Depth/Tools/STM32CubeIDE_1.16.0/STM32CubeIDE/plugins/com.st.stm32cube.ide.mcu.externaltools.gnu-tools-for-stm32.12.3.rel1.win32_1.0.200.202406191623/tools/bin/../lib/gcc/arm-none-eabi/12.3.1/../../../../arm-none-eabi/lib/thumb/v7-m/nofp\libc_nano.a(libc_a-fwalk.o)
                              D:/Learn_In_Depth/Tools/STM32CubeIDE_1.16.0/STM32CubeIDE/plugins/com.st.stm32cube.ide.mcu.externaltools.gnu-tools-for-stm32.12.3.rel1.win32_1.0.200.202406191623/tools/bin/../lib/gcc/arm-none-eabi/12.3.1/../../../../arm-none-eabi/lib/thumb/v7-m/nofp\libc_nano.a(libc_a-findfp.o) (_fwalk_sglue)
D:/Learn_In_Depth/Tools/STM32CubeIDE_1.16.0/STM32CubeIDE/plugins/com.st.stm32cube.ide.mcu.externaltools.gnu-tools-for-stm32.12.3.rel1.win32_1.0.200.202406191623/tools/bin/../lib/gcc/arm-none-eabi/12.3.1/../../../../arm-none-eabi/lib/thumb/v7-m/nofp\libc_nano.a(libc_a-stdio.o)
                              D:/Learn_In_Depth/Tools/STM32CubeIDE_1.16.0/STM32CubeIDE/plugins/com.st.stm32cube.ide.mcu.externaltools.gnu-tools-for-stm32.12.3.rel1.win32_1.0.200.202406191623/tools/bin/../lib/gcc/arm-none-eabi/12.3.1/../../../../arm-none-eabi/lib/thumb/v7-m/nofp\libc_nano.a(libc_a-findfp.o) (__sread)
D:/Learn_In_Depth/Tools/STM32CubeIDE_1.16.0/STM32CubeIDE/plugins/com.st.stm32cube.ide.mcu.externaltools.gnu-tools-for-stm32.12.3.rel1.win32_1.0.200.202406191623/tools/bin/../lib/gcc/arm-none-eabi/12.3.1/../../../../arm-none-eabi/lib/thumb/v7-m/nofp\libc_nano.a(libc_a-memset.o)
                              D:/Learn_In_Depth/Tools/STM32CubeIDE_1.16.0/STM32CubeIDE/plugins/com.st.stm32cube.ide.mcu.externaltools.gnu-tools-for-stm32.12.3.rel1.win32_1.0.200.202406191623/tools/bin/../lib/gcc/arm-none-eabi/12.3.1/../../../../arm-none-eabi/lib/thumb/v7-m/nofp/crt0.o (memset)
D:/Learn_In_Depth/Tools/STM32CubeIDE_1.16.0/STM32CubeIDE/plugins/com.st.stm32cube.ide.mcu.externaltools.gnu-tools-for-stm32.12.3.rel1.win32_1.0.200.202406191623/tools/bin/../lib/gcc/arm-none-eabi/12.3.1/../../../../arm-none-eabi/lib/thumb/v7-m/nofp\libc_nano.a(libc_a-closer.o)
                              D:/Learn_In_Depth/Tools/STM32CubeIDE_1.16.0/STM32CubeIDE/plugins/com.st.stm32cube.ide.mcu.externaltools.gnu-tools-for-stm32.12.3.rel1.win32_1.0.200.202406191623/tools/bin/../lib/gcc/arm-none-eabi/12.3.1/../../../../arm-none-eabi/lib/thumb/v7-m/nofp\libc_nano.a(libc_a-stdio.o) (_close_r)
D:/Learn_In_Depth/Tools/STM32CubeIDE_1.16.0/STM32CubeIDE/plugins/com.st.stm32cube.ide.mcu.externaltools.gnu-tools-for-stm32.12.3.rel1.win32_1.0.200.202406191623/tools/bin/../lib/gcc/arm-none-eabi/12.3.1/../../../../arm-none-eabi/lib/thumb/v7-m/nofp\libc_nano.a(libc_a-reent.o)
                              D:/Learn_In_Depth/Tools/STM32CubeIDE_1.16.0/STM32CubeIDE/plugins/com.st.stm32cube.ide.mcu.externaltools.gnu-tools-for-stm32.12.3.rel1.win32_1.0.200.202406191623/tools/bin/../lib/gcc/arm-none-eabi/12.3.1/../../../../arm-none-eabi/lib/thumb/v7-m/nofp\libc_nano.a(libc_a-closer.o) (errno)
D:/Learn_In_Depth/Tools/STM32CubeIDE_1.16.0/STM32CubeIDE/plugins/com.st.stm32cube.ide.mcu.externaltools.gnu-tools-for-stm32.12.3.rel1.win32_1.0.200.202406191623/tools/bin/../lib/gcc/arm-none-eabi/12.3.1/../../../../arm-none-eabi/lib/thumb/v7-m/nofp\libc_nano.a(libc_a-impure.o)
                              D:/Learn_In_Depth/Tools/STM32CubeIDE_1.16.0/STM32CubeIDE/plugins/com.st.stm32cube.ide.mcu.externaltools.gnu-tools-for-stm32.12.3.rel1.win32_1.0.200.202406191623/tools/bin/../lib/gcc/arm-none-eabi/12.3.1/../../../../arm-none-eabi/lib/thumb/v7-m/nofp\libc_nano.a(libc_a-reent.o) (_impure_ptr)
[...]
Memory Configuration

Name             Origin             Length             Attributes
RAM              0x20000000         0x00005000         xrw
FLASH            0x08000000         0x00010000         xr
*default*        0x00000000         0xffffffff

Linker script and memory map

LOAD D:/Learn_In_Depth/Tools/STM32CubeIDE_1.16.0/STM32CubeIDE/plugins/com.st.stm32cube.ide.mcu.externaltools.gnu-tools-for-stm32.12.3.rel1.win32_1.0.200.202406191623/tools/bin/../lib/gcc/arm-none-eabi/12.3.1/thumb/v7-m/nofp/crti.o
LOAD D:/Learn_In_Depth/Tools/STM32CubeIDE_1.16.0/STM32CubeIDE/plugins/com.st.stm32cube.ide.mcu.externaltools.gnu-tools-for-stm32.12.3.rel1.win32_1.0.200.202406191623/tools/bin/../lib/gcc/arm-none-eabi/12.3.1/thumb/v7-m/nofp/crtbegin.o
LOAD D:/Learn_In_Depth/Tools/STM32CubeIDE_1.16.0/STM32CubeIDE/plugins/com.st.stm32cube.ide.mcu.externaltools.gnu-tools-for-stm32.12.3.rel1.win32_1.0.200.202406191623/tools/bin/../lib/gcc/arm-none-eabi/12.3.1/../../../../arm-none-eabi/lib/thumb/v7-m/nofp/crt0.o
LOAD ./Core/Src/main.o
LOAD ./Core/Src/stm32f1xx_hal_msp.o
LOAD ./Core/Src/stm32f1xx_it.o
LOAD ./Core/Src/syscalls.o
LOAD ./Core/Src/sysmem.o
LOAD ./Core/Src/system_stm32f1xx.o
LOAD ./Core/Startup/startup_stm32f103c8tx.o
LOAD ./Drivers/STM32F1xx_HAL_Driver/Src/stm32f1xx_hal.o
LOAD ./Drivers/STM32F1xx_HAL_Driver/Src/stm32f1xx_hal_can.o
LOAD ./Drivers/STM32F1xx_HAL_Driver/Src/stm32f1xx_hal_cortex.o
LOAD ./Drivers/STM32F1xx_HAL_Driver/Src/stm32f1xx_hal_dma.o
LOAD ./Drivers/STM32F1xx_HAL_Driver/Src/stm32f1xx_hal_exti.o
LOAD ./Drivers/STM32F1xx_HAL_Driver/Src/stm32f1xx_hal_flash.o
LOAD ./Drivers/STM32F1xx_HAL_Driver/Src/stm32f1xx_hal_flash_ex.o
LOAD ./Drivers/STM32F1xx_HAL_Driver/Src/stm32f1xx_hal_gpio.o
LOAD ./Drivers/STM32F1xx_HAL_Driver/Src/stm32f1xx_hal_gpio_ex.o
LOAD ./Drivers/STM32F1xx_HAL_Driver/Src/stm32f1xx_hal_pwr.o
LOAD ./Drivers/STM32F1xx_HAL_Driver/Src/stm32f1xx_hal_rcc.o
LOAD ./Drivers/STM32F1xx_HAL_Driver/Src/stm32f1xx_hal_rcc_ex.o
LOAD ./Drivers/STM32F1xx_HAL_Driver/Src/stm32f1xx_hal_tim.o
LOAD ./Drivers/STM32F1xx_HAL_Driver/Src/stm32f1xx_hal_tim_ex.o
START GROUP
LOAD D:/Learn_In_Depth/Tools/STM32CubeIDE_1.16.0/STM32CubeIDE/plugins/com.st.stm32cube.ide.mcu.externaltools.gnu-tools-for-stm32.12.3.rel1.win32_1.0.200.202406191623/tools/bin/../lib/gcc/arm-none-eabi/12.3.1/../../../../arm-none-eabi/lib/thumb/v7-m/nofp\libc_nano.a
LOAD D:/Learn_In_Depth/Tools/STM32CubeIDE_1.16.0/STM32CubeIDE/plugins/com.st.stm32cube.ide.mcu.externaltools.gnu-tools-for-stm32.12.3.rel1.win32_1.0.200.202406191623/tools/bin/../lib/gcc/arm-none-eabi/12.3.1/../../../../arm-none-eabi/lib/thumb/v7-m/nofp\libm.a
END GROUP
START GROUP
LOAD D:/Learn_In_Depth/Tools/STM32CubeIDE_1.16.0/STM32CubeIDE/plugins/com.st.stm32cube.ide.mcu.externaltools.gnu-tools-for-stm32.12.3.rel1.win32_1.0.200.202406191623/tools/bin/../lib/gcc/arm-none-eabi/12.3.1/thumb/v7-m/nofp\libgcc.a
LOAD D:/Learn_In_Depth/Tools/STM32CubeIDE_1.16.0/STM32CubeIDE/plugins/com.st.stm32cube.ide.mcu.externaltools.gnu-tools-for-stm32.12.3.rel1.win32_1.0.200.202406191623/tools/bin/../lib/gcc/arm-none-eabi/12.3.1/../../../../arm-none-eabi/lib/thumb/v7-m/nofp\libc_nano.a
END GROUP
START GROUP
LOAD D:/Learn_In_Depth/Tools/STM32CubeIDE_1.16.0/STM32CubeIDE/plugins/com.st.stm32cube.ide.mcu.externaltools.gnu-tools-for-stm32.12.3.rel1.win32_1.0.200.202406191623/tools/bin/../lib/gcc/arm-none-eabi/12.3.1/thumb/v7-m/nofp\libgcc.a
LOAD D:/Learn_In_Depth/Tools/STM32CubeIDE_1.16.0/STM32CubeIDE/plugins/com.st.stm32cube.ide.mcu.externaltools.gnu-tools-for-stm32.12.3.rel1.win32_1.0.200.202406191623/tools/bin/../lib/gcc/arm-none-eabi/12.3.1/../../../../arm-none-eabi/lib/thumb/v7-m/nofp\libc_nano.a
LOAD D:/Learn_In_Depth/Tools/STM32CubeIDE_1.16.0/STM32CubeIDE/plugins/com.st.stm32cube.ide.mcu.externaltools.gnu-tools-for-stm32.12.3.rel1.win32_1.0.200.202406191623/tools/bin/../lib/gcc/arm-none-eabi/12.3.1/../../../../arm-none-eabi/lib/thumb/v7-m/nofp\libnosys.a
END GROUP
START GROUP
LOAD D:/Learn_In_Depth/Tools/STM32CubeIDE_1.16.0/STM32CubeIDE/plugins/com.st.stm32cube.ide.mcu.externaltools.gnu-tools-for-stm32.12.3.rel1.win32_1.0.200.202406191623/tools/bin/../lib/gcc/arm-none-eabi/12.3.1/thumb/v7-m/nofp\libgcc.a
LOAD D:/Learn_In_Depth/Tools/STM32CubeIDE_1.16.0/STM32CubeIDE/plugins/com.st.stm32cube.ide.mcu.externaltools.gnu-tools-for-stm32.12.3.rel1.win32_1.0.200.202406191623/tools/bin/../lib/gcc/arm-none-eabi/12.3.1/../../../../arm-none-eabi/lib/thumb/v7-m/nofp\libc_nano.a
LOAD D:/Learn_In_Depth/Tools/STM32CubeIDE_1.16.0/STM32CubeIDE/plugins/com.st.stm32cube.ide.mcu.externaltools.gnu-tools-for-stm32.12.3.rel1.win32_1.0.200.202406191623/tools/bin/../lib/gcc/arm-none-eabi/12.3.1/../../../../arm-none-eabi/lib/thumb/v7-m/nofp\libnosys.a
END GROUP
LOAD D:/Learn_In_Depth/Tools/STM32CubeIDE_1.16.0/STM32CubeIDE/plugins/com.st.stm32cube.ide.mcu.externaltools.gnu-tools-for-stm32.12.3.rel1.win32_1.0.200.202406191623/tools/bin/../lib/gcc/arm-none-eabi/12.3.1/thumb/v7-m/nofp/crtend.o
LOAD D:/Learn_In_Depth/Tools/STM32CubeIDE_1.16.0/STM32CubeIDE/plugins/com.st.stm32cube.ide.mcu.externaltools.gnu-tools-for-stm32.12.3.rel1.win32_1.0.200.202406191623/tools/bin/../lib/gcc/arm-none-eabi/12.3.1/thumb/v7-m/nofp/crtn.o
                0x20005000                        _estack = (ORIGIN (RAM) + LENGTH (RAM))
                0x00000200                        _Min_Heap_Size = 0x200
                0x00000400                        _Min_Stack_Size = 0x400

.isr_vector     0x08000000      0x10c
                0x08000000                        . = ALIGN (0x4)
 *(.isr_vector)
 .isr_vector    0x08000000      0x10c ./Core/Startup/startup_stm32f103c8tx.o
                0x08000000                g_pfnVectors
                0x0800010c                        . = ALIGN (0x4)

.text           0x0800010c     0x212c
                0x0800010c                        . = ALIGN (0x4)
 *(.text)
 .text          0x0800010c       0x40 D:/Learn_In_Depth/Tools/STM32CubeIDE_1.16.0/STM32CubeIDE/plugins/com.st.stm32cube.ide.mcu.externaltools.gnu-tools-for-stm32.12.3.rel1.win32_1.0.200.202406191623/tools/bin/../lib/gcc/arm-none-eabi/12.3.1/thumb/v7-m/nofp/crtbegin.o
 *(.text*)
 .text.main     0x0800014c       0x78 ./Core/Src/main.o
                0x0800014c                main
 .text.SystemClock_Config
                0x080001c4       0x76 ./Core/Src/main.o
                0x080001c4                SystemClock_Config
 *fill*         0x0800023a        0x2 
 .text.MX_CAN_Init
                0x0800023c       0x6c ./Core/Src/main.o
 .text.MX_GPIO_Init
                0x080002a8       0x2c ./Core/Src/main.o
 .text.CAN_TX   0x080002d4       0x78 ./Core/Src/main.o
                0x080002d4                CAN_TX
 .text.CAN_RX_Filter_Init
                0x0800034c       0x5c ./Core/Src/main.o
                0x0800034c                CAN_RX_Filter_Init
 .text.CAN_RX   0x080003a8       0x58 ./Core/Src/main.o
                0x080003a8                CAN_RX
 .text.HAL_CAN_TxMailbox0CompleteCallback
                0x08000400       0x12 ./Core/Src/main.o
                0x08000400                HAL_CAN_TxMailbox0CompleteCallback
 *fill*         0x08000412        0x2 
 .text.HAL_CAN_RxFifo0MsgPendingCallback
                0x08000414       0x34 ./Core/Src/main.o
                0x08000414                HAL_CAN_RxFifo0MsgPendingCallback
 .text.HAL_CAN_ErrorCallback
                0x08000448       0x16 ./Core/Src/main.o
                0x08000448                HAL_CAN_ErrorCallback
 .text.Error_Handler
                0x0800045e        0xc ./Core/Src/main.o
                0x0800045e                Error_Handler
 *fill*         0x0800046a        0x2 
 .text.HAL_MspInit
                0x0800046c       0x64 ./Core/Src/stm32f1xx_hal_msp.o
                0x0800046c                HAL_MspInit
 .text.HAL_CAN_MspInit
                0x080004d0       0xc8 ./Core/Src/stm32f1xx_hal_msp.o
                0x080004d0                HAL_CAN_MspInit
 .text.NMI_Handler
                0x08000598        0x8 ./Core/Src/stm32f1xx_it.o
                0x08000598                NMI_Handler
 .text.HardFault_Handler
                0x080005a0        0x8 ./Core/Src/stm32f1xx_it.o
                0x080005a0                HardFault_Handler
 .text.MemManage_Handler
                0x080005a8        0x8 ./Core/Src/stm32f1xx_it.o
                0x080005a8                MemManage_Handler
 .text.BusFault_Handler
                0x080005b0        0x8 ./Core/Src/stm32f1xx_it.o
                0x080005b0                BusFault_Handler
 .text.UsageFault_Handler
                0x080005b8        0x8 ./Core/Src/stm32f1xx_it.o
                0x080005b8                UsageFault_Handler
 .text.SVC_Handler
                0x080005c0        0xc ./Core/Src/stm32f1xx_it.o
                0x080005c0                SVC_Handler
 .text.DebugMon_Handler
                0x080005cc        0xc ./Core/Src/stm32f1xx_it.o
                0x080005cc                DebugMon_Handler
 .text.PendSV_Handler
                0x080005d8        0xc ./Core/Src/stm32f1xx_it.o
                0x080005d8                PendSV_Handler
 .text.SysTick_Handler
                0x080005e4        0xc ./Core/Src/stm32f1xx_it.o
                0x080005e4                SysTick_Handler
 .text.USB_HP_CAN1_TX_IRQHandler
                0x080005f0       0x14 ./Core/Src/stm32f1xx_it.o
                0x080005f0                USB_HP_CAN1_TX_IRQHandler
 .text.USB_LP_CAN1_RX0_IRQHandler
                0x08000604       0x14 ./Core/Src/stm32f1xx_it.o
                0x08000604                USB_LP_CAN1_RX0_IRQHandler
 .text.CAN1_SCE_IRQHandler
                0x08000618       0x14 ./Core/Src/stm32f1xx_it.o
                0x08000618                CAN1_SCE_IRQHandler
 .text.SystemInit
                0x0800062c        0xc ./Core/Src/system_stm32f1xx.o
                0x0800062c                SystemInit
 .text.Reset_Handler
                0x08000638       0x48 ./Core/Startup/startup_stm32f103c8tx.o
                0x08000638                Reset_Handler
 .text.Default_Handler
                0x08000680        0x2 ./Core/Startup/startup_stm32f103c8tx.o
                0x08000680                RTC_Alarm_IRQHandler
                0x08000680                EXTI2_IRQHandler
                0x08000680                TIM1_CC_IRQHandler
                0x08000680                PVD_IRQHandler
                0x08000680                EXTI3_IRQHandler
                0x08000680                EXTI0_IRQHandler
                0x08000680                I2C2_EV_IRQHandler
                0x08000680                ADC1_2_IRQHandler
                0x08000680                SPI1_IRQHandler
                0x08000680                TAMPER_IRQHandler
                0x08000680                DMA1_Channel4_IRQHandler
                0x08000680                USART3_IRQHandler
                0x08000680                RTC_IRQHandler
                0x08000680                DMA1_Channel7_IRQHandler
                0x08000680                CAN1_RX1_IRQHandler
                0x08000680                TIM4_IRQHandler
                0x08000680                I2C1_EV_IRQHandler
                0x08000680                DMA1_Channel6_IRQHandler
                0x08000680                TIM3_IRQHandler
                0x08000680                RCC_IRQHandler
                0x08000680                TIM1_TRG_COM_IRQHandler
                0x08000680                DMA1_Channel1_IRQHandler
                0x08000680                Default_Handler
                0x08000680                EXTI15_10_IRQHandler
                0x08000680                EXTI9_5_IRQHandler
                0x08000680                SPI2_IRQHandler
                0x08000680                DMA1_Channel5_IRQHandler
                0x08000680                EXTI4_IRQHandler
                0x08000680                DMA1_Channel3_IRQHandler
                0x08000680                TIM1_UP_IRQHandler
                0x08000680                WWDG_IRQHandler
                0x08000680                TIM2_IRQHandler
                0x08000680                TIM1_BRK_IRQHandler
                0x08000680                EXTI1_IRQHandler
                0x08000680                USART2_IRQHandler
                0x08000680                I2C2_ER_IRQHandler
                0x08000680                DMA1_Channel2_IRQHandler
                0x08000680                FLASH_IRQHandler
                0x08000680                USART1_IRQHandler
                0x08000680                I2C1_ER_IRQHandler
                0x08000680                USBWakeUp_IRQHandler
 *fill*         0x08000682        0x2 
 .text.HAL_Init
                0x08000684       0x2c ./Drivers/STM32F1xx_HAL_Driver/Src/stm32f1xx_hal.o
                0x08000684                HAL_Init
 .text.HAL_InitTick
                0x080006b0       0x60 ./Drivers/STM32F1xx_HAL_Driver/Src/stm32f1xx_hal.o
                0x080006b0                HAL_InitTick
 .text.HAL_IncTick
                0x08000710       0x24 ./Drivers/STM32F1xx_HAL_Driver/Src/stm32f1xx_hal.o
                0x08000710                HAL_IncTick
 .text.HAL_GetTick
                0x08000734       0x14 ./Drivers/STM32F1xx_HAL_Driver/Src/stm32f1xx_hal.o
                0x08000734                HAL_GetTick
 .text.HAL_Delay
                0x08000748       0x48 ./Drivers/STM32F1xx_HAL_Driver/Src/stm32f1xx_hal.o
                0x08000748                HAL_Delay
 .text.HAL_CAN_Init
                0x08000790      0x1f6 ./Drivers/STM32F1xx_HAL_Driver/Src/stm32f1xx_hal_can.o
                0x08000790                HAL_CAN_Init
 .text.HAL_CAN_ConfigFilter
                0x08000986      0x192 ./Drivers/STM32F1xx_HAL_Driver/Src/stm32f1xx_hal_can.o
                0x08000986                HAL_CAN_ConfigFilter
 .text.HAL_CAN_Start
                0x08000b18       0x88 ./Drivers/STM32F1xx_HAL_Driver/Src/stm32f1xx_hal_can.o
                0x08000b18                HAL_CAN_Start
 .text.HAL_CAN_AddTxMessage
                0x08000ba0      0x19e ./Drivers/STM32F1xx_HAL_Driver/Src/stm32f1xx_hal_can.o
                0x08000ba0                HAL_CAN_AddTxMessage
 .text.HAL_CAN_GetTxMailboxesFreeLevel
                0x08000d3e       0x68 ./Drivers/STM32F1xx_HAL_Driver/Src/stm32f1xx_hal_can.o
                0x08000d3e                HAL_CAN_GetTxMailboxesFreeLevel
 .text.HAL_CAN_IsTxMessagePending
                0x08000da6       0x46 ./Drivers/STM32F1xx_HAL_Driver/Src/stm32f1xx_hal_can.o
                0x08000da6                HAL_CAN_IsTxMessagePending
 .text.HAL_CAN_GetRxMessage
                0x08000dec      0x242 ./Drivers/STM32F1xx_HAL_Driver/Src/stm32f1xx_hal_can.o
                0x08000dec                HAL_CAN_GetRxMessage
 .text.HAL_CAN_GetRxFifoFillLevel
                0x0800102e       0x4e ./Drivers/STM32F1xx_HAL_Driver/Src/stm32f1xx_hal_can.o
                0x0800102e                HAL_CAN_GetRxFifoFillLevel
 .text.HAL_CAN_ActivateNotification
                0x0800107c       0x4a ./Drivers/STM32F1xx_HAL_Driver/Src/stm32f1xx_hal_can.o
                0x0800107c                HAL_CAN_ActivateNotification
 .text.HAL_CAN_IRQHandler
                0x080010c6      0x36e ./Drivers/STM32F1xx_HAL_Driver/Src/stm32f1xx_hal_can.o
                0x080010c6                HAL_CAN_IRQHandler
 .text.HAL_CAN_TxMailbox1CompleteCallback
                0x08001434       0x12 ./Drivers/STM32F1xx_HAL_Driver/Src/stm32f1xx_hal_can.o
                0x08001434                HAL_CAN_TxMailbox1CompleteCallback
 .text.HAL_CAN_TxMailbox2CompleteCallback
                0x08001446       0x12 ./Drivers/STM32F1xx_HAL_Driver/Src/stm32f1xx_hal_can.o
                0x08001446                HAL_CAN_TxMailbox2CompleteCallback
 .text.HAL_CAN_TxMailbox0AbortCallback
                0x08001458       0x12 ./Drivers/STM32F1xx_HAL_Driver/Src/stm32f1xx_hal_can.o
                0x08001458                HAL_CAN_TxMailbox0AbortCallback
 .text.HAL_CAN_TxMailbox1AbortCallback
                0x0800146a       0x12 ./Drivers/STM32F1xx_HAL_Driver/Src/stm32f1xx_hal_can.o
                0x0800146a                HAL_CAN_TxMailbox1AbortCallback
 .text.HAL_CAN_TxMailbox2AbortCallback
                0x0800147c       0x12 ./Drivers/STM32F1xx_HAL_Driver/Src/stm32f1xx_hal_can.o
                0x0800147c                HAL_CAN_TxMailbox2AbortCallback
 .text.HAL_CAN_RxFifo0FullCallback
                0x0800148e       0x12 ./Drivers/STM32F1xx_HAL_Driver/Src/stm32f1xx_hal_can.o
                0x0800148e                HAL_CAN_RxFifo0FullCallback
 .text.HAL_CAN_RxFifo1MsgPendingCallback
                0x080014a0       0x12 ./Drivers/STM32F1xx_HAL_Driver/Src/stm32f1xx_hal_can.o
                0x080014a0                HAL_CAN_RxFifo1MsgPendingCallback
 .text.HAL_CAN_RxFifo1FullCallback
                0x080014b2       0x12 ./Drivers/STM32F1xx_HAL_Driver/Src/stm32f1xx_hal_can.o
                0x080014b2                HAL_CAN_RxFifo1FullCallback
 .text.HAL_CAN_SleepCallback
                0x080014c4       0x12 ./Drivers/STM32F1xx_HAL_Driver/Src/stm32f1xx_hal_can.o
                0x080014c4                HAL_CAN_SleepCallback
 .text.HAL_CAN_WakeUpFromRxMsgCallback
                0x080014d6       0x12 ./Drivers/STM32F1xx_HAL_Driver/Src/stm32f1xx_hal_can.o
                0x080014d6                HAL_CAN_WakeUpFromRxMsgCallback
 .text.__NVIC_SetPriorityGrouping
                0x080014e8       0x48 ./Drivers/STM32F1xx_HAL_Driver/Src/stm32f1xx_hal_cortex.o
 .text.__NVIC_GetPriorityGrouping
                0x08001530       0x1c ./Drivers/STM32F1xx_HAL_Driver/Src/stm32f1xx_hal_cortex.o
 .text.__NVIC_EnableIRQ
                0x0800154c       0x38 ./Drivers/STM32F1xx_HAL_Driver/Src/stm32f1xx_hal_cortex.o
 .text.__NVIC_SetPriority
                0x08001584       0x54 ./Drivers/STM32F1xx_HAL_Driver/Src/stm32f1xx_hal_cortex.o
 .text.NVIC_EncodePriority
                0x080015d8       0x64 ./Drivers/STM32F1xx_HAL_Driver/Src/stm32f1xx_hal_cortex.o
 .text.SysTick_Config
                0x0800163c       0x44 ./Drivers/STM32F1xx_HAL_Driver/Src/stm32f1xx_hal_cortex.o
 .text.HAL_NVIC_SetPriorityGrouping
                0x08001680       0x16 ./Drivers/STM32F1xx_HAL_Driver/Src/stm32f1xx_hal_cortex.o
                0x08001680                HAL_NVIC_SetPriorityGrouping
 .text.HAL_NVIC_SetPriority
                0x08001696       0x38 ./Drivers/STM32F1xx_HAL_Driver/Src/stm32f1xx_hal_cortex.o
                0x08001696                HAL_NVIC_SetPriority
 .text.HAL_NVIC_EnableIRQ
                0x080016ce       0x1c ./Drivers/STM32F1xx_HAL_Driver/Src/stm32f1xx_hal_cortex.o
                0x080016ce                HAL_NVIC_EnableIRQ
 .text.HAL_SYSTICK_Config
                0x080016ea       0x18 ./Drivers/STM32F1xx_HAL_Driver/Src/stm32f1xx_hal_cortex.o
                0x080016ea                HAL_SYSTICK_Config
 *fill*         0x08001702        0x2 
 .text.HAL_GPIO_Init
                0x08001704      0x308 ./Drivers/STM32F1xx_HAL_Driver/Src/stm32f1xx_hal_gpio.o
                0x08001704                HAL_GPIO_Init
 .text.HAL_RCC_OscConfig
                0x08001a0c      0x504 ./Drivers/STM32F1xx_HAL_Driver/Src/stm32f1xx_hal_rcc.o
                0x08001a0c                HAL_RCC_OscConfig
 .text.HAL_RCC_ClockConfig
                0x08001f10      0x1d4 ./Drivers/STM32F1xx_HAL_Driver/Src/stm32f1xx_hal_rcc.o
                0x08001f10                HAL_RCC_ClockConfig
 .text.HAL_RCC_GetSysClockFreq
                0x080020e4       0xa8 ./Drivers/STM32F1xx_HAL_Driver/Src/stm32f1xx_hal_rcc.o
                0x080020e4                HAL_RCC_GetSysClockFreq
 .text.RCC_Delay
                0x0800218c       0x3c ./Drivers/STM32F1xx_HAL_Driver/Src/stm32f1xx_hal_rcc.o
 .text.memset   0x080021c8       0x10 D:/Learn_In_Depth/Tools/STM32CubeIDE_1.16.0/STM32CubeIDE/plugins/com.st.stm32cube.ide.mcu.externaltools.gnu-tools-for-stm32.12.3.rel1.win32_1.0.200.202406191623/tools/bin/../lib/gcc/arm-none-eabi/12.3.1/../../../../arm-none-eabi/lib/thumb/v7-m/nofp\libc_nano.a(libc_a-memset.o)
                0x080021c8                memset
 .text.__libc_init_array
                0x080021d8       0x48 D:/Learn_In_Depth/Tools/STM32CubeIDE_1.16.0/STM32CubeIDE/plugins/com.st.stm32cube.ide.mcu.externaltools.gnu-tools-for-stm32.12.3.rel1.win32_1.0.200.202406191623/tools/bin/../lib/gcc/arm-none-eabi/12.3.1/../../../../arm-none-eabi/lib/thumb/v7-m/nofp\libc_nano.a(libc_a-init.o)
                0x080021d8                __libc_init_array
 *(.glue_7)
 .glue_7        0x08002220        0x0 linker stubs
 *(.glue_7t)
 .glue_7t       0x08002220        0x0 linker stubs
 *(.eh_frame)
 .eh_frame      0x08002220        0x0 D:/Learn_In_Depth/Tools/STM32CubeIDE_1.16.0/STM32CubeIDE/plugins/com.st.stm32cube.ide.mcu.externaltools.gnu-tools-for-stm32.12.3.rel1.win32_1.0.200.202406191623/tools/bin/../lib/gcc/arm-none-eabi/12.3.1/thumb/v7-m/nofp/crtbegin.o
 *(.init)
 .init          0x08002220        0x4 D:/Learn_In_Depth/Tools/STM32CubeIDE_1.16.0/STM32CubeIDE/plugins/com.st.stm32cube.ide.mcu.externaltools.gnu-tools-for-stm32.12.3.rel1.win32_1.0.200.202406191623/tools/bin/../lib/gcc/arm-none-eabi/12.3.1/thumb/v7-m/nofp/crti.o
                0x08002220                _init
 .init          0x08002224        0x8 D:/Learn_In_Depth/Tools/STM32CubeIDE_1.16.0/STM32CubeIDE/plugins/com.st.stm32cube.ide.mcu.externaltools.gnu-tools-for-stm32.12.3.rel1.win32_1.0.200.202406191623/tools/bin/../lib/gcc/arm-none-eabi/12.3.1/thumb/v7-m/nofp/crtn.o
 *(.fini)
 .fini          0x0800222c        0x4 D:/Learn_In_Depth/Tools/STM32CubeIDE_1.16.0/STM32CubeIDE/plugins/com.st.stm32cube.ide.mcu.externaltools.gnu-tools-for-stm32.12.3.rel1.win32_1.0.200.202406191623/tools/bin/../lib/gcc/arm-none-eabi/12.3.1/thumb/v7-m/nofp/crti.o
                0x0800222c                _fini
 .fini          0x08002230        0x8 D:/Learn_In_Depth/Tools/STM32CubeIDE_1.16.0/STM32CubeIDE/plugins/com.st.stm32cube.ide.mcu.externaltools.gnu-tools-for-stm32.12.3.rel1.win32_1.0.200.202406191623/tools/bin/../lib/gcc/arm-none-eabi/12.3.1/thumb/v7-m/nofp/crtn.o
                0x08002238                        . = ALIGN (0x4)
                0x08002238                        _etext = .

.vfp11_veneer   0x08002238        0x0
 .vfp11_veneer  0x08002238        0x0 linker stubs

.v4_bx          0x08002238        0x0
 .v4_bx         0x08002238        0x0 linker stubs

.iplt           0x08002238        0x0
 .iplt          0x08002238        0x0 D:/Learn_In_Depth/Tools/STM32CubeIDE_1.16.0/STM32CubeIDE/plugins/com.st.stm32cube.ide.mcu.externaltools.gnu-tools-for-stm32.12.3.rel1.win32_1.0.200.202406191623/tools/bin/../lib/gcc/arm-none-eabi/12.3.1/thumb/v7-m/nofp/crtbegin.o

.rodata         0x08002238       0x24
                0x08002238                        . = ALIGN (0x4)
 *(.rodata)
 *(.rodata*)
 .rodata.AHBPrescTable
                0x08002238       0x10 ./Core/Src/system_stm32f1xx.o
                0x08002238                AHBPrescTable
 .rodata.aPLLMULFactorTable.1
                0x08002248       0x10 ./Drivers/STM32F1xx_HAL_Driver/Src/stm32f1xx_hal_rcc.o
 .rodata.aPredivFactorTable.0
                0x08002258        0x2 ./Drivers/STM32F1xx_HAL_Driver/Src/stm32f1xx_hal_rcc.o
                0x0800225c                        . = ALIGN (0x4)
 *fill*         0x0800225a        0x2 

.ARM.extab      0x0800225c        0x0
                0x0800225c                        . = ALIGN (0x4)
 *(.ARM.extab* .gnu.linkonce.armextab.*)
                0x0800225c                        . = ALIGN (0x4)

.ARM            0x0800225c        0x0
                0x0800225c                        . = ALIGN (0x4)
                0x0800225c                        __exidx_start = .
 *(.ARM.exidx*)
                0x0800225c                        __exidx_end = .
                0x0800225c                        . = ALIGN (0x4)

.preinit_array  0x0800225c        0x0
                0x0800225c                        . = ALIGN (0x4)
                0x0800225c                        PROVIDE (__preinit_array_start = .)
 *(.preinit_array*)
                0x0800225c                        PROVIDE (__preinit_array_end = .)
                0x0800225c                        . = ALIGN (0x4)

.init_array     0x0800225c        0x4
                0x0800225c                        . = ALIGN (0x4)
                0x0800225c                        PROVIDE (__init_array_start = .)
 *(SORT_BY_NAME(.init_array.*))
 *(.init_array*)
 .init_array    0x0800225c        0x4 D:/Learn_In_Depth/Tools/STM32CubeIDE_1.16.0/STM32CubeIDE/plugins/com.st.stm32cube.ide.mcu.externaltools.gnu-tools-for-stm32.12.3.rel1.win32_1.0.200.202406191623/tools/bin/../lib/gcc/arm-none-eabi/12.3.1/thumb/v7-m/nofp/crtbegin.o
                0x08002260                        PROVIDE (__init_array_end = .)
                0x08002260                        . = ALIGN (0x4)

.fini_array     0x08002260        0x4
                0x08002260                        . = ALIGN (0x4)
                [!provide]                        PROVIDE (__fini_array_start = .)
 *(SORT_BY_NAME(.fini_array.*))
 *(.fini_array*)
 .fini_array    0x08002260        0x4 D:/Learn_In_Depth/Tools/STM32CubeIDE_1.16.0/STM32CubeIDE/plugins/com.st.stm32cube.ide.mcu.externaltools.gnu-tools-for-stm32.12.3.rel1.win32_1.0.200.202406191623/tools/bin/../lib/gcc/arm-none-eabi/12.3.1/thumb/v7-m/nofp/crtbegin.o
                [!provide]                        PROVIDE (__fini_array_end = .)
                0x08002264                        . = ALIGN (0x4)
                0x08002264                        _sidata = LOADADDR (.data)

.rel.dyn        0x08002264        0x0
 .rel.iplt      0x08002264        0x0 D:/Learn_In_Depth/Tools/STM32CubeIDE_1.16.0/STM32CubeIDE/plugins/com.st.stm32cube.ide.mcu.externaltools.gnu-tools-for-stm32.12.3.rel1.win32_1.0.200.202406191623/tools/bin/../lib/gcc/arm-none-eabi/12.3.1/thumb/v7-m/nofp/crtbegin.o

.data           0x20000000        0xc load address 0x08002264
                0x20000000                        . = ALIGN (0x4)
                0x20000000                        _sdata = .
 *(.data)
 *(.data*)
 .data.SystemCoreClock
                0x20000000        0x4 ./Core/Src/system_stm32f1xx.o
                0x20000000                SystemCoreClock
 .data.uwTickPrio
                0x20000004        0x4 ./Drivers/STM32F1xx_HAL_Driver/Src/stm32f1xx_hal.o
                0x20000004                uwTickPrio
 .data.uwTickFreq
                0x20000008        0x1 ./Drivers/STM32F1xx_HAL_Driver/Src/stm32f1xx_hal.o
                0x20000008                uwTickFreq
 *(.RamFunc)
 *(.RamFunc*)
                0x2000000c                        . = ALIGN (0x4)
 *fill*         0x20000009        0x3 
                0x2000000c                        _edata = .

.igot.plt       0x2000000c        0x0 load address 0x08002270
 .igot.plt      0x2000000c        0x0 D:/Learn_In_Depth/Tools/STM32CubeIDE_1.16.0/STM32CubeIDE/plugins/com.st.stm32cube.ide.mcu.externaltools.gnu-tools-for-stm32.12.3.rel1.win32_1.0.200.202406191623/tools/bin/../lib/gcc/arm-none-eabi/12.3.1/thumb/v7-m/nofp/crtbegin.o
                0x2000000c                        . = ALIGN (0x4)

.bss            0x2000000c       0x60 load address 0x08002270
                0x2000000c                        _sbss = .
                0x2000000c                        __bss_start__ = _sbss
 *(.bss)
 .bss           0x2000000c       0x1c D:/Learn_In_Depth/Tools/STM32CubeIDE_1.16.0/STM32CubeIDE/plugins/com.st.stm32cube.ide.mcu.externaltools.gnu-tools-for-stm32.12.3.rel1.win32_1.0.200.202406191623/tools/bin/../lib/gcc/arm-none-eabi/12.3.1/thumb/v7-m/nofp/crtbegin.o
 *(.bss*)
 .bss.TX_Data   0x20000028        0x8 ./Core/Src/main.o
                0x20000028                TX_Data
 .bss.RX_Data   0x20000030        0x8 ./Core/Src/main.o
                0x20000030                RX_Data
 .bss.RX_DLC    0x20000038        0x1 ./Core/Src/main.o
                0x20000038                RX_DLC
 .bss.speed     0x20000039        0x1 ./Core/Src/main.o
                0x20000039                speed
 *fill*         0x2000003a        0x2 
 .bss.RX_ID     0x2000003c        0x4 ./Core/Src/main.o
                0x2000003c                RX_ID
 .bss.hcan      0x20000040       0x28 ./Core/Src/main.o
                0x20000040                hcan
 .bss.uwTick    0x20000068        0x4 ./Drivers/STM32F1xx_HAL_Driver/Src/stm32f1xx_hal.o
                0x20000068                uwTick
 *(COMMON)
                0x2000006c                        . = ALIGN (0x4)
                0x2000006c                        _ebss = .
                0x2000006c                        __bss_end__ = _ebss

._user_heap_stack
                0x2000006c      0x604 load address 0x08002270
                0x20000070                        . = ALIGN (0x8)
 *fill*         0x2000006c        0x4 
                [!provide]                        PROVIDE (end = .)
                0x20000070                        PROVIDE (_end = .)
                0x20000270                        . = (. + _Min_Heap_Size)
 *fill*         0x20000070      0x200 
                0x20000670                        . = (. + _Min_Stack_Size)
 *fill*         0x20000270      0x400 
                0x20000670                        . = ALIGN (0x8)

/DISCARD/
 libc.a(*)
 libm.a(*)
 libgcc.a(*)

.ARM.attributes
                0x00000000       0x29
 *(.ARM.attributes)
 .ARM.attributes
                0x00000000       0x1d D:/Learn_In_Depth/Tools/STM32CubeIDE_1.16.0/STM32CubeIDE/plugins/com.st.stm32cube.ide.mcu.externaltools.gnu-tools-for-stm32.12.3.rel1.win32_1.0.200.202406191623/tools/bin/../lib/gcc/arm-none-eabi/12.3.1/thumb/v7-m/nofp/crti.o
 .ARM.attributes
                0x0000001d       0x2d D:/Learn_In_Depth/Tools/STM32CubeIDE_1.16.0/STM32CubeIDE/plugins/com.st.stm32cube.ide.mcu.externaltools.gnu-tools-for-stm32.12.3.rel1.win32_1.0.200.202406191623/tools/bin/../lib/gcc/arm-none-eabi/12.3.1/thumb/v7-m/nofp/crtbegin.o
 .ARM.attributes
                0x0000004a       0x2d ./Core/Src/main.o
 .ARM.attributes
                0x00000077       0x2d ./Core/Src/stm32f1xx_hal_msp.o
 .ARM.attributes
                0x000000a4       0x2d ./Core/Src/stm32f1xx_it.o
 .ARM.attributes
                0x000000d1       0x2d ./Core/Src/system_stm32f1xx.o
 .ARM.attributes
                0x000000fe       0x21 ./Core/Startup/startup_stm32f103c8tx.o
 .ARM.attributes
                0x0000011f       0x2d ./Drivers/STM32F1xx_HAL_Driver/Src/stm32f1xx_hal.o
 .ARM.attributes
                0x0000014c       0x2d ./Drivers/STM32F1xx_HAL_Driver/Src/stm32f1xx_hal_can.o
 .ARM.attributes
                0x00000179       0x2d ./Drivers/STM32F1xx_HAL_Driver/Src/stm32f1xx_hal_cortex.o
 .ARM.attributes
                0x000001a6       0x2d ./Drivers/STM32F1xx_HAL_Driver/Src/stm32f1xx_hal_gpio.o
 .ARM.attributes
                0x000001d3       0x2d ./Drivers/STM32F1xx_HAL_Driver/Src/stm32f1xx_hal_rcc.o
 .ARM.attributes
                0x00000200       0x2d D:/Learn_In_Depth/Tools/STM32CubeIDE_1.16.0/STM32CubeIDE/plugins/com.st.stm32cube.ide.mcu.externaltools.gnu-tools-for-stm32.12.3.rel1.win32_1.0.200.202406191623/tools/bin/../lib/gcc/arm-none-eabi/12.3.1/../../../../arm-none-eabi/lib/thumb/v7-m/nofp\libc_nano.a(libc_a-memset.o)
 .ARM.attributes
                0x0000022d       0x2d D:/Learn_In_Depth/Tools/STM32CubeIDE_1.16.0/STM32CubeIDE/plugins/com.st.stm32cube.ide.mcu.externaltools.gnu-tools-for-stm32.12.3.rel1.win32_1.0.200.202406191623/tools/bin/../lib/gcc/arm-none-eabi/12.3.1/../../../../arm-none-eabi/lib/thumb/v7-m/nofp\libc_nano.a(libc_a-init.o)
 .ARM.attributes
                0x0000025a       0x1d D:/Learn_In_Depth/Tools/STM32CubeIDE_1.16.0/STM32CubeIDE/plugins/com.st.stm32cube.ide.mcu.externaltools.gnu-tools-for-stm32.12.3.rel1.win32_1.0.200.202406191623/tools/bin/../lib/gcc/arm-none-eabi/12.3.1/thumb/v7-m/nofp/crtn.o
OUTPUT(CASE_Study_2.elf elf32-littlearm)
LOAD linker stubs
LOAD D:/Learn_In_Depth/Tools/STM32CubeIDE_1.16.0/STM32CubeIDE/plugins/com.st.stm32cube.ide.mcu.externaltools.gnu-tools-for-stm32.12.3.rel1.win32_1.0.200.202406191623/tools/bin/../lib/gcc/arm-none-eabi/12.3.1/../../../../arm-none-eabi/lib/thumb/v7-m/nofp\libc.a
LOAD D:/Learn_In_Depth/Tools/STM32CubeIDE_1.16.0/STM32CubeIDE/plugins/com.st.stm32cube.ide.mcu.externaltools.gnu-tools-for-stm32.12.3.rel1.win32_1.0.200.202406191623/tools/bin/../lib/gcc/arm-none-eabi/12.3.1/../../../../arm-none-eabi/lib/thumb/v7-m/nofp\libm.a
LOAD D:/Learn_In_Depth/Tools/STM32CubeIDE_1.16.0/STM32CubeIDE/plugins/com.st.stm32cube.ide.mcu.externaltools.gnu-tools-for-stm32.12.3.rel1.win32_1.0.200.202406191623/tools/bin/../lib/gcc/arm-none-eabi/12.3.1/thumb/v7-m/nofp\libgcc.a

.debug_info     0x00000000     0x54b4
 .debug_info    0x00000000      0xda1 ./Core/Src/main.o
 .debug_info    0x00000da1      0x9d2 ./Core/Src/stm32f1xx_hal_msp.o
 .debug_info    0x00001773      0x60b ./Core/Src/stm32f1xx_it.o
 .debug_info    0x00001d7e      0x265 ./Core/Src/system_stm32f1xx.o
 .debug_info    0x00001fe3       0x30 ./Core/Startup/startup_stm32f103c8tx.o
 .debug_info    0x00002013      0x7f8 ./Drivers/STM32F1xx_HAL_Driver/Src/stm32f1xx_hal.o
 .debug_info    0x0000280b     0x110b ./Drivers/STM32F1xx_HAL_Driver/Src/stm32f1xx_hal_can.o
 .debug_info    0x00003916      0xbf9 ./Drivers/STM32F1xx_HAL_Driver/Src/stm32f1xx_hal_cortex.o
 .debug_info    0x0000450f      0x681 ./Drivers/STM32F1xx_HAL_Driver/Src/stm32f1xx_hal_gpio.o
 .debug_info    0x00004b90      0x924 ./Drivers/STM32F1xx_HAL_Driver/Src/stm32f1xx_hal_rcc.o

.debug_abbrev   0x00000000     0x120a
 .debug_abbrev  0x00000000      0x291 ./Core/Src/main.o
 .debug_abbrev  0x00000291      0x1a2 ./Core/Src/stm32f1xx_hal_msp.o
 .debug_abbrev  0x00000433      0x152 ./Core/Src/stm32f1xx_it.o
 .debug_abbrev  0x00000585      0x13d ./Core/Src/system_stm32f1xx.o
 .debug_abbrev  0x000006c2       0x24 ./Core/Startup/startup_stm32f103c8tx.o
 .debug_abbrev  0x000006e6      0x1fd ./Drivers/STM32F1xx_HAL_Driver/Src/stm32f1xx_hal.o
 .debug_abbrev  0x000008e3      0x1f3 ./Drivers/STM32F1xx_HAL_Driver/Src/stm32f1xx_hal_can.o
 .debug_abbrev  0x00000ad6      0x2cd ./Drivers/STM32F1xx_HAL_Driver/Src/stm32f1xx_hal_cortex.o
 .debug_abbrev  0x00000da3      0x1bd ./Drivers/STM32F1xx_HAL_Driver/Src/stm32f1xx_hal_gpio.o
 .debug_abbrev  0x00000f60      0x2aa ./Drivers/STM32F1xx_HAL_Driver/Src/stm32f1xx_hal_rcc.o

.debug_loc      0x00000000     0x2a7a
 .debug_loc     0x00000000      0x32a ./Core/Src/main.o
 .debug_loc     0x0000032a       0xfc ./Core/Src/stm32f1xx_hal_msp.o
 .debug_loc     0x00000426      0x258 ./Core/Src/stm32f1xx_it.o
 .debug_loc     0x0000067e       0xa0 ./Core/Src/system_stm32f1xx.o
 .debug_loc     0x0000071e      0x698 ./Drivers/STM32F1xx_HAL_Driver/Src/stm32f1xx_hal.o
 .debug_loc     0x00000db6      0xcb4 ./Drivers/STM32F1xx_HAL_Driver/Src/stm32f1xx_hal_can.o
 .debug_loc     0x00001a6a      0x8f8 ./Drivers/STM32F1xx_HAL_Driver/Src/stm32f1xx_hal_cortex.o
 .debug_loc     0x00002362      0x2d4 ./Drivers/STM32F1xx_HAL_Driver/Src/stm32f1xx_hal_gpio.o
 .debug_loc     0x00002636      0x444 ./Drivers/STM32F1xx_HAL_Driver/Src/stm32f1xx_hal_rcc.o

.debug_aranges  0x00000000      0x568
 .debug_aranges
                0x00000000       0x70 ./Core/Src/main.o
 .debug_aranges
                0x00000070       0x30 ./Core/Src/stm32f1xx_hal_msp.o
 .debug_aranges
                0x000000a0       0x78 ./Core/Src/stm32f1xx_it.o
 .debug_aranges
                0x00000118       0x28 ./Core/Src/system_stm32f1xx.o
 .debug_aranges
                0x00000140       0x28 ./Core/Startup/startup_stm32f103c8tx.o
 .debug_aranges
                0x00000168       0xe0 ./Drivers/STM32F1xx_HAL_Driver/Src/stm32f1xx_hal.o
 .debug_aranges
                0x00000248      0x138 ./Drivers/STM32F1xx_HAL_Driver/Src/stm32f1xx_hal_can.o
 .debug_aranges
                0x00000380      0x100 ./Drivers/STM32F1xx_HAL_Driver/Src/stm32f1xx_hal_cortex.o
 .debug_aranges
                0x00000480       0x58 ./Drivers/STM32F1xx_HAL_Driver/Src/stm32f1xx_hal_gpio.o
 .debug_aranges
                0x000004d8       0x90 ./Drivers/STM32F1xx_HAL_Driver/Src/stm32f1xx_hal_rcc.o

.debug_ranges   0x00000000      0x4b0
 .debug_ranges  0x00000000       0x60 ./Core/Src/main.o
 .debug_ranges  0x00000060       0x20 ./Core/Src/stm32f1xx_hal_msp.o
 .debug_ranges  0x00000080       0x68 ./Core/Src/stm32f1xx_it.o
 .debug_ranges  0x000000e8       0x18 ./Core/Src/system_stm32f1xx.o
 .debug_ranges  0x00000100       0xd0 ./Drivers/STM32F1xx_HAL_Driver/Src/stm32f1xx_hal.o
 .debug_ranges  0x000001d0      0x128 ./Drivers/STM32F1xx_HAL_Driver/Src/stm32f1xx_hal_can.o
 .debug_ranges  0x000002f8       0xf0 ./Drivers/STM32F1xx_HAL_Driver/Src/stm32f1xx_hal_cortex.o
 .debug_ranges  0x000003e8       0x48 ./Drivers/STM32F1xx_HAL_Driver/Src/stm32f1xx_hal_gpio.o
 .debug_ranges  0x00000430       0x80 ./Drivers/STM32F1xx_HAL_Driver/Src/stm32f1xx_hal_rcc.o

.debug_macro    0x00000000    0x15f34
 .debug_macro   0x00000000      0x1a4 ./Core/Src/main.o
 .debug_macro   0x000001a4      0xaa8 ./Core/Src/main.o
 .debug_macro   0x00000c4c      0x215 ./Core/Src/main.o
 .debug_macro   0x00000e61       0x2e ./Core/Src/main.o
 .debug_macro   0x00000e8f       0x22 ./Core/Src/main.o
 .debug_macro   0x00000eb1       0x22 ./Core/Src/main.o
 .debug_macro   0x00000ed3       0x8e ./Core/Src/main.o
 .debug_macro   0x00000f61       0x51 ./Core/Src/main.o
 .debug_macro   0x00000fb2      0x103 ./Core/Src/main.o
 .debug_macro   0x000010b5       0x6a ./Core/Src/main.o
 .debug_macro   0x0000111f      0x1df ./Core/Src/main.o
 .debug_macro   0x000012fe       0x1c ./Core/Src/main.o
 .debug_macro   0x0000131a       0x22 ./Core/Src/main.o
 .debug_macro   0x0000133c       0xbd ./Core/Src/main.o
 .debug_macro   0x000013f9      0xd23 ./Core/Src/main.o
 .debug_macro   0x0000211c     0xe09e ./Core/Src/main.o
 .debug_macro   0x000101ba       0x6d ./Core/Src/main.o
 .debug_macro   0x00010227     0x34a2 ./Core/Src/main.o
 .debug_macro   0x000136c9      0x189 ./Core/Src/main.o
 .debug_macro   0x00013852       0x5c ./Core/Src/main.o
 .debug_macro   0x000138ae      0x5bc ./Core/Src/main.o
 .debug_macro   0x00013e6a      0x289 ./Core/Src/main.o
 .debug_macro   0x000140f3      0x1cb ./Core/Src/main.o
 .debug_macro   0x000142be      0x114 ./Core/Src/main.o
 .debug_macro   0x000143d2      0x1b2 ./Core/Src/main.o
 .debug_macro   0x00014584       0x27 ./Core/Src/main.o
 .debug_macro   0x000145ab      0x136 ./Core/Src/main.o
 .debug_macro   0x000146e1      0x1bc ./Core/Src/main.o
 .debug_macro   0x0001489d       0x34 ./Core/Src/main.o
 .debug_macro   0x000148d1       0x3c ./Core/Src/main.o
 .debug_macro   0x0001490d      0x408 ./Core/Src/main.o
 .debug_macro   0x00014d15       0x57 ./Core/Src/main.o
 .debug_macro   0x00014d6c       0x87 ./Core/Src/main.o
 .debug_macro   0x00014df3      0x240 ./Core/Src/main.o
 .debug_macro   0x00015033      0x140 ./Core/Src/main.o
 .debug_macro   0x00015173       0x83 ./Core/Src/main.o
 .debug_macro   0x000151f6      0x198 ./Core/Src/stm32f1xx_hal_msp.o
 .debug_macro   0x0001538e      0x1a2 ./Core/Src/stm32f1xx_it.o
 .debug_macro   0x00015530      0x18e ./Core/Src/system_stm32f1xx.o
 .debug_macro   0x000156be      0x1b2 ./Drivers/STM32F1xx_HAL_Driver/Src/stm32f1xx_hal.o
 .debug_macro   0x00015870      0x19d ./Drivers/STM32F1xx_HAL_Driver/Src/stm32f1xx_hal_can.o
 .debug_macro   0x00015a0d      0x18e ./Drivers/STM32F1xx_HAL_Driver/Src/stm32f1xx_hal_cortex.o
 .debug_macro   0x00015b9b      0x1f9 ./Drivers/STM32F1xx_HAL_Driver/Src/stm32f1xx_hal_gpio.o
 .debug_macro   0x00015d94      0x1a0 ./Drivers/STM32F1xx_HAL_Driver/Src/stm32f1xx_hal_rcc.o

.debug_line     0x00000000     0x6350
 .debug_line    0x00000000      0x96c ./Core/Src/main.o
 .debug_line    0x0000096c      0x7d5 ./Core/Src/stm32f1xx_hal_msp.o
 .debug_line    0x00001141      0x882 ./Core/Src/stm32f1xx_it.o
 .debug_line    0x000019c3      0x7f6 ./Core/Src/system_stm32f1xx.o
 .debug_line    0x000021b9       0x78 ./Core/Startup/startup_stm32f103c8tx.o
 .debug_line    0x00002231      0xa23 ./Drivers/STM32F1xx_HAL_Driver/Src/stm32f1xx_hal.o
 .debug_line    0x00002c54     0x1205 ./Drivers/STM32F1xx_HAL_Driver/Src/stm32f1xx_hal_can.o
 .debug_line    0x00003e59      0xc0f ./Drivers/STM32F1xx_HAL_Driver/Src/stm32f1xx_hal_cortex.o
 .debug_line    0x00004a68      0xabc ./Drivers/STM32F1xx_HAL_Driver/Src/stm32f1xx_hal_gpio.o
 .debug_line    0x00005524      0xe2c ./Drivers/STM32F1xx_HAL_Driver/Src/stm32f1xx_hal_rcc.o

.debug_str      0x00000000    0x7e689
 .debug_str     0x00000000    0x7d2d4 ./Core/Src/main.o
                              0x7d63c (size before relaxing)
 .debug_str     0x0007d2d4      0x37d ./Core/Src/stm32f1xx_hal_msp.o
                              0x7d538 (size before relaxing)
 .debug_str     0x0007d651       0xf0 ./Core/Src/stm32f1xx_it.o
                              0x7d215 (size before relaxing)
 .debug_str     0x0007d741       0x7e ./Core/Src/system_stm32f1xx.o
                              0x7cf30 (size before relaxing)
 .debug_str     0x0007d7bf       0x44 ./Core/Startup/startup_stm32f103c8tx.o
                                 0x94 (size before relaxing)
 .debug_str     0x0007d803      0x384 ./Drivers/STM32F1xx_HAL_Driver/Src/stm32f1xx_hal.o
                              0x7d663 (size before relaxing)
 .debug_str     0x0007db87      0x34b ./Drivers/STM32F1xx_HAL_Driver/Src/stm32f1xx_hal_can.o
                              0x7d738 (size before relaxing)
 .debug_str     0x0007ded2      0x26c ./Drivers/STM32F1xx_HAL_Driver/Src/stm32f1xx_hal_cortex.o
                              0x7d5af (size before relaxing)
 .debug_str     0x0007e13e      0x322 ./Drivers/STM32F1xx_HAL_Driver/Src/stm32f1xx_hal_gpio.o
                              0x7d2b6 (size before relaxing)
 .debug_str     0x0007e460      0x229 ./Drivers/STM32F1xx_HAL_Driver/Src/stm32f1xx_hal_rcc.o
                              0x7d35f (size before relaxing)

.comment        0x00000000       0x43
 .comment       0x00000000       0x43 ./Core/Src/main.o
                                 0x44 (size before relaxing)
 .comment       0x00000043       0x44 ./Core/Src/stm32f1xx_hal_msp.o
 .comment       0x00000043       0x44 ./Core/Src/stm32f1xx_it.o
 .comment       0x00000043       0x44 ./Core/Src/system_stm32f1xx.o
 .comment       0x00000043       0x44 ./Drivers/STM32F1xx_HAL_Driver/Src/stm32f1xx_hal.o
 .comment       0x00000043       0x44 ./Drivers/STM32F1xx_HAL_Driver/Src/stm32f1xx_hal_can.o
 .comment       0x00000043       0x44 ./Drivers/STM32F1xx_HAL_Driver/Src/stm32f1xx_hal_cortex.o
 .comment       0x00000043       0x44 ./Drivers/STM32F1xx_HAL_Driver/Src/stm32f1xx_hal_gpio.o
 .comment       0x00000043       0x44 ./Drivers/STM32F1xx_HAL_Driver/Src/stm32f1xx_hal_rcc.o

.debug_frame    0x00000000     0x1468
 .debug_frame   0x00000000      0x18c ./Core/Src/main.o
 .debug_frame   0x0000018c       0x80 ./Core/Src/stm32f1xx_hal_msp.o
 .debug_frame   0x0000020c      0x158 ./Core/Src/stm32f1xx_it.o
 .debug_frame   0x00000364       0x58 ./Core/Src/system_stm32f1xx.o
 .debug_frame   0x000003bc      0x334 ./Drivers/STM32F1xx_HAL_Driver/Src/stm32f1xx_hal.o
 .debug_frame   0x000006f0      0x5a0 ./Drivers/STM32F1xx_HAL_Driver/Src/stm32f1xx_hal_can.o
 .debug_frame   0x00000c90      0x428 ./Drivers/STM32F1xx_HAL_Driver/Src/stm32f1xx_hal_cortex.o
 .debug_frame   0x000010b8      0x14c ./Drivers/STM32F1xx_HAL_Driver/Src/stm32f1xx_hal_gpio.o
 .debug_frame   0x00001204      0x218 ./Drivers/STM32F1xx_HAL_Driver/Src/stm32f1xx_hal_rcc.o
 .debug_frame   0x0000141c       0x20 D:/Learn_In_Depth/Tools/STM32CubeIDE_1.16.0/STM32CubeIDE/plugins/com.st.stm32cube.ide.mcu.externaltools.gnu-tools-for-stm32.12.3.rel1.win32_1.0.200.202406191623/tools/bin/../lib/gcc/arm-none-eabi/12.3.1/../../../../arm-none-eabi/lib/thumb/v7-m/nofp\libc_nano.a(libc_a-memset.o)
 .debug_frame   0x0000143c       0x2c D:/Learn_In_Depth/Tools/STM32CubeIDE_1.16.0/STM32CubeIDE/plugins/com.st.stm32cube.ide.mcu.externaltools.gnu-tools-for-stm32.12.3.rel1.win32_1.0.200.202406191623/tools/bin/../lib/gcc/arm-none-eabi/12.3.1/../../../../arm-none-eabi/lib/thumb/v7-m/nofp\libc_nano.a(libc_a-init.o)

.debug_line_str
                0x00000000       0x78
 .debug_line_str
                0x00000000       0x78 ./Core/Startup/startup_stm32f103c8tx.o

.debug_rnglists
                0x00000000       0x19
 .debug_rnglists
                0x00000000       0x19 ./Core/Startup/startup_stm32f103c8tx.o
