STM32F103C6_EXTI_Driver.c:34:6:enable_NVIC	16	static
STM32F103C6_EXTI_Driver.c:75:6:disable_NVIC	16	static
STM32F103C6_EXTI_Driver.c:116:6:update_EXTI	24	static
STM32F103C6_EXTI_Driver.c:198:6:MCAL_EXTI_GPIO_init	16	static
STM32F103C6_EXTI_Driver.c:212:6:MCAL_EXTI_GPIO_deinit	4	static
STM32F103C6_EXTI_Driver.c:253:6:MCAL_EXTI_GPIO_update	16	static
STM32F103C6_EXTI_Driver.c:263:6:EXTI0_IRQHandler	8	static
STM32F103C6_EXTI_Driver.c:272:6:EXTI1_IRQHandler	8	static
STM32F103C6_EXTI_Driver.c:281:6:EXTI2_IRQHandler	8	static
STM32F103C6_EXTI_Driver.c:290:6:EXTI3_IRQHandler	8	static
STM32F103C6_EXTI_Driver.c:299:6:EXTI4_IRQHandler	8	static
STM32F103C6_EXTI_Driver.c:308:6:EXTI9_5_IRQHandler	8	static
STM32F103C6_EXTI_Driver.c:315:6:EXTI15_10_IRQHandler	8	static
