../Core/Src/main.c:73:5:main	8	static
../Core/Src/main.c:132:6:SystemClock_Config	72	static
../Core/Src/main.c:169:13:MX_CAN_Init	8	static
../Core/Src/main.c:206:13:MX_GPIO_Init	16	static
../Core/Src/main.c:220:6:CAN_TX	56	static
../Core/Src/main.c:249:6:CAN_RX_Filter_Init	56	static
../Core/Src/main.c:271:6:CAN_RX	56	static
../Core/Src/main.c:294:6:HAL_CAN_TxMailbox0CompleteCallback	16	static
../Core/Src/main.c:298:6:HAL_CAN_RxFifo0MsgPendingCallback	16	static
../Core/Src/main.c:303:6:HAL_CAN_ErrorCallback	16	static
../Core/Src/main.c:315:6:Error_Handler	4	static,ignoring_inline_asm
