11:24:49 **** Build of configuration Debug for project Unit6_lesson3 ****
make -j8 all 
arm-none-eabi-gcc -mcpu=cortex-m3 -g3 -c -x assembler-with-cpp -MMD -MP -MF"Startup/startup_stm32f103c6tx.d" -MT"Startup/startup_stm32f103c6tx.o" --specs=nano.specs -mfloat-abi=soft -mthumb -o "Startup/startup_stm32f103c6tx.o" "../Startup/startup_stm32f103c6tx.s"
arm-none-eabi-gcc "../Src/main.c" -mcpu=cortex-m3 -std=gnu11 -g3 -DSTM32 -DSTM32F1 -DSTM32F103C6Tx -DDEBUG -c -I../Inc -O0 -ffunction-sections -fdata-sections -Wall -fstack-usage -MMD -MP -MF"Src/main.d" -MT"Src/main.o" --specs=nano.specs -mfloat-abi=soft -mthumb -o "Src/main.o"
arm-none-eabi-gcc "../Src/syscalls.c" -mcpu=cortex-m3 -std=gnu11 -g3 -DSTM32 -DSTM32F1 -DSTM32F103C6Tx -DDEBUG -c -I../Inc -O0 -ffunction-sections -fdata-sections -Wall -fstack-usage -MMD -MP -MF"Src/syscalls.d" -MT"Src/syscalls.o" --specs=nano.specs -mfloat-abi=soft -mthumb -o "Src/syscalls.o"
arm-none-eabi-gcc "../Src/sysmem.c" -mcpu=cortex-m3 -std=gnu11 -g3 -DSTM32 -DSTM32F1 -DSTM32F103C6Tx -DDEBUG -c -I../Inc -O0 -ffunction-sections -fdata-sections -Wall -fstack-usage -MMD -MP -MF"Src/sysmem.d" -MT"Src/sysmem.o" --specs=nano.specs -mfloat-abi=soft -mthumb -o "Src/sysmem.o"
../Src/main.c: In function 'main':
../Src/main.c:41:7: error: 'inti' undeclared (first use in this function); did you mean 'int'?
   for(inti = 0; i < 5000; i++); // arbitrary delay
       ^~~~
       int
../Src/main.c:41:7: note: each undeclared identifier is reported only once for each function it appears in
../Src/main.c:41:17: error: 'i' undeclared (first use in this function)
   for(inti = 0; i < 5000; i++); // arbitrary delay
                 ^
make: *** [Src/subdir.mk:24: Src/main.o] Error 1
make: *** Waiting for unfinished jobs....
"make -j8 all" terminated with exit code 2. Build might be incomplete.
11:25:15 **** Incremental Build of configuration Debug for project Unit6_lesson3 ****
make -j8 all 
arm-none-eabi-gcc "../Src/main.c" -mcpu=cortex-m3 -std=gnu11 -g3 -DSTM32 -DSTM32F1 -DSTM32F103C6Tx -DDEBUG -c -I../Inc -O0 -ffunction-sections -fdata-sections -Wall -fstack-usage -MMD -MP -MF"Src/main.d" -MT"Src/main.o" --specs=nano.specs -mfloat-abi=soft -mthumb -o "Src/main.o"
arm-none-eabi-gcc -o "Unit6_lesson3.elf" @"objects.list"   -mcpu=cortex-m3 -T"D:\LearnInDepthEmbedded\Unit_6(Microcontroller_Architecture)\Assignments\Assignment_2\Code\Unit6_lesson3\STM32F103C6TX_FLASH.ld" --specs=nosys.specs -Wl,-Map="Unit6_lesson3.map" -Wl,--gc-sections -static --specs=nano.specs -mfloat-abi=soft -mthumb -Wl,--start-group -lc -lm -Wl,--end-group
Finished building target: Unit6_lesson3.elf
 
arm-none-eabi-size   Unit6_lesson3.elf 
arm-none-eabi-objdump -h -S  Unit6_lesson3.elf  > "Unit6_lesson3.list"
arm-none-eabi-objcopy  -O binary  Unit6_lesson3.elf  "Unit6_lesson3.bin"
   text	   data	    bss	    dec	    hex	filename
    656	      8	   1568	   2232	    8b8	Unit6_lesson3.elf
Finished building: default.size.stdout
 
Finished building: Unit6_lesson3.list
Finished building: Unit6_lesson3.bin
 
 
12:13:19 **** Incremental Build of configuration Debug for project Unit6_lesson3 ****
make -j8 all 
arm-none-eabi-gcc "../Src/main.c" -mcpu=cortex-m3 -std=gnu11 -g3 -DSTM32 -DSTM32F1 -DSTM32F103C6Tx -DDEBUG -c -I../Inc -O0 -ffunction-sections -fdata-sections -Wall -fstack-usage -MMD -MP -MF"Src/main.d" -MT"Src/main.o" --specs=nano.specs -mfloat-abi=soft -mthumb -o "Src/main.o"
arm-none-eabi-gcc -o "Unit6_lesson3.elf" @"objects.list"   -mcpu=cortex-m3 -T"D:\LearnInDepthEmbedded\Unit_6(Microcontroller_Architecture)\Assignments\Assignment_2\Code\Unit6_lesson3\STM32F103C6TX_FLASH.ld" --specs=nosys.specs -Wl,-Map="Unit6_lesson3.map" -Wl,--gc-sections -static --specs=nano.specs -mfloat-abi=soft -mthumb -Wl,--start-group -lc -lm -Wl,--end-group
Finished building target: Unit6_lesson3.elf
 
arm-none-eabi-objdump -h -S  Unit6_lesson3.elf  > "Unit6_lesson3.list"
arm-none-eabi-objcopy  -O binary  Unit6_lesson3.elf  "Unit6_lesson3.bin"
arm-none-eabi-size   Unit6_lesson3.elf 
   text	   data	    bss	    dec	    hex	filename
    672	      8	   1568	   2248	    8c8	Unit6_lesson3.elf
Finished building: default.size.stdout
 
Finished building: Unit6_lesson3.bin
Finished building: Unit6_lesson3.list
 
 
12:59:50 **** Incremental Build of configuration Debug for project Unit6_lesson3 ****
make -j8 all 
arm-none-eabi-gcc "../Src/main.c" -mcpu=cortex-m3 -std=gnu11 -g3 -DSTM32 -DSTM32F1 -DSTM32F103C6Tx -DDEBUG -c -I../Inc -O0 -ffunction-sections -fdata-sections -Wall -fstack-usage -MMD -MP -MF"Src/main.d" -MT"Src/main.o" --specs=nano.specs -mfloat-abi=soft -mthumb -o "Src/main.o"
arm-none-eabi-gcc -o "Unit6_lesson3.elf" @"objects.list"   -mcpu=cortex-m3 -T"D:\LearnInDepthEmbedded\Unit_6(Microcontroller_Architecture)\Assignments\Assignment_2\Code\Unit6_lesson3\STM32F103C6TX_FLASH.ld" --specs=nosys.specs -Wl,-Map="Unit6_lesson3.map" -Wl,--gc-sections -static --specs=nano.specs -mfloat-abi=soft -mthumb -Wl,--start-group -lc -lm -Wl,--end-group
Finished building target: Unit6_lesson3.elf
 
arm-none-eabi-objdump -h -S  Unit6_lesson3.elf  > "Unit6_lesson3.list"
arm-none-eabi-objcopy  -O binary  Unit6_lesson3.elf  "Unit6_lesson3.bin"
arm-none-eabi-size   Unit6_lesson3.elf 
   text	   data	    bss	    dec	    hex	filename
    744	      8	   1568	   2320	    910	Unit6_lesson3.elf
Finished building: default.size.stdout
 
Finished building: Unit6_lesson3.bin
Finished building: Unit6_lesson3.list
 
 
13:07:50 **** Incremental Build of configuration Debug for project Unit6_lesson3 ****
make -j8 all 
arm-none-eabi-gcc "../Src/main.c" -mcpu=cortex-m3 -std=gnu11 -g3 -DSTM32 -DSTM32F1 -DSTM32F103C6Tx -DDEBUG -c -I../Inc -O0 -ffunction-sections -fdata-sections -Wall -fstack-usage -MMD -MP -MF"Src/main.d" -MT"Src/main.o" --specs=nano.specs -mfloat-abi=soft -mthumb -o "Src/main.o"
arm-none-eabi-gcc -o "Unit6_lesson3.elf" @"objects.list"   -mcpu=cortex-m3 -T"D:\LearnInDepthEmbedded\Unit_6(Microcontroller_Architecture)\Assignments\Assignment_2\Code\Unit6_lesson3\STM32F103C6TX_FLASH.ld" --specs=nosys.specs -Wl,-Map="Unit6_lesson3.map" -Wl,--gc-sections -static --specs=nano.specs -mfloat-abi=soft -mthumb -Wl,--start-group -lc -lm -Wl,--end-group
Finished building target: Unit6_lesson3.elf
 
arm-none-eabi-objdump -h -S  Unit6_lesson3.elf  > "Unit6_lesson3.list"
arm-none-eabi-objcopy  -O binary  Unit6_lesson3.elf  "Unit6_lesson3.bin"
arm-none-eabi-size   Unit6_lesson3.elf 
   text	   data	    bss	    dec	    hex	filename
    752	      8	   1568	   2328	    918	Unit6_lesson3.elf
Finished building: default.size.stdout
 
Finished building: Unit6_lesson3.bin
Finished building: Unit6_lesson3.list
 
 
13:39:39 **** Incremental Build of configuration Debug for project Unit6_lesson3 ****
make -j8 all 
arm-none-eabi-gcc "../Src/main.c" -mcpu=cortex-m3 -std=gnu11 -g3 -DSTM32 -DSTM32F1 -DSTM32F103C6Tx -DDEBUG -c -I../Inc -O0 -ffunction-sections -fdata-sections -Wall -fstack-usage -MMD -MP -MF"Src/main.d" -MT"Src/main.o" --specs=nano.specs -mfloat-abi=soft -mthumb -o "Src/main.o"
arm-none-eabi-gcc -o "Unit6_lesson3.elf" @"objects.list"   -mcpu=cortex-m3 -T"D:\LearnInDepthEmbedded\Unit_6(Microcontroller_Architecture)\Assignments\Assignment_2\Code\Unit6_lesson3\STM32F103C6TX_FLASH.ld" --specs=nosys.specs -Wl,-Map="Unit6_lesson3.map" -Wl,--gc-sections -static --specs=nano.specs -mfloat-abi=soft -mthumb -Wl,--start-group -lc -lm -Wl,--end-group
Finished building target: Unit6_lesson3.elf
 
arm-none-eabi-objdump -h -S  Unit6_lesson3.elf  > "Unit6_lesson3.list"
arm-none-eabi-objcopy  -O binary  Unit6_lesson3.elf  "Unit6_lesson3.bin"
arm-none-eabi-size   Unit6_lesson3.elf 
   text	   data	    bss	    dec	    hex	filename
    832	      8	   1568	   2408	    968	Unit6_lesson3.elf
Finished building: default.size.stdout
 
Finished building: Unit6_lesson3.bin
Finished building: Unit6_lesson3.list
 
 
13:39:48 **** Incremental Build of configuration Debug for project Unit6_lesson3 ****
make -j8 all 
arm-none-eabi-gcc "../Src/main.c" -mcpu=cortex-m3 -std=gnu11 -g3 -DSTM32 -DSTM32F1 -DSTM32F103C6Tx -DDEBUG -c -I../Inc -O0 -ffunction-sections -fdata-sections -Wall -fstack-usage -MMD -MP -MF"Src/main.d" -MT"Src/main.o" --specs=nano.specs -mfloat-abi=soft -mthumb -o "Src/main.o"
arm-none-eabi-gcc -o "Unit6_lesson3.elf" @"objects.list"   -mcpu=cortex-m3 -T"D:\LearnInDepthEmbedded\Unit_6(Microcontroller_Architecture)\Assignments\Assignment_2\Code\Unit6_lesson3\STM32F103C6TX_FLASH.ld" --specs=nosys.specs -Wl,-Map="Unit6_lesson3.map" -Wl,--gc-sections -static --specs=nano.specs -mfloat-abi=soft -mthumb -Wl,--start-group -lc -lm -Wl,--end-group
Finished building target: Unit6_lesson3.elf
 
arm-none-eabi-objdump -h -S  Unit6_lesson3.elf  > "Unit6_lesson3.list"
arm-none-eabi-objcopy  -O binary  Unit6_lesson3.elf  "Unit6_lesson3.bin"
arm-none-eabi-size   Unit6_lesson3.elf 
   text	   data	    bss	    dec	    hex	filename
    832	      8	   1568	   2408	    968	Unit6_lesson3.elf
Finished building: default.size.stdout
 
Finished building: Unit6_lesson3.bin
Finished building: Unit6_lesson3.list
 
 
13:44:17 **** Incremental Build of configuration Debug for project Unit6_lesson3 ****
make -j8 all 
arm-none-eabi-gcc "../Src/main.c" -mcpu=cortex-m3 -std=gnu11 -g3 -DSTM32 -DSTM32F1 -DSTM32F103C6Tx -DDEBUG -c -I../Inc -O0 -ffunction-sections -fdata-sections -Wall -fstack-usage -MMD -MP -MF"Src/main.d" -MT"Src/main.o" --specs=nano.specs -mfloat-abi=soft -mthumb -o "Src/main.o"
arm-none-eabi-gcc -o "Unit6_lesson3.elf" @"objects.list"   -mcpu=cortex-m3 -T"D:\LearnInDepthEmbedded\Unit_6(Microcontroller_Architecture)\Assignments\Assignment_2\Code\Unit6_lesson3\STM32F103C6TX_FLASH.ld" --specs=nosys.specs -Wl,-Map="Unit6_lesson3.map" -Wl,--gc-sections -static --specs=nano.specs -mfloat-abi=soft -mthumb -Wl,--start-group -lc -lm -Wl,--end-group
Finished building target: Unit6_lesson3.elf
 
arm-none-eabi-objdump -h -S  Unit6_lesson3.elf  > "Unit6_lesson3.list"
arm-none-eabi-objcopy  -O binary  Unit6_lesson3.elf  "Unit6_lesson3.bin"
arm-none-eabi-size   Unit6_lesson3.elf 
   text	   data	    bss	    dec	    hex	filename
    832	      8	   1568	   2408	    968	Unit6_lesson3.elf
Finished building: default.size.stdout
 
Finished building: Unit6_lesson3.bin
Finished building: Unit6_lesson3.list
 
 
