Archive member included to satisfy reference by file (symbol)

d:/learnindepthembedded/tools/cube ide/stm32cubeide_1.4.0/stm32cubeide/plugins/com.st.stm32cube.ide.mcu.externaltools.gnu-tools-for-stm32.7-2018-q2-update.win32_1.4.0.202007081208/tools/bin/../lib/gcc/arm-none-eabi/7.3.1/../../../../arm-none-eabi/lib/thumb/v7-m\libc_nano.a(lib_a-errno.o)
                              Src/syscalls.o (__errno)
d:/learnindepthembedded/tools/cube ide/stm32cubeide_1.4.0/stm32cubeide/plugins/com.st.stm32cube.ide.mcu.externaltools.gnu-tools-for-stm32.7-2018-q2-update.win32_1.4.0.202007081208/tools/bin/../lib/gcc/arm-none-eabi/7.3.1/../../../../arm-none-eabi/lib/thumb/v7-m\libc_nano.a(lib_a-exit.o)
                              d:/learnindepthembedded/tools/cube ide/stm32cubeide_1.4.0/stm32cubeide/plugins/com.st.stm32cube.ide.mcu.externaltools.gnu-tools-for-stm32.7-2018-q2-update.win32_1.4.0.202007081208/tools/bin/../lib/gcc/arm-none-eabi/7.3.1/../../../../arm-none-eabi/lib/thumb/v7-m/crt0.o (exit)
d:/learnindepthembedded/tools/cube ide/stm32cubeide_1.4.0/stm32cubeide/plugins/com.st.stm32cube.ide.mcu.externaltools.gnu-tools-for-stm32.7-2018-q2-update.win32_1.4.0.202007081208/tools/bin/../lib/gcc/arm-none-eabi/7.3.1/../../../../arm-none-eabi/lib/thumb/v7-m\libc_nano.a(lib_a-impure.o)
                              d:/learnindepthembedded/tools/cube ide/stm32cubeide_1.4.0/stm32cubeide/plugins/com.st.stm32cube.ide.mcu.externaltools.gnu-tools-for-stm32.7-2018-q2-update.win32_1.4.0.202007081208/tools/bin/../lib/gcc/arm-none-eabi/7.3.1/../../../../arm-none-eabi/lib/thumb/v7-m\libc_nano.a(lib_a-exit.o) (_global_impure_ptr)
d:/learnindepthembedded/tools/cube ide/stm32cubeide_1.4.0/stm32cubeide/plugins/com.st.stm32cube.ide.mcu.externaltools.gnu-tools-for-stm32.7-2018-q2-update.win32_1.4.0.202007081208/tools/bin/../lib/gcc/arm-none-eabi/7.3.1/../../../../arm-none-eabi/lib/thumb/v7-m\libc_nano.a(lib_a-init.o)
                              d:/learnindepthembedded/tools/cube ide/stm32cubeide_1.4.0/stm32cubeide/plugins/com.st.stm32cube.ide.mcu.externaltools.gnu-tools-for-stm32.7-2018-q2-update.win32_1.4.0.202007081208/tools/bin/../lib/gcc/arm-none-eabi/7.3.1/../../../../arm-none-eabi/lib/thumb/v7-m/crt0.o (__libc_init_array)
d:/learnindepthembedded/tools/cube ide/stm32cubeide_1.4.0/stm32cubeide/plugins/com.st.stm32cube.ide.mcu.externaltools.gnu-tools-for-stm32.7-2018-q2-update.win32_1.4.0.202007081208/tools/bin/../lib/gcc/arm-none-eabi/7.3.1/../../../../arm-none-eabi/lib/thumb/v7-m\libc_nano.a(lib_a-memset.o)
                              d:/learnindepthembedded/tools/cube ide/stm32cubeide_1.4.0/stm32cubeide/plugins/com.st.stm32cube.ide.mcu.externaltools.gnu-tools-for-stm32.7-2018-q2-update.win32_1.4.0.202007081208/tools/bin/../lib/gcc/arm-none-eabi/7.3.1/../../../../arm-none-eabi/lib/thumb/v7-m/crt0.o (memset)

Allocating common symbols
Common symbol       size              file

global_SPI_config   0x30              STM32_F103C6_Drivers/SPI/STM32F103C6_SPI_Driver.o
flag                0x1               Src/main.o
Global_UART_Config  0x14              STM32_F103C6_Drivers/USART/STM32F103C6_USART_Driver.o
pinConfig           0x4               HAL/Keypad/keypad.o
GP_IRQ_Callback     0x3c              STM32_F103C6_Drivers/EXTI/STM32F103C6_EXTI_Driver.o

Discarded input sections

 .text          0x0000000000000000        0x0 d:/learnindepthembedded/tools/cube ide/stm32cubeide_1.4.0/stm32cubeide/plugins/com.st.stm32cube.ide.mcu.externaltools.gnu-tools-for-stm32.7-2018-q2-update.win32_1.4.0.202007081208/tools/bin/../lib/gcc/arm-none-eabi/7.3.1/thumb/v7-m/crti.o
 .data          0x0000000000000000        0x0 d:/learnindepthembedded/tools/cube ide/stm32cubeide_1.4.0/stm32cubeide/plugins/com.st.stm32cube.ide.mcu.externaltools.gnu-tools-for-stm32.7-2018-q2-update.win32_1.4.0.202007081208/tools/bin/../lib/gcc/arm-none-eabi/7.3.1/thumb/v7-m/crti.o
 .bss           0x0000000000000000        0x0 d:/learnindepthembedded/tools/cube ide/stm32cubeide_1.4.0/stm32cubeide/plugins/com.st.stm32cube.ide.mcu.externaltools.gnu-tools-for-stm32.7-2018-q2-update.win32_1.4.0.202007081208/tools/bin/../lib/gcc/arm-none-eabi/7.3.1/thumb/v7-m/crti.o
 .data          0x0000000000000000        0x4 d:/learnindepthembedded/tools/cube ide/stm32cubeide_1.4.0/stm32cubeide/plugins/com.st.stm32cube.ide.mcu.externaltools.gnu-tools-for-stm32.7-2018-q2-update.win32_1.4.0.202007081208/tools/bin/../lib/gcc/arm-none-eabi/7.3.1/thumb/v7-m/crtbegin.o
 .text          0x0000000000000000       0x74 d:/learnindepthembedded/tools/cube ide/stm32cubeide_1.4.0/stm32cubeide/plugins/com.st.stm32cube.ide.mcu.externaltools.gnu-tools-for-stm32.7-2018-q2-update.win32_1.4.0.202007081208/tools/bin/../lib/gcc/arm-none-eabi/7.3.1/../../../../arm-none-eabi/lib/thumb/v7-m/crt0.o
[...]
Memory Configuration

Name             Origin             Length             Attributes
RAM              0x0000000020000000 0x0000000000002800 xrw
ROM              0x0000000008000000 0x0000000000008000 xr
*default*        0x0000000000000000 0xffffffffffffffff

Linker script and memory map

LOAD d:/learnindepthembedded/tools/cube ide/stm32cubeide_1.4.0/stm32cubeide/plugins/com.st.stm32cube.ide.mcu.externaltools.gnu-tools-for-stm32.7-2018-q2-update.win32_1.4.0.202007081208/tools/bin/../lib/gcc/arm-none-eabi/7.3.1/thumb/v7-m/crti.o
LOAD d:/learnindepthembedded/tools/cube ide/stm32cubeide_1.4.0/stm32cubeide/plugins/com.st.stm32cube.ide.mcu.externaltools.gnu-tools-for-stm32.7-2018-q2-update.win32_1.4.0.202007081208/tools/bin/../lib/gcc/arm-none-eabi/7.3.1/thumb/v7-m/crtbegin.o
LOAD d:/learnindepthembedded/tools/cube ide/stm32cubeide_1.4.0/stm32cubeide/plugins/com.st.stm32cube.ide.mcu.externaltools.gnu-tools-for-stm32.7-2018-q2-update.win32_1.4.0.202007081208/tools/bin/../lib/gcc/arm-none-eabi/7.3.1/../../../../arm-none-eabi/lib/thumb/v7-m/crt0.o
LOAD HAL/EEPROM/EEPROM.o
LOAD HAL/Keypad/keypad.o
LOAD HAL/LCD/lcd.o
LOAD STM32_F103C6_Drivers/EXTI/STM32F103C6_EXTI_Driver.o
LOAD STM32_F103C6_Drivers/GPIO/STM32F103C6_GPIO_Driver.o
LOAD STM32_F103C6_Drivers/I2C/STM32F103C6_I2C_Driver.o
LOAD STM32_F103C6_Drivers/RCC/STM32F103C6_RCC_Driver.o
LOAD STM32_F103C6_Drivers/SPI/STM32F103C6_SPI_Driver.o
LOAD STM32_F103C6_Drivers/USART/STM32F103C6_USART_Driver.o
LOAD Src/main.o
LOAD Src/syscalls.o
LOAD Src/sysmem.o
LOAD Startup/startup_stm32f103c6tx.o
START GROUP
LOAD d:/learnindepthembedded/tools/cube ide/stm32cubeide_1.4.0/stm32cubeide/plugins/com.st.stm32cube.ide.mcu.externaltools.gnu-tools-for-stm32.7-2018-q2-update.win32_1.4.0.202007081208/tools/bin/../lib/gcc/arm-none-eabi/7.3.1/../../../../arm-none-eabi/lib/thumb/v7-m\libc_nano.a
LOAD d:/learnindepthembedded/tools/cube ide/stm32cubeide_1.4.0/stm32cubeide/plugins/com.st.stm32cube.ide.mcu.externaltools.gnu-tools-for-stm32.7-2018-q2-update.win32_1.4.0.202007081208/tools/bin/../lib/gcc/arm-none-eabi/7.3.1/../../../../arm-none-eabi/lib/thumb/v7-m\libm.a
END GROUP
START GROUP
LOAD d:/learnindepthembedded/tools/cube ide/stm32cubeide_1.4.0/stm32cubeide/plugins/com.st.stm32cube.ide.mcu.externaltools.gnu-tools-for-stm32.7-2018-q2-update.win32_1.4.0.202007081208/tools/bin/../lib/gcc/arm-none-eabi/7.3.1/thumb/v7-m\libgcc.a
LOAD d:/learnindepthembedded/tools/cube ide/stm32cubeide_1.4.0/stm32cubeide/plugins/com.st.stm32cube.ide.mcu.externaltools.gnu-tools-for-stm32.7-2018-q2-update.win32_1.4.0.202007081208/tools/bin/../lib/gcc/arm-none-eabi/7.3.1/../../../../arm-none-eabi/lib/thumb/v7-m\libg_nano.a
LOAD d:/learnindepthembedded/tools/cube ide/stm32cubeide_1.4.0/stm32cubeide/plugins/com.st.stm32cube.ide.mcu.externaltools.gnu-tools-for-stm32.7-2018-q2-update.win32_1.4.0.202007081208/tools/bin/../lib/gcc/arm-none-eabi/7.3.1/../../../../arm-none-eabi/lib/thumb/v7-m\libc_nano.a
END GROUP
START GROUP
LOAD d:/learnindepthembedded/tools/cube ide/stm32cubeide_1.4.0/stm32cubeide/plugins/com.st.stm32cube.ide.mcu.externaltools.gnu-tools-for-stm32.7-2018-q2-update.win32_1.4.0.202007081208/tools/bin/../lib/gcc/arm-none-eabi/7.3.1/thumb/v7-m\libgcc.a
LOAD d:/learnindepthembedded/tools/cube ide/stm32cubeide_1.4.0/stm32cubeide/plugins/com.st.stm32cube.ide.mcu.externaltools.gnu-tools-for-stm32.7-2018-q2-update.win32_1.4.0.202007081208/tools/bin/../lib/gcc/arm-none-eabi/7.3.1/../../../../arm-none-eabi/lib/thumb/v7-m\libc_nano.a
LOAD d:/learnindepthembedded/tools/cube ide/stm32cubeide_1.4.0/stm32cubeide/plugins/com.st.stm32cube.ide.mcu.externaltools.gnu-tools-for-stm32.7-2018-q2-update.win32_1.4.0.202007081208/tools/bin/../lib/gcc/arm-none-eabi/7.3.1/../../../../arm-none-eabi/lib/thumb/v7-m\libnosys.a
END GROUP
START GROUP
LOAD d:/learnindepthembedded/tools/cube ide/stm32cubeide_1.4.0/stm32cubeide/plugins/com.st.stm32cube.ide.mcu.externaltools.gnu-tools-for-stm32.7-2018-q2-update.win32_1.4.0.202007081208/tools/bin/../lib/gcc/arm-none-eabi/7.3.1/thumb/v7-m\libgcc.a
LOAD d:/learnindepthembedded/tools/cube ide/stm32cubeide_1.4.0/stm32cubeide/plugins/com.st.stm32cube.ide.mcu.externaltools.gnu-tools-for-stm32.7-2018-q2-update.win32_1.4.0.202007081208/tools/bin/../lib/gcc/arm-none-eabi/7.3.1/../../../../arm-none-eabi/lib/thumb/v7-m\libc_nano.a
LOAD d:/learnindepthembedded/tools/cube ide/stm32cubeide_1.4.0/stm32cubeide/plugins/com.st.stm32cube.ide.mcu.externaltools.gnu-tools-for-stm32.7-2018-q2-update.win32_1.4.0.202007081208/tools/bin/../lib/gcc/arm-none-eabi/7.3.1/../../../../arm-none-eabi/lib/thumb/v7-m\libnosys.a
END GROUP
LOAD d:/learnindepthembedded/tools/cube ide/stm32cubeide_1.4.0/stm32cubeide/plugins/com.st.stm32cube.ide.mcu.externaltools.gnu-tools-for-stm32.7-2018-q2-update.win32_1.4.0.202007081208/tools/bin/../lib/gcc/arm-none-eabi/7.3.1/thumb/v7-m/crtend.o
LOAD d:/learnindepthembedded/tools/cube ide/stm32cubeide_1.4.0/stm32cubeide/plugins/com.st.stm32cube.ide.mcu.externaltools.gnu-tools-for-stm32.7-2018-q2-update.win32_1.4.0.202007081208/tools/bin/../lib/gcc/arm-none-eabi/7.3.1/thumb/v7-m/crtn.o
                0x0000000020002800                _estack = (ORIGIN (RAM) + LENGTH (RAM))
                0x0000000000000200                _Min_Heap_Size = 0x200
                0x0000000000000400                _Min_Stack_Size = 0x400

.isr_vector     0x0000000008000000      0x130
                0x0000000008000000                . = ALIGN (0x4)
 *(.isr_vector)
 .isr_vector    0x0000000008000000      0x130 Startup/startup_stm32f103c6tx.o
                0x0000000008000000                g_pfnVectors
                0x0000000008000130                . = ALIGN (0x4)

.text           0x0000000008000130     0x1074
                0x0000000008000130                . = ALIGN (0x4)
 *(.text)
 .text          0x0000000008000130       0x40 d:/learnindepthembedded/tools/cube ide/stm32cubeide_1.4.0/stm32cubeide/plugins/com.st.stm32cube.ide.mcu.externaltools.gnu-tools-for-stm32.7-2018-q2-update.win32_1.4.0.202007081208/tools/bin/../lib/gcc/arm-none-eabi/7.3.1/thumb/v7-m/crtbegin.o
 *(.text*)
 .text.eeprom_init
                0x0000000008000170       0x40 HAL/EEPROM/EEPROM.o
                0x0000000008000170                eeprom_init
 .text.eeprom_write_nBytes
                0x00000000080001b0       0x9c HAL/EEPROM/EEPROM.o
                0x00000000080001b0                eeprom_write_nBytes
 .text.eeprom_read_nBytes
                0x000000000800024c       0x58 HAL/EEPROM/EEPROM.o
                0x000000000800024c                eeprom_read_nBytes
 .text.EXTI0_IRQHandler
                0x00000000080002a4       0x24 STM32_F103C6_Drivers/EXTI/STM32F103C6_EXTI_Driver.o
                0x00000000080002a4                EXTI0_IRQHandler
 .text.EXTI1_IRQHandler
                0x00000000080002c8       0x24 STM32_F103C6_Drivers/EXTI/STM32F103C6_EXTI_Driver.o
                0x00000000080002c8                EXTI1_IRQHandler
 .text.EXTI2_IRQHandler
                0x00000000080002ec       0x24 STM32_F103C6_Drivers/EXTI/STM32F103C6_EXTI_Driver.o
                0x00000000080002ec                EXTI2_IRQHandler
 .text.EXTI3_IRQHandler
                0x0000000008000310       0x24 STM32_F103C6_Drivers/EXTI/STM32F103C6_EXTI_Driver.o
                0x0000000008000310                EXTI3_IRQHandler
 .text.EXTI4_IRQHandler
                0x0000000008000334       0x24 STM32_F103C6_Drivers/EXTI/STM32F103C6_EXTI_Driver.o
                0x0000000008000334                EXTI4_IRQHandler
 .text.EXTI9_5_IRQHandler
                0x0000000008000358       0xa8 STM32_F103C6_Drivers/EXTI/STM32F103C6_EXTI_Driver.o
                0x0000000008000358                EXTI9_5_IRQHandler
 .text.EXTI15_10_IRQHandler
                0x0000000008000400       0xc4 STM32_F103C6_Drivers/EXTI/STM32F103C6_EXTI_Driver.o
                0x0000000008000400                EXTI15_10_IRQHandler
 .text.get_CRLH_position
                0x00000000080004c4       0xc6 STM32_F103C6_Drivers/GPIO/STM32F103C6_GPIO_Driver.o
                0x00000000080004c4                get_CRLH_position
 .text.MCAL_GPIO_init
                0x000000000800058a       0xfe STM32_F103C6_Drivers/GPIO/STM32F103C6_GPIO_Driver.o
                0x000000000800058a                MCAL_GPIO_init
 .text.MCAL_I2C_init
                0x0000000008000688      0x214 STM32_F103C6_Drivers/I2C/STM32F103C6_I2C_Driver.o
                0x0000000008000688                MCAL_I2C_init
 .text.MCAL_I2C_set_pins
                0x000000000800089c       0x88 STM32_F103C6_Drivers/I2C/STM32F103C6_I2C_Driver.o
                0x000000000800089c                MCAL_I2C_set_pins
 .text.MCAL_I2C_master_TX
                0x0000000008000924       0xac STM32_F103C6_Drivers/I2C/STM32F103C6_I2C_Driver.o
                0x0000000008000924                MCAL_I2C_master_TX
 .text.MCAL_I2C_master_RX
                0x00000000080009d0       0xe8 STM32_F103C6_Drivers/I2C/STM32F103C6_I2C_Driver.o
                0x00000000080009d0                MCAL_I2C_master_RX
 .text.generate_start
                0x0000000008000ab8       0x4e STM32_F103C6_Drivers/I2C/STM32F103C6_I2C_Driver.o
                0x0000000008000ab8                generate_start
 *fill*         0x0000000008000b06        0x2 
 .text.get_flag_status
                0x0000000008000b08       0xf8 STM32_F103C6_Drivers/I2C/STM32F103C6_I2C_Driver.o
                0x0000000008000b08                get_flag_status
 .text.send_address
                0x0000000008000c00       0x6c STM32_F103C6_Drivers/I2C/STM32F103C6_I2C_Driver.o
                0x0000000008000c00                send_address
 .text.generate_stop
                0x0000000008000c6c       0x36 STM32_F103C6_Drivers/I2C/STM32F103C6_I2C_Driver.o
                0x0000000008000c6c                generate_stop
 *fill*         0x0000000008000ca2        0x2 
 .text.I2C1_EV_IRQHandler
                0x0000000008000ca4       0xec STM32_F103C6_Drivers/I2C/STM32F103C6_I2C_Driver.o
                0x0000000008000ca4                I2C1_EV_IRQHandler
 .text.I2C1_ER_IRQHandler
                0x0000000008000d90        0xc STM32_F103C6_Drivers/I2C/STM32F103C6_I2C_Driver.o
                0x0000000008000d90                I2C1_ER_IRQHandler
 .text.I2C2_EV_IRQHandler
                0x0000000008000d9c        0xc STM32_F103C6_Drivers/I2C/STM32F103C6_I2C_Driver.o
                0x0000000008000d9c                I2C2_EV_IRQHandler
 .text.I2C2_ER_IRQHandler
                0x0000000008000da8        0xc STM32_F103C6_Drivers/I2C/STM32F103C6_I2C_Driver.o
                0x0000000008000da8                I2C2_ER_IRQHandler
 .text.slave_states
                0x0000000008000db4       0xe4 STM32_F103C6_Drivers/I2C/STM32F103C6_I2C_Driver.o
                0x0000000008000db4                slave_states
 .text.acknowledge_config
                0x0000000008000e98       0x36 STM32_F103C6_Drivers/I2C/STM32F103C6_I2C_Driver.o
                0x0000000008000e98                acknowledge_config
 *fill*         0x0000000008000ece        0x2 
 .text.MCAL_RCC_getSYSCLKFreq
                0x0000000008000ed0       0x3c STM32_F103C6_Drivers/RCC/STM32F103C6_RCC_Driver.o
                0x0000000008000ed0                MCAL_RCC_getSYSCLKFreq
 .text.MCAL_RCC_getHCLKFreq
                0x0000000008000f0c       0x28 STM32_F103C6_Drivers/RCC/STM32F103C6_RCC_Driver.o
                0x0000000008000f0c                MCAL_RCC_getHCLKFreq
 .text.MCAL_RCC_getPCLK1Freq
                0x0000000008000f34       0x28 STM32_F103C6_Drivers/RCC/STM32F103C6_RCC_Driver.o
                0x0000000008000f34                MCAL_RCC_getPCLK1Freq
 .text.SPI1_IRQHandler
                0x0000000008000f5c       0x58 STM32_F103C6_Drivers/SPI/STM32F103C6_SPI_Driver.o
                0x0000000008000f5c                SPI1_IRQHandler
 .text.SPI2_IRQHandler
                0x0000000008000fb4       0x58 STM32_F103C6_Drivers/SPI/STM32F103C6_SPI_Driver.o
                0x0000000008000fb4                SPI2_IRQHandler
 .text.USART1_IRQHandler
                0x000000000800100c       0x14 STM32_F103C6_Drivers/USART/STM32F103C6_USART_Driver.o
                0x000000000800100c                USART1_IRQHandler
 .text.USART2_IRQHandler
                0x0000000008001020       0x14 STM32_F103C6_Drivers/USART/STM32F103C6_USART_Driver.o
                0x0000000008001020                USART2_IRQHandler
 .text.USART3_IRQHandler
                0x0000000008001034       0x14 STM32_F103C6_Drivers/USART/STM32F103C6_USART_Driver.o
                0x0000000008001034                USART3_IRQHandler
 .text.main     0x0000000008001048       0x74 Src/main.o
                0x0000000008001048                main
 .text.clock_init
                0x00000000080010bc       0x34 Src/main.o
                0x00000000080010bc                clock_init
 .text.Reset_Handler
                0x00000000080010f0       0x50 Startup/startup_stm32f103c6tx.o
                0x00000000080010f0                Reset_Handler
 .text.Default_Handler
                0x0000000008001140        0x2 Startup/startup_stm32f103c6tx.o
                0x0000000008001140                TIM8_TRG_COM_IRQHandler
                0x0000000008001140                TIM8_CC_IRQHandler
                0x0000000008001140                DebugMon_Handler
                0x0000000008001140                TIM1_CC_IRQHandler
                0x0000000008001140                HardFault_Handler
                0x0000000008001140                TIM6_IRQHandler
                0x0000000008001140                SysTick_Handler
                0x0000000008001140                PVD_IRQHandler
                0x0000000008001140                SDIO_IRQHandler
                0x0000000008001140                PendSV_Handler
                0x0000000008001140                NMI_Handler
                0x0000000008001140                USB_HP_CAN_TX_IRQHandler
                0x0000000008001140                UsageFault_Handler
                0x0000000008001140                ADC1_2_IRQHandler
                0x0000000008001140                CAN_SCE_IRQHandler
                0x0000000008001140                TAMPER_IRQHandler
                0x0000000008001140                TIM8_UP_IRQHandler
                0x0000000008001140                DMA2_Channel2_IRQHandler
                0x0000000008001140                DMA1_Channel4_IRQHandler
                0x0000000008001140                RTC_IRQHandler
                0x0000000008001140                DMA1_Channel7_IRQHandler
                0x0000000008001140                UART5_IRQHandler
                0x0000000008001140                ADC3_IRQHandler
                0x0000000008001140                TIM4_IRQHandler
                0x0000000008001140                CAN_RX1_IRQHandler
                0x0000000008001140                DMA2_Channel1_IRQHandler
                0x0000000008001140                DMA1_Channel6_IRQHandler
                0x0000000008001140                UART4_IRQHandler
                0x0000000008001140                TIM3_IRQHandler
                0x0000000008001140                RCC_IRQHandler
                0x0000000008001140                TIM1_TRG_COM_IRQHandler
                0x0000000008001140                DMA1_Channel1_IRQHandler
                0x0000000008001140                Default_Handler
                0x0000000008001140                TIM7_IRQHandler
                0x0000000008001140                TIM5_IRQHandler
                0x0000000008001140                USB_LP_CAN_RX0_IRQHandler
                0x0000000008001140                MemManage_Handler
                0x0000000008001140                SVC_Handler
                0x0000000008001140                DMA1_Channel5_IRQHandler
                0x0000000008001140                DMA1_Channel3_IRQHandler
                0x0000000008001140                FSMC_IRQHandler
                0x0000000008001140                TIM1_UP_IRQHandler
                0x0000000008001140                WWDG_IRQHandler
                0x0000000008001140                TIM2_IRQHandler
                0x0000000008001140                TIM1_BRK_IRQHandler
                0x0000000008001140                RTCAlarm_IRQHandler
                0x0000000008001140                DMA2_Channel4_5_IRQHandler
                0x0000000008001140                DMA1_Channel2_IRQHandler
                0x0000000008001140                TIM8_BRK_IRQHandler
                0x0000000008001140                FLASH_IRQHandler
                0x0000000008001140                BusFault_Handler
                0x0000000008001140                SPI3_IRQHandler
                0x0000000008001140                DMA2_Channel3_IRQHandler
 *fill*         0x0000000008001142        0x2 
 .text.__libc_init_array
                0x0000000008001144       0x48 d:/learnindepthembedded/tools/cube ide/stm32cubeide_1.4.0/stm32cubeide/plugins/com.st.stm32cube.ide.mcu.externaltools.gnu-tools-for-stm32.7-2018-q2-update.win32_1.4.0.202007081208/tools/bin/../lib/gcc/arm-none-eabi/7.3.1/../../../../arm-none-eabi/lib/thumb/v7-m\libc_nano.a(lib_a-init.o)
                0x0000000008001144                __libc_init_array
 *(.glue_7)
 .glue_7        0x000000000800118c        0x0 linker stubs
 *(.glue_7t)
 .glue_7t       0x000000000800118c        0x0 linker stubs
 *(.eh_frame)
 .eh_frame      0x000000000800118c        0x0 d:/learnindepthembedded/tools/cube ide/stm32cubeide_1.4.0/stm32cubeide/plugins/com.st.stm32cube.ide.mcu.externaltools.gnu-tools-for-stm32.7-2018-q2-update.win32_1.4.0.202007081208/tools/bin/../lib/gcc/arm-none-eabi/7.3.1/thumb/v7-m/crtbegin.o
 *(.init)
 .init          0x000000000800118c        0x4 d:/learnindepthembedded/tools/cube ide/stm32cubeide_1.4.0/stm32cubeide/plugins/com.st.stm32cube.ide.mcu.externaltools.gnu-tools-for-stm32.7-2018-q2-update.win32_1.4.0.202007081208/tools/bin/../lib/gcc/arm-none-eabi/7.3.1/thumb/v7-m/crti.o
                0x000000000800118c                _init
 .init          0x0000000008001190        0x8 d:/learnindepthembedded/tools/cube ide/stm32cubeide_1.4.0/stm32cubeide/plugins/com.st.stm32cube.ide.mcu.externaltools.gnu-tools-for-stm32.7-2018-q2-update.win32_1.4.0.202007081208/tools/bin/../lib/gcc/arm-none-eabi/7.3.1/thumb/v7-m/crtn.o
 *(.fini)
 .fini          0x0000000008001198        0x4 d:/learnindepthembedded/tools/cube ide/stm32cubeide_1.4.0/stm32cubeide/plugins/com.st.stm32cube.ide.mcu.externaltools.gnu-tools-for-stm32.7-2018-q2-update.win32_1.4.0.202007081208/tools/bin/../lib/gcc/arm-none-eabi/7.3.1/thumb/v7-m/crti.o
                0x0000000008001198                _fini
 .fini          0x000000000800119c        0x8 d:/learnindepthembedded/tools/cube ide/stm32cubeide_1.4.0/stm32cubeide/plugins/com.st.stm32cube.ide.mcu.externaltools.gnu-tools-for-stm32.7-2018-q2-update.win32_1.4.0.202007081208/tools/bin/../lib/gcc/arm-none-eabi/7.3.1/thumb/v7-m/crtn.o
                0x00000000080011a4                . = ALIGN (0x4)
                0x00000000080011a4                _etext = .

.vfp11_veneer   0x00000000080011a4        0x0
 .vfp11_veneer  0x00000000080011a4        0x0 linker stubs

.v4_bx          0x00000000080011a4        0x0
 .v4_bx         0x00000000080011a4        0x0 linker stubs

.iplt           0x00000000080011a4        0x0
 .iplt          0x00000000080011a4        0x0 d:/learnindepthembedded/tools/cube ide/stm32cubeide_1.4.0/stm32cubeide/plugins/com.st.stm32cube.ide.mcu.externaltools.gnu-tools-for-stm32.7-2018-q2-update.win32_1.4.0.202007081208/tools/bin/../lib/gcc/arm-none-eabi/7.3.1/thumb/v7-m/crtbegin.o

.rodata         0x00000000080011a4       0x20
                0x00000000080011a4                . = ALIGN (0x4)
 *(.rodata)
 .rodata        0x00000000080011a4        0x7 Src/main.o
 *(.rodata*)
 *fill*         0x00000000080011ab        0x1 
 .rodata.APBPrescTable
                0x00000000080011ac        0x8 STM32_F103C6_Drivers/RCC/STM32F103C6_RCC_Driver.o
                0x00000000080011ac                APBPrescTable
 .rodata.AHBPrescTable
                0x00000000080011b4       0x10 STM32_F103C6_Drivers/RCC/STM32F103C6_RCC_Driver.o
                0x00000000080011b4                AHBPrescTable
                0x00000000080011c4                . = ALIGN (0x4)

.rel.dyn        0x00000000080011c4        0x0
 .rel.iplt      0x00000000080011c4        0x0 d:/learnindepthembedded/tools/cube ide/stm32cubeide_1.4.0/stm32cubeide/plugins/com.st.stm32cube.ide.mcu.externaltools.gnu-tools-for-stm32.7-2018-q2-update.win32_1.4.0.202007081208/tools/bin/../lib/gcc/arm-none-eabi/7.3.1/thumb/v7-m/crtbegin.o

.ARM.extab      0x00000000080011c4        0x0
                0x00000000080011c4                . = ALIGN (0x4)
 *(.ARM.extab* .gnu.linkonce.armextab.*)
                0x00000000080011c4                . = ALIGN (0x4)

.ARM            0x00000000080011c4        0x0
                0x00000000080011c4                . = ALIGN (0x4)
                0x00000000080011c4                __exidx_start = .
 *(.ARM.exidx*)
                0x00000000080011c4                __exidx_end = .
                0x00000000080011c4                . = ALIGN (0x4)

.preinit_array  0x00000000080011c4        0x0
                0x00000000080011c4                . = ALIGN (0x4)
                0x00000000080011c4                PROVIDE (__preinit_array_start = .)
 *(.preinit_array*)
                0x00000000080011c4                PROVIDE (__preinit_array_end = .)
                0x00000000080011c4                . = ALIGN (0x4)

.init_array     0x00000000080011c4        0x4
                0x00000000080011c4                . = ALIGN (0x4)
                0x00000000080011c4                PROVIDE (__init_array_start = .)
 *(SORT_BY_NAME(.init_array.*))
 *(.init_array*)
 .init_array    0x00000000080011c4        0x4 d:/learnindepthembedded/tools/cube ide/stm32cubeide_1.4.0/stm32cubeide/plugins/com.st.stm32cube.ide.mcu.externaltools.gnu-tools-for-stm32.7-2018-q2-update.win32_1.4.0.202007081208/tools/bin/../lib/gcc/arm-none-eabi/7.3.1/thumb/v7-m/crtbegin.o
                0x00000000080011c8                PROVIDE (__init_array_end = .)
                0x00000000080011c8                . = ALIGN (0x4)

.fini_array     0x00000000080011c8        0x4
                0x00000000080011c8                . = ALIGN (0x4)
                [!provide]                        PROVIDE (__fini_array_start = .)
 *(SORT_BY_NAME(.fini_array.*))
 *(.fini_array*)
 .fini_array    0x00000000080011c8        0x4 d:/learnindepthembedded/tools/cube ide/stm32cubeide_1.4.0/stm32cubeide/plugins/com.st.stm32cube.ide.mcu.externaltools.gnu-tools-for-stm32.7-2018-q2-update.win32_1.4.0.202007081208/tools/bin/../lib/gcc/arm-none-eabi/7.3.1/thumb/v7-m/crtbegin.o
                [!provide]                        PROVIDE (__fini_array_end = .)
                0x00000000080011cc                . = ALIGN (0x4)
                0x00000000080011cc                _sidata = LOADADDR (.data)

.data           0x0000000020000000        0x0 load address 0x00000000080011cc
                0x0000000020000000                . = ALIGN (0x4)
                0x0000000020000000                _sdata = .
 *(.data)
 *(.data*)
                0x0000000020000000                . = ALIGN (0x4)
                0x0000000020000000                _edata = .

.igot.plt       0x0000000020000000        0x0 load address 0x00000000080011cc
 .igot.plt      0x0000000020000000        0x0 d:/learnindepthembedded/tools/cube ide/stm32cubeide_1.4.0/stm32cubeide/plugins/com.st.stm32cube.ide.mcu.externaltools.gnu-tools-for-stm32.7-2018-q2-update.win32_1.4.0.202007081208/tools/bin/../lib/gcc/arm-none-eabi/7.3.1/thumb/v7-m/crtbegin.o
                0x0000000020000000                . = ALIGN (0x4)

.bss            0x0000000020000000       0xe4 load address 0x00000000080011cc
                0x0000000020000000                _sbss = .
                0x0000000020000000                __bss_start__ = _sbss
 *(.bss)
 .bss           0x0000000020000000       0x1c d:/learnindepthembedded/tools/cube ide/stm32cubeide_1.4.0/stm32cubeide/plugins/com.st.stm32cube.ide.mcu.externaltools.gnu-tools-for-stm32.7-2018-q2-update.win32_1.4.0.202007081208/tools/bin/../lib/gcc/arm-none-eabi/7.3.1/thumb/v7-m/crtbegin.o
 *(.bss*)
 .bss.global_I2C_config
                0x000000002000001c       0x48 STM32_F103C6_Drivers/I2C/STM32F103C6_I2C_Driver.o
                0x000000002000001c                global_I2C_config
 *(COMMON)
 COMMON         0x0000000020000064       0x3c STM32_F103C6_Drivers/EXTI/STM32F103C6_EXTI_Driver.o
                0x0000000020000064                GP_IRQ_Callback
 COMMON         0x00000000200000a0       0x30 STM32_F103C6_Drivers/SPI/STM32F103C6_SPI_Driver.o
                0x00000000200000a0                global_SPI_config
 COMMON         0x00000000200000d0       0x14 STM32_F103C6_Drivers/USART/STM32F103C6_USART_Driver.o
                0x00000000200000d0                Global_UART_Config
                0x00000000200000e4                . = ALIGN (0x4)
                0x00000000200000e4                _ebss = .
                0x00000000200000e4                __bss_end__ = _ebss

._user_heap_stack
                0x00000000200000e4      0x604 load address 0x00000000080011cc
                0x00000000200000e8                . = ALIGN (0x8)
 *fill*         0x00000000200000e4        0x4 
                [!provide]                        PROVIDE (end = .)
                0x00000000200000e8                PROVIDE (_end = .)
                0x00000000200002e8                . = (. + _Min_Heap_Size)
 *fill*         0x00000000200000e8      0x200 
                0x00000000200006e8                . = (. + _Min_Stack_Size)
 *fill*         0x00000000200002e8      0x400 
                0x00000000200006e8                . = ALIGN (0x8)

/DISCARD/
 libc.a(*)
 libm.a(*)
 libgcc.a(*)

.ARM.attributes
                0x0000000000000000       0x29
 *(.ARM.attributes)
 .ARM.attributes
                0x0000000000000000       0x1d d:/learnindepthembedded/tools/cube ide/stm32cubeide_1.4.0/stm32cubeide/plugins/com.st.stm32cube.ide.mcu.externaltools.gnu-tools-for-stm32.7-2018-q2-update.win32_1.4.0.202007081208/tools/bin/../lib/gcc/arm-none-eabi/7.3.1/thumb/v7-m/crti.o
 .ARM.attributes
                0x000000000000001d       0x2d d:/learnindepthembedded/tools/cube ide/stm32cubeide_1.4.0/stm32cubeide/plugins/com.st.stm32cube.ide.mcu.externaltools.gnu-tools-for-stm32.7-2018-q2-update.win32_1.4.0.202007081208/tools/bin/../lib/gcc/arm-none-eabi/7.3.1/thumb/v7-m/crtbegin.o
 .ARM.attributes
                0x000000000000004a       0x33 HAL/EEPROM/EEPROM.o
 .ARM.attributes
                0x000000000000007d       0x33 STM32_F103C6_Drivers/EXTI/STM32F103C6_EXTI_Driver.o
 .ARM.attributes
                0x00000000000000b0       0x33 STM32_F103C6_Drivers/GPIO/STM32F103C6_GPIO_Driver.o
 .ARM.attributes
                0x00000000000000e3       0x33 STM32_F103C6_Drivers/I2C/STM32F103C6_I2C_Driver.o
 .ARM.attributes
                0x0000000000000116       0x33 STM32_F103C6_Drivers/RCC/STM32F103C6_RCC_Driver.o
 .ARM.attributes
                0x0000000000000149       0x33 STM32_F103C6_Drivers/SPI/STM32F103C6_SPI_Driver.o
 .ARM.attributes
                0x000000000000017c       0x33 STM32_F103C6_Drivers/USART/STM32F103C6_USART_Driver.o
 .ARM.attributes
                0x00000000000001af       0x33 Src/main.o
 .ARM.attributes
                0x00000000000001e2       0x21 Startup/startup_stm32f103c6tx.o
 .ARM.attributes
                0x0000000000000203       0x2d d:/learnindepthembedded/tools/cube ide/stm32cubeide_1.4.0/stm32cubeide/plugins/com.st.stm32cube.ide.mcu.externaltools.gnu-tools-for-stm32.7-2018-q2-update.win32_1.4.0.202007081208/tools/bin/../lib/gcc/arm-none-eabi/7.3.1/../../../../arm-none-eabi/lib/thumb/v7-m\libc_nano.a(lib_a-init.o)
 .ARM.attributes
                0x0000000000000230       0x1d d:/learnindepthembedded/tools/cube ide/stm32cubeide_1.4.0/stm32cubeide/plugins/com.st.stm32cube.ide.mcu.externaltools.gnu-tools-for-stm32.7-2018-q2-update.win32_1.4.0.202007081208/tools/bin/../lib/gcc/arm-none-eabi/7.3.1/thumb/v7-m/crtn.o
OUTPUT(Drivers.elf elf32-littlearm)

.debug_info     0x0000000000000000     0x71f8
 .debug_info    0x0000000000000000      0xc9f HAL/EEPROM/EEPROM.o
 .debug_info    0x0000000000000c9f      0xdbf STM32_F103C6_Drivers/EXTI/STM32F103C6_EXTI_Driver.o
 .debug_info    0x0000000000001a5e      0xd56 STM32_F103C6_Drivers/GPIO/STM32F103C6_GPIO_Driver.o
 .debug_info    0x00000000000027b4     0x12cd STM32_F103C6_Drivers/I2C/STM32F103C6_I2C_Driver.o
 .debug_info    0x0000000000003a81      0xb25 STM32_F103C6_Drivers/RCC/STM32F103C6_RCC_Driver.o
 .debug_info    0x00000000000045a6      0xf0d STM32_F103C6_Drivers/SPI/STM32F103C6_SPI_Driver.o
 .debug_info    0x00000000000054b3      0xe15 STM32_F103C6_Drivers/USART/STM32F103C6_USART_Driver.o
 .debug_info    0x00000000000062c8      0xf0e Src/main.o
 .debug_info    0x00000000000071d6       0x22 Startup/startup_stm32f103c6tx.o

.debug_abbrev   0x0000000000000000     0x10fd
 .debug_abbrev  0x0000000000000000      0x1d1 HAL/EEPROM/EEPROM.o
 .debug_abbrev  0x00000000000001d1      0x201 STM32_F103C6_Drivers/EXTI/STM32F103C6_EXTI_Driver.o
 .debug_abbrev  0x00000000000003d2      0x232 STM32_F103C6_Drivers/GPIO/STM32F103C6_GPIO_Driver.o
 .debug_abbrev  0x0000000000000604      0x2a7 STM32_F103C6_Drivers/I2C/STM32F103C6_I2C_Driver.o
 .debug_abbrev  0x00000000000008ab      0x19b STM32_F103C6_Drivers/RCC/STM32F103C6_RCC_Driver.o
 .debug_abbrev  0x0000000000000a46      0x24f STM32_F103C6_Drivers/SPI/STM32F103C6_SPI_Driver.o
 .debug_abbrev  0x0000000000000c95      0x216 STM32_F103C6_Drivers/USART/STM32F103C6_USART_Driver.o
 .debug_abbrev  0x0000000000000eab      0x240 Src/main.o
 .debug_abbrev  0x00000000000010eb       0x12 Startup/startup_stm32f103c6tx.o

.debug_loc      0x0000000000000000     0x147e
 .debug_loc     0x0000000000000000       0xf2 HAL/EEPROM/EEPROM.o
 .debug_loc     0x00000000000000f2      0x320 STM32_F103C6_Drivers/EXTI/STM32F103C6_EXTI_Driver.o
 .debug_loc     0x0000000000000412      0x330 STM32_F103C6_Drivers/GPIO/STM32F103C6_GPIO_Driver.o
 .debug_loc     0x0000000000000742      0x580 STM32_F103C6_Drivers/I2C/STM32F103C6_I2C_Driver.o
 .debug_loc     0x0000000000000cc2       0xc8 STM32_F103C6_Drivers/RCC/STM32F103C6_RCC_Driver.o
 .debug_loc     0x0000000000000d8a      0x2b0 STM32_F103C6_Drivers/SPI/STM32F103C6_SPI_Driver.o
 .debug_loc     0x000000000000103a      0x294 STM32_F103C6_Drivers/USART/STM32F103C6_USART_Driver.o
 .debug_loc     0x00000000000012ce      0x1b0 Src/main.o

.debug_aranges  0x0000000000000000      0x310
 .debug_aranges
                0x0000000000000000       0x30 HAL/EEPROM/EEPROM.o
 .debug_aranges
                0x0000000000000030       0x80 STM32_F103C6_Drivers/EXTI/STM32F103C6_EXTI_Driver.o
 .debug_aranges
                0x00000000000000b0       0x60 STM32_F103C6_Drivers/GPIO/STM32F103C6_GPIO_Driver.o
 .debug_aranges
                0x0000000000000110       0xa0 STM32_F103C6_Drivers/I2C/STM32F103C6_I2C_Driver.o
 .debug_aranges
                0x00000000000001b0       0x38 STM32_F103C6_Drivers/RCC/STM32F103C6_RCC_Driver.o
 .debug_aranges
                0x00000000000001e8       0x58 STM32_F103C6_Drivers/SPI/STM32F103C6_SPI_Driver.o
 .debug_aranges
                0x0000000000000240       0x60 STM32_F103C6_Drivers/USART/STM32F103C6_USART_Driver.o
 .debug_aranges
                0x00000000000002a0       0x48 Src/main.o
 .debug_aranges
                0x00000000000002e8       0x28 Startup/startup_stm32f103c6tx.o

.debug_ranges   0x0000000000000000      0x288
 .debug_ranges  0x0000000000000000       0x20 HAL/EEPROM/EEPROM.o
 .debug_ranges  0x0000000000000020       0x70 STM32_F103C6_Drivers/EXTI/STM32F103C6_EXTI_Driver.o
 .debug_ranges  0x0000000000000090       0x50 STM32_F103C6_Drivers/GPIO/STM32F103C6_GPIO_Driver.o
 .debug_ranges  0x00000000000000e0       0x90 STM32_F103C6_Drivers/I2C/STM32F103C6_I2C_Driver.o
 .debug_ranges  0x0000000000000170       0x28 STM32_F103C6_Drivers/RCC/STM32F103C6_RCC_Driver.o
 .debug_ranges  0x0000000000000198       0x48 STM32_F103C6_Drivers/SPI/STM32F103C6_SPI_Driver.o
 .debug_ranges  0x00000000000001e0       0x50 STM32_F103C6_Drivers/USART/STM32F103C6_USART_Driver.o
 .debug_ranges  0x0000000000000230       0x38 Src/main.o
 .debug_ranges  0x0000000000000268       0x20 Startup/startup_stm32f103c6tx.o

.debug_macro    0x0000000000000000     0x2fee
 .debug_macro   0x0000000000000000      0x161 HAL/EEPROM/EEPROM.o
 .debug_macro   0x0000000000000161      0xa60 HAL/EEPROM/EEPROM.o
 .debug_macro   0x0000000000000bc1       0x18 HAL/EEPROM/EEPROM.o
 .debug_macro   0x0000000000000bd9       0x22 HAL/EEPROM/EEPROM.o
 .debug_macro   0x0000000000000bfb       0x40 HAL/EEPROM/EEPROM.o
 .debug_macro   0x0000000000000c3b       0x94 HAL/EEPROM/EEPROM.o
 .debug_macro   0x0000000000000ccf       0x3c HAL/EEPROM/EEPROM.o
 .debug_macro   0x0000000000000d0b       0x34 HAL/EEPROM/EEPROM.o
 .debug_macro   0x0000000000000d3f       0x16 HAL/EEPROM/EEPROM.o
 .debug_macro   0x0000000000000d55      0x10e HAL/EEPROM/EEPROM.o
 .debug_macro   0x0000000000000e63       0x8d HAL/EEPROM/EEPROM.o
 .debug_macro   0x0000000000000ef0       0x57 HAL/EEPROM/EEPROM.o
 .debug_macro   0x0000000000000f47       0x52 HAL/EEPROM/EEPROM.o
 .debug_macro   0x0000000000000f99       0x1f HAL/EEPROM/EEPROM.o
 .debug_macro   0x0000000000000fb8       0x43 HAL/EEPROM/EEPROM.o
 .debug_macro   0x0000000000000ffb       0x20 HAL/EEPROM/EEPROM.o
 .debug_macro   0x000000000000101b      0x1a3 HAL/EEPROM/EEPROM.o
 .debug_macro   0x00000000000011be      0x330 HAL/EEPROM/EEPROM.o
 .debug_macro   0x00000000000014ee       0x16 HAL/EEPROM/EEPROM.o
 .debug_macro   0x0000000000001504       0x29 HAL/EEPROM/EEPROM.o
 .debug_macro   0x000000000000152d       0xef HAL/EEPROM/EEPROM.o
 .debug_macro   0x000000000000161c       0x6a HAL/EEPROM/EEPROM.o
 .debug_macro   0x0000000000001686      0x1df HAL/EEPROM/EEPROM.o
 .debug_macro   0x0000000000001865      0x6cd HAL/EEPROM/EEPROM.o
 .debug_macro   0x0000000000001f32       0xd6 HAL/EEPROM/EEPROM.o
 .debug_macro   0x0000000000002008       0x16 HAL/EEPROM/EEPROM.o
 .debug_macro   0x000000000000201e       0x58 HAL/EEPROM/EEPROM.o
 .debug_macro   0x0000000000002076      0x152 STM32_F103C6_Drivers/EXTI/STM32F103C6_EXTI_Driver.o
 .debug_macro   0x00000000000021c8      0x222 STM32_F103C6_Drivers/EXTI/STM32F103C6_EXTI_Driver.o
 .debug_macro   0x00000000000023ea      0x13f STM32_F103C6_Drivers/GPIO/STM32F103C6_GPIO_Driver.o
 .debug_macro   0x0000000000002529      0x163 STM32_F103C6_Drivers/I2C/STM32F103C6_I2C_Driver.o
 .debug_macro   0x000000000000268c      0x148 STM32_F103C6_Drivers/RCC/STM32F103C6_RCC_Driver.o
 .debug_macro   0x00000000000027d4       0x10 STM32_F103C6_Drivers/RCC/STM32F103C6_RCC_Driver.o
 .debug_macro   0x00000000000027e4      0x160 STM32_F103C6_Drivers/SPI/STM32F103C6_SPI_Driver.o
 .debug_macro   0x0000000000002944       0xbe STM32_F103C6_Drivers/SPI/STM32F103C6_SPI_Driver.o
 .debug_macro   0x0000000000002a02      0x175 STM32_F103C6_Drivers/USART/STM32F103C6_USART_Driver.o
 .debug_macro   0x0000000000002b77       0xbe STM32_F103C6_Drivers/USART/STM32F103C6_USART_Driver.o
 .debug_macro   0x0000000000002c35      0x1a1 Src/main.o
 .debug_macro   0x0000000000002dd6       0xc4 Src/main.o
 .debug_macro   0x0000000000002e9a       0x5e Src/main.o
 .debug_macro   0x0000000000002ef8       0xa6 Src/main.o
 .debug_macro   0x0000000000002f9e       0x40 Src/main.o
 .debug_macro   0x0000000000002fde       0x10 Src/main.o

.debug_line     0x0000000000000000     0x3f6a
 .debug_line    0x0000000000000000      0x72e HAL/EEPROM/EEPROM.o
 .debug_line    0x000000000000072e      0x86a STM32_F103C6_Drivers/EXTI/STM32F103C6_EXTI_Driver.o
 .debug_line    0x0000000000000f98      0x7a6 STM32_F103C6_Drivers/GPIO/STM32F103C6_GPIO_Driver.o
 .debug_line    0x000000000000173e      0x949 STM32_F103C6_Drivers/I2C/STM32F103C6_I2C_Driver.o
 .debug_line    0x0000000000002087      0x6ec STM32_F103C6_Drivers/RCC/STM32F103C6_RCC_Driver.o
 .debug_line    0x0000000000002773      0x7c8 STM32_F103C6_Drivers/SPI/STM32F103C6_SPI_Driver.o
 .debug_line    0x0000000000002f3b      0x7d5 STM32_F103C6_Drivers/USART/STM32F103C6_USART_Driver.o
 .debug_line    0x0000000000003710      0x7d6 Src/main.o
 .debug_line    0x0000000000003ee6       0x84 Startup/startup_stm32f103c6tx.o

.debug_str      0x0000000000000000     0xc666
 .debug_str     0x0000000000000000     0x9911 HAL/EEPROM/EEPROM.o
                                       0x9b9e (size before relaxing)
 .debug_str     0x0000000000009911     0x1578 STM32_F103C6_Drivers/EXTI/STM32F103C6_EXTI_Driver.o
                                       0xac1b (size before relaxing)
 .debug_str     0x000000000000ae89      0x144 STM32_F103C6_Drivers/GPIO/STM32F103C6_GPIO_Driver.o
                                       0x9840 (size before relaxing)
 .debug_str     0x000000000000afcd      0x2b8 STM32_F103C6_Drivers/I2C/STM32F103C6_I2C_Driver.o
                                       0x9eb0 (size before relaxing)
 .debug_str     0x000000000000b285       0xa9 STM32_F103C6_Drivers/RCC/STM32F103C6_RCC_Driver.o
                                       0x97cc (size before relaxing)
 .debug_str     0x000000000000b32e      0x7f8 STM32_F103C6_Drivers/SPI/STM32F103C6_SPI_Driver.o
                                       0x9f41 (size before relaxing)
 .debug_str     0x000000000000bb26      0x7b2 STM32_F103C6_Drivers/USART/STM32F103C6_USART_Driver.o
                                       0x9f7b (size before relaxing)
 .debug_str     0x000000000000c2d8      0x35d Src/main.o
                                       0xbb7c (size before relaxing)
 .debug_str     0x000000000000c635       0x31 Startup/startup_stm32f103c6tx.o
                                         0x5f (size before relaxing)

.comment        0x0000000000000000       0x7b
 .comment       0x0000000000000000       0x7b HAL/EEPROM/EEPROM.o
                                         0x7c (size before relaxing)
 .comment       0x000000000000007b       0x7c STM32_F103C6_Drivers/EXTI/STM32F103C6_EXTI_Driver.o
 .comment       0x000000000000007b       0x7c STM32_F103C6_Drivers/GPIO/STM32F103C6_GPIO_Driver.o
 .comment       0x000000000000007b       0x7c STM32_F103C6_Drivers/I2C/STM32F103C6_I2C_Driver.o
 .comment       0x000000000000007b       0x7c STM32_F103C6_Drivers/RCC/STM32F103C6_RCC_Driver.o
 .comment       0x000000000000007b       0x7c STM32_F103C6_Drivers/SPI/STM32F103C6_SPI_Driver.o
 .comment       0x000000000000007b       0x7c STM32_F103C6_Drivers/USART/STM32F103C6_USART_Driver.o
 .comment       0x000000000000007b       0x7c Src/main.o

.debug_frame    0x0000000000000000      0xa50
 .debug_frame   0x0000000000000000       0x80 HAL/EEPROM/EEPROM.o
 .debug_frame   0x0000000000000080      0x1b0 STM32_F103C6_Drivers/EXTI/STM32F103C6_EXTI_Driver.o
 .debug_frame   0x0000000000000230      0x178 STM32_F103C6_Drivers/GPIO/STM32F103C6_GPIO_Driver.o
 .debug_frame   0x00000000000003a8      0x288 STM32_F103C6_Drivers/I2C/STM32F103C6_I2C_Driver.o
 .debug_frame   0x0000000000000630       0x84 STM32_F103C6_Drivers/RCC/STM32F103C6_RCC_Driver.o
 .debug_frame   0x00000000000006b4      0x144 STM32_F103C6_Drivers/SPI/STM32F103C6_SPI_Driver.o
 .debug_frame   0x00000000000007f8      0x150 STM32_F103C6_Drivers/USART/STM32F103C6_USART_Driver.o
 .debug_frame   0x0000000000000948       0xdc Src/main.o
 .debug_frame   0x0000000000000a24       0x2c d:/learnindepthembedded/tools/cube ide/stm32cubeide_1.4.0/stm32cubeide/plugins/com.st.stm32cube.ide.mcu.externaltools.gnu-tools-for-stm32.7-2018-q2-update.win32_1.4.0.202007081208/tools/bin/../lib/gcc/arm-none-eabi/7.3.1/../../../../arm-none-eabi/lib/thumb/v7-m\libc_nano.a(lib_a-init.o)
