Archive member included to satisfy reference by file (symbol)

d:/learnindepthembedded/tools/avr_studio/atmel/studio/7.0/toolchain/avr8/avr8-gnu-toolchain/bin/../lib/gcc/avr/5.4.0/avr5\libgcc.a(_exit.o)
                              D:/LearnInDepthEmbedded/Tools/AVR_studio/Atmel/Studio/7.0/Packs/atmel/ATmega_DFP/1.7.374/gcc/dev/atmega32/avr5/crtatmega32.o (exit)
d:/learnindepthembedded/tools/avr_studio/atmel/studio/7.0/toolchain/avr8/avr8-gnu-toolchain/bin/../lib/gcc/avr/5.4.0/avr5\libgcc.a(_copy_data.o)
                              MCAL/UART/UART.o (__do_copy_data)
d:/learnindepthembedded/tools/avr_studio/atmel/studio/7.0/toolchain/avr8/avr8-gnu-toolchain/bin/../lib/gcc/avr/5.4.0/avr5\libgcc.a(_clear_bss.o)
                              HAL/LCD/lcd.o (__do_clear_bss)

Allocating common symbols
Common symbol       size              file

G_callback_func     0x2               MCAL/Timer/Timer.o
g_config            0x5               MCAL/Timer/Timer.o

Discarded input sections

 .data          0x00000000        0x0 D:/LearnInDepthEmbedded/Tools/AVR_studio/Atmel/Studio/7.0/Packs/atmel/ATmega_DFP/1.7.374/gcc/dev/atmega32/avr5/crtatmega32.o
 .bss           0x00000000        0x0 D:/LearnInDepthEmbedded/Tools/AVR_studio/Atmel/Studio/7.0/Packs/atmel/ATmega_DFP/1.7.374/gcc/dev/atmega32/avr5/crtatmega32.o
 .text          0x00000000        0x0 HAL/LCD/lcd.o
 .data          0x00000000        0x0 HAL/LCD/lcd.o
 .bss           0x00000000        0x0 HAL/LCD/lcd.o
 .text.LCD_KICK
                0x00000000       0x1a HAL/LCD/lcd.o
 .text.LCD_isBusy
                0x00000000       0x20 HAL/LCD/lcd.o
 .text.LCD_WRITE_COMMAND
                0x00000000       0x18 HAL/LCD/lcd.o
 .text.LCD_Clear_Screen
                0x00000000        0x8 HAL/LCD/lcd.o
 .text.LCD_Goto_XY
                0x00000000       0x24 HAL/LCD/lcd.o
 .text.LCD_INIT
                0x00000000       0x4a HAL/LCD/lcd.o
 .text.LCD_WRITE_CHAR
                0x00000000       0x24 HAL/LCD/lcd.o
 .text.LCD_WRITE_STRING
                0x00000000       0x54 HAL/LCD/lcd.o
 .bss.count.1764
                0x00000000        0x2 HAL/LCD/lcd.o
 .debug_info    0x00000000      0x3a2 HAL/LCD/lcd.o
 .debug_abbrev  0x00000000      0x13a HAL/LCD/lcd.o
 .debug_loc     0x00000000      0x239 HAL/LCD/lcd.o
 .debug_aranges
                0x00000000       0x58 HAL/LCD/lcd.o
 .debug_ranges  0x00000000       0x48 HAL/LCD/lcd.o
 .debug_line    0x00000000      0x2dc HAL/LCD/lcd.o
 .debug_str     0x00000000      0x260 HAL/LCD/lcd.o
 .comment       0x00000000       0x31 HAL/LCD/lcd.o
 .debug_frame   0x00000000       0xb0 HAL/LCD/lcd.o
 .text          0x00000000        0x0 HAL/MAX2719/max2719.o
 .data          0x00000000        0x0 HAL/MAX2719/max2719.o
 .bss           0x00000000        0x0 HAL/MAX2719/max2719.o
 .text.MAX2719_clear_display
                0x00000000       0x18 HAL/MAX2719/max2719.o
 .text          0x00000000        0x0 main.o
 .data          0x00000000        0x0 main.o
 .bss           0x00000000        0x0 main.o
 .text.lab1     0x00000000       0x3c main.o
 .text          0x00000000        0x0 MCAL/GPIO/GPIO.o
 .data          0x00000000        0x0 MCAL/GPIO/GPIO.o
 .bss           0x00000000        0x0 MCAL/GPIO/GPIO.o
 .text.Port_Read
                0x00000000        0x2 MCAL/GPIO/GPIO.o
 .text.Port_Write
                0x00000000        0x2 MCAL/GPIO/GPIO.o
 .text.Port_Direction
                0x00000000        0x2 MCAL/GPIO/GPIO.o
 .text.Pin_Direction
                0x00000000        0x2 MCAL/GPIO/GPIO.o
 .debug_info    0x00000000      0x143 MCAL/GPIO/GPIO.o
 .debug_abbrev  0x00000000       0xb4 MCAL/GPIO/GPIO.o
 .debug_loc     0x00000000       0x1e MCAL/GPIO/GPIO.o
 .debug_aranges
                0x00000000       0x38 MCAL/GPIO/GPIO.o
 .debug_ranges  0x00000000       0x28 MCAL/GPIO/GPIO.o
 .debug_line    0x00000000       0xe9 MCAL/GPIO/GPIO.o
 .debug_str     0x00000000      0x1c3 MCAL/GPIO/GPIO.o
 .comment       0x00000000       0x31 MCAL/GPIO/GPIO.o
 .debug_frame   0x00000000       0x54 MCAL/GPIO/GPIO.o
 .text          0x00000000        0x0 MCAL/I2C/I2C.o
 .data          0x00000000        0x0 MCAL/I2C/I2C.o
 .bss           0x00000000        0x0 MCAL/I2C/I2C.o
 .debug_info    0x00000000       0x56 MCAL/I2C/I2C.o
 .debug_abbrev  0x00000000       0x26 MCAL/I2C/I2C.o
 .debug_aranges
                0x00000000       0x18 MCAL/I2C/I2C.o
 .debug_line    0x00000000       0x1a MCAL/I2C/I2C.o
 .debug_str     0x00000000      0x170 MCAL/I2C/I2C.o
 .comment       0x00000000       0x31 MCAL/I2C/I2C.o
 .text          0x00000000        0x0 MCAL/SPI/SPI.o
 .data          0x00000000        0x0 MCAL/SPI/SPI.o
 .bss           0x00000000        0x0 MCAL/SPI/SPI.o
 .text          0x00000000        0x0 MCAL/Timer/Timer.o
 .data          0x00000000        0x0 MCAL/Timer/Timer.o
 .bss           0x00000000        0x0 MCAL/Timer/Timer.o
 .text.MCAL_timer0_init
                0x00000000       0x56 MCAL/Timer/Timer.o
 .text.MCAL_timer0_deinit
                0x00000000        0xa MCAL/Timer/Timer.o
 .text.MCAL_timer0_GetCompareValue
                0x00000000        0x8 MCAL/Timer/Timer.o
 .text.MCAL_timer0_SetCompareValue
                0x00000000        0x4 MCAL/Timer/Timer.o
 .text.MCAL_timer0_GetCounterValue
                0x00000000        0x8 MCAL/Timer/Timer.o
 .text.MCAL_timer0_SetCounterValue
                0x00000000        0x4 MCAL/Timer/Timer.o
 .text.MCAL_timer0_GetOverflowValue
                0x00000000        0xa MCAL/Timer/Timer.o
 .text.MCAL_timer0_SetOverflowValue
                0x00000000        0x6 MCAL/Timer/Timer.o
 .text.MCAL_timer0_phaseCorrectPWM_DutyCycle
                0x00000000       0x12 MCAL/Timer/Timer.o
 .text          0x00000000        0x0 MCAL/Timer/WDT.o
 .data          0x00000000        0x0 MCAL/Timer/WDT.o
 .bss           0x00000000        0x0 MCAL/Timer/WDT.o
 .text.WDT_on   0x00000000        0x6 MCAL/Timer/WDT.o
 .text.WDT_off  0x00000000        0x8 MCAL/Timer/WDT.o
 .debug_info    0x00000000       0x99 MCAL/Timer/WDT.o
 .debug_abbrev  0x00000000       0x51 MCAL/Timer/WDT.o
 .debug_aranges
                0x00000000       0x28 MCAL/Timer/WDT.o
 .debug_ranges  0x00000000       0x18 MCAL/Timer/WDT.o
 .debug_line    0x00000000       0xd7 MCAL/Timer/WDT.o
 .debug_str     0x00000000      0x189 MCAL/Timer/WDT.o
 .comment       0x00000000       0x31 MCAL/Timer/WDT.o
 .debug_frame   0x00000000       0x34 MCAL/Timer/WDT.o
 .text          0x00000000        0x0 MCAL/UART/UART.o
 .data          0x00000000        0x0 MCAL/UART/UART.o
 .bss           0x00000000        0x0 MCAL/UART/UART.o
 .text.UART_Init
                0x00000000       0x18 MCAL/UART/UART.o
 .text.UART_Send
                0x00000000        0x8 MCAL/UART/UART.o
 .text.UART_Recive
                0x00000000        0x8 MCAL/UART/UART.o
 .text.UART_Send_Number
                0x00000000       0x3a MCAL/UART/UART.o
 .text.UART_Recive_Number
                0x00000000       0x3a MCAL/UART/UART.o
 .text.UART_Send_String
                0x00000000       0x2e MCAL/UART/UART.o
 .text.UART_Recive_String
                0x00000000       0x26 MCAL/UART/UART.o
 .text.UART_Recive_Peridic
                0x00000000       0x16 MCAL/UART/UART.o
 .text.UART_Send_NoBlock
                0x00000000        0x4 MCAL/UART/UART.o
 .text.UART_Recive_NoBlock
                0x00000000        0x4 MCAL/UART/UART.o
 .text.UART_RX_Interrupt_Enable
                0x00000000        0x8 MCAL/UART/UART.o
 .text.UART_RX_Interrupt_Disable
                0x00000000        0x8 MCAL/UART/UART.o
 .text.UART_TX_Interrupt_Enable
                0x00000000        0x8 MCAL/UART/UART.o
 .text.UART_TX_Interrupt_Disable
                0x00000000        0x8 MCAL/UART/UART.o
 .text.UART_Send_StringAsch
                0x00000000       0x2c MCAL/UART/UART.o
 .text.UART_Recive_StringAsch
                0x00000000       0x26 MCAL/UART/UART.o
 .text.UART_TXC_vect
                0x00000000       0x74 MCAL/UART/UART.o
 .text.UART_RXC_vect
                0x00000000       0x8c MCAL/UART/UART.o
 .bss.i.1843    0x00000000        0x1 MCAL/UART/UART.o
 .data.i.1837   0x00000000        0x1 MCAL/UART/UART.o
 .data.recive_flag
                0x00000000        0x1 MCAL/UART/UART.o
 .bss.Rx_str    0x00000000        0x2 MCAL/UART/UART.o
 .data.send_flag
                0x00000000        0x1 MCAL/UART/UART.o
 .bss.Tx_str    0x00000000        0x2 MCAL/UART/UART.o
 .debug_info    0x00000000      0x3f2 MCAL/UART/UART.o
 .debug_abbrev  0x00000000      0x163 MCAL/UART/UART.o
 .debug_loc     0x00000000      0x42b MCAL/UART/UART.o
 .debug_aranges
                0x00000000       0xa8 MCAL/UART/UART.o
 .debug_ranges  0x00000000       0x98 MCAL/UART/UART.o
 .debug_line    0x00000000      0x383 MCAL/UART/UART.o
 .debug_str     0x00000000      0x306 MCAL/UART/UART.o
 .comment       0x00000000       0x31 MCAL/UART/UART.o
 .debug_frame   0x00000000      0x204 MCAL/UART/UART.o
 .text          0x00000000        0x0 d:/learnindepthembedded/tools/avr_studio/atmel/studio/7.0/toolchain/avr8/avr8-gnu-toolchain/bin/../lib/gcc/avr/5.4.0/avr5\libgcc.a(_exit.o)
 .data          0x00000000        0x0 d:/learnindepthembedded/tools/avr_studio/atmel/studio/7.0/toolchain/avr8/avr8-gnu-toolchain/bin/../lib/gcc/avr/5.4.0/avr5\libgcc.a(_exit.o)
 .bss           0x00000000        0x0 d:/learnindepthembedded/tools/avr_studio/atmel/studio/7.0/toolchain/avr8/avr8-gnu-toolchain/bin/../lib/gcc/avr/5.4.0/avr5\libgcc.a(_exit.o)
 .text.libgcc.mul
                0x00000000        0x0 d:/learnindepthembedded/tools/avr_studio/atmel/studio/7.0/toolchain/avr8/avr8-gnu-toolchain/bin/../lib/gcc/avr/5.4.0/avr5\libgcc.a(_exit.o)
 .text.libgcc.div
                0x00000000        0x0 d:/learnindepthembedded/tools/avr_studio/atmel/studio/7.0/toolchain/avr8/avr8-gnu-toolchain/bin/../lib/gcc/avr/5.4.0/avr5\libgcc.a(_exit.o)
 .text.libgcc   0x00000000        0x0 d:/learnindepthembedded/tools/avr_studio/atmel/studio/7.0/toolchain/avr8/avr8-gnu-toolchain/bin/../lib/gcc/avr/5.4.0/avr5\libgcc.a(_exit.o)
 .text.libgcc.prologue
                0x00000000        0x0 d:/learnindepthembedded/tools/avr_studio/atmel/studio/7.0/toolchain/avr8/avr8-gnu-toolchain/bin/../lib/gcc/avr/5.4.0/avr5\libgcc.a(_exit.o)
 .text.libgcc.builtins
                0x00000000        0x0 d:/learnindepthembedded/tools/avr_studio/atmel/studio/7.0/toolchain/avr8/avr8-gnu-toolchain/bin/../lib/gcc/avr/5.4.0/avr5\libgcc.a(_exit.o)
 .text.libgcc.fmul
                0x00000000        0x0 d:/learnindepthembedded/tools/avr_studio/atmel/studio/7.0/toolchain/avr8/avr8-gnu-toolchain/bin/../lib/gcc/avr/5.4.0/avr5\libgcc.a(_exit.o)
 .text.libgcc.fixed
                0x00000000        0x0 d:/learnindepthembedded/tools/avr_studio/atmel/studio/7.0/toolchain/avr8/avr8-gnu-toolchain/bin/../lib/gcc/avr/5.4.0/avr5\libgcc.a(_exit.o)
 .text          0x00000000        0x0 d:/learnindepthembedded/tools/avr_studio/atmel/studio/7.0/toolchain/avr8/avr8-gnu-toolchain/bin/../lib/gcc/avr/5.4.0/avr5\libgcc.a(_copy_data.o)
 .data          0x00000000        0x0 d:/learnindepthembedded/tools/avr_studio/atmel/studio/7.0/toolchain/avr8/avr8-gnu-toolchain/bin/../lib/gcc/avr/5.4.0/avr5\libgcc.a(_copy_data.o)
 .bss           0x00000000        0x0 d:/learnindepthembedded/tools/avr_studio/atmel/studio/7.0/toolchain/avr8/avr8-gnu-toolchain/bin/../lib/gcc/avr/5.4.0/avr5\libgcc.a(_copy_data.o)
 .text.libgcc.mul
                0x00000000        0x0 d:/learnindepthembedded/tools/avr_studio/atmel/studio/7.0/toolchain/avr8/avr8-gnu-toolchain/bin/../lib/gcc/avr/5.4.0/avr5\libgcc.a(_copy_data.o)
 .text.libgcc.div
                0x00000000        0x0 d:/learnindepthembedded/tools/avr_studio/atmel/studio/7.0/toolchain/avr8/avr8-gnu-toolchain/bin/../lib/gcc/avr/5.4.0/avr5\libgcc.a(_copy_data.o)
 .text.libgcc   0x00000000        0x0 d:/learnindepthembedded/tools/avr_studio/atmel/studio/7.0/toolchain/avr8/avr8-gnu-toolchain/bin/../lib/gcc/avr/5.4.0/avr5\libgcc.a(_copy_data.o)
 .text.libgcc.prologue
                0x00000000        0x0 d:/learnindepthembedded/tools/avr_studio/atmel/studio/7.0/toolchain/avr8/avr8-gnu-toolchain/bin/../lib/gcc/avr/5.4.0/avr5\libgcc.a(_copy_data.o)
 .text.libgcc.builtins
                0x00000000        0x0 d:/learnindepthembedded/tools/avr_studio/atmel/studio/7.0/toolchain/avr8/avr8-gnu-toolchain/bin/../lib/gcc/avr/5.4.0/avr5\libgcc.a(_copy_data.o)
 .text.libgcc.fmul
                0x00000000        0x0 d:/learnindepthembedded/tools/avr_studio/atmel/studio/7.0/toolchain/avr8/avr8-gnu-toolchain/bin/../lib/gcc/avr/5.4.0/avr5\libgcc.a(_copy_data.o)
 .text.libgcc.fixed
                0x00000000        0x0 d:/learnindepthembedded/tools/avr_studio/atmel/studio/7.0/toolchain/avr8/avr8-gnu-toolchain/bin/../lib/gcc/avr/5.4.0/avr5\libgcc.a(_copy_data.o)
 .text          0x00000000        0x0 d:/learnindepthembedded/tools/avr_studio/atmel/studio/7.0/toolchain/avr8/avr8-gnu-toolchain/bin/../lib/gcc/avr/5.4.0/avr5\libgcc.a(_clear_bss.o)
 .data          0x00000000        0x0 d:/learnindepthembedded/tools/avr_studio/atmel/studio/7.0/toolchain/avr8/avr8-gnu-toolchain/bin/../lib/gcc/avr/5.4.0/avr5\libgcc.a(_clear_bss.o)
 .bss           0x00000000        0x0 d:/learnindepthembedded/tools/avr_studio/atmel/studio/7.0/toolchain/avr8/avr8-gnu-toolchain/bin/../lib/gcc/avr/5.4.0/avr5\libgcc.a(_clear_bss.o)
 .text.libgcc.mul
                0x00000000        0x0 d:/learnindepthembedded/tools/avr_studio/atmel/studio/7.0/toolchain/avr8/avr8-gnu-toolchain/bin/../lib/gcc/avr/5.4.0/avr5\libgcc.a(_clear_bss.o)
 .text.libgcc.div
                0x00000000        0x0 d:/learnindepthembedded/tools/avr_studio/atmel/studio/7.0/toolchain/avr8/avr8-gnu-toolchain/bin/../lib/gcc/avr/5.4.0/avr5\libgcc.a(_clear_bss.o)
 .text.libgcc   0x00000000        0x0 d:/learnindepthembedded/tools/avr_studio/atmel/studio/7.0/toolchain/avr8/avr8-gnu-toolchain/bin/../lib/gcc/avr/5.4.0/avr5\libgcc.a(_clear_bss.o)
 .text.libgcc.prologue
                0x00000000        0x0 d:/learnindepthembedded/tools/avr_studio/atmel/studio/7.0/toolchain/avr8/avr8-gnu-toolchain/bin/../lib/gcc/avr/5.4.0/avr5\libgcc.a(_clear_bss.o)
 .text.libgcc.builtins
                0x00000000        0x0 d:/learnindepthembedded/tools/avr_studio/atmel/studio/7.0/toolchain/avr8/avr8-gnu-toolchain/bin/../lib/gcc/avr/5.4.0/avr5\libgcc.a(_clear_bss.o)
 .text.libgcc.fmul
                0x00000000        0x0 d:/learnindepthembedded/tools/avr_studio/atmel/studio/7.0/toolchain/avr8/avr8-gnu-toolchain/bin/../lib/gcc/avr/5.4.0/avr5\libgcc.a(_clear_bss.o)
 .text.libgcc.fixed
                0x00000000        0x0 d:/learnindepthembedded/tools/avr_studio/atmel/studio/7.0/toolchain/avr8/avr8-gnu-toolchain/bin/../lib/gcc/avr/5.4.0/avr5\libgcc.a(_clear_bss.o)

Memory Configuration

Name             Origin             Length             Attributes
text             0x00000000         0x00008000         xr
data             0x00800060         0x00000800         rw !x
eeprom           0x00810000         0x00000400         rw !x
fuse             0x00820000         0x00000002         rw !x
lock             0x00830000         0x00000400         rw !x
signature        0x00840000         0x00000400         rw !x
user_signatures  0x00850000         0x00000400         rw !x
*default*        0x00000000         0xffffffff

Linker script and memory map

LOAD D:/LearnInDepthEmbedded/Tools/AVR_studio/Atmel/Studio/7.0/Packs/atmel/ATmega_DFP/1.7.374/gcc/dev/atmega32/avr5/crtatmega32.o
LOAD HAL/LCD/lcd.o
LOAD HAL/MAX2719/max2719.o
LOAD main.o
LOAD MCAL/GPIO/GPIO.o
LOAD MCAL/I2C/I2C.o
LOAD MCAL/SPI/SPI.o
LOAD MCAL/Timer/Timer.o
LOAD MCAL/Timer/WDT.o
LOAD MCAL/UART/UART.o
START GROUP
LOAD d:/learnindepthembedded/tools/avr_studio/atmel/studio/7.0/toolchain/avr8/avr8-gnu-toolchain/bin/../lib/gcc/avr/5.4.0/../../../../avr/lib/avr5\libm.a
END GROUP
START GROUP
LOAD d:/learnindepthembedded/tools/avr_studio/atmel/studio/7.0/toolchain/avr8/avr8-gnu-toolchain/bin/../lib/gcc/avr/5.4.0/avr5\libgcc.a
LOAD d:/learnindepthembedded/tools/avr_studio/atmel/studio/7.0/toolchain/avr8/avr8-gnu-toolchain/bin/../lib/gcc/avr/5.4.0/../../../../avr/lib/avr5\libm.a
LOAD d:/learnindepthembedded/tools/avr_studio/atmel/studio/7.0/toolchain/avr8/avr8-gnu-toolchain/bin/../lib/gcc/avr/5.4.0/../../../../avr/lib/avr5\libc.a
LOAD D:/LearnInDepthEmbedded/Tools/AVR_studio/Atmel/Studio/7.0/Packs/atmel/ATmega_DFP/1.7.374/gcc/dev/atmega32/avr5\libatmega32.a
END GROUP
                0x00000000                __TEXT_REGION_ORIGIN__ = DEFINED (__TEXT_REGION_ORIGIN__)?__TEXT_REGION_ORIGIN__:0x0
                [0x00800060]                __DATA_REGION_ORIGIN__ = DEFINED (__DATA_REGION_ORIGIN__)?__DATA_REGION_ORIGIN__:0x800060
                [0x00008000]                __TEXT_REGION_LENGTH__ = DEFINED (__TEXT_REGION_LENGTH__)?__TEXT_REGION_LENGTH__:0x20000
                [0x00000800]                __DATA_REGION_LENGTH__ = DEFINED (__DATA_REGION_LENGTH__)?__DATA_REGION_LENGTH__:0xffa0
                [0x00000400]                __EEPROM_REGION_LENGTH__ = DEFINED (__EEPROM_REGION_LENGTH__)?__EEPROM_REGION_LENGTH__:0x10000
                [0x00000002]                __FUSE_REGION_LENGTH__ = DEFINED (__FUSE_REGION_LENGTH__)?__FUSE_REGION_LENGTH__:0x400
                0x00000400                __LOCK_REGION_LENGTH__ = DEFINED (__LOCK_REGION_LENGTH__)?__LOCK_REGION_LENGTH__:0x400
                0x00000400                __SIGNATURE_REGION_LENGTH__ = DEFINED (__SIGNATURE_REGION_LENGTH__)?__SIGNATURE_REGION_LENGTH__:0x400
                0x00000400                __USER_SIGNATURE_REGION_LENGTH__ = DEFINED (__USER_SIGNATURE_REGION_LENGTH__)?__USER_SIGNATURE_REGION_LENGTH__:0x400

.hash
 *(.hash)

.dynsym
 *(.dynsym)

.dynstr
 *(.dynstr)

.gnu.version
 *(.gnu.version)

.gnu.version_d
 *(.gnu.version_d)

.gnu.version_r
 *(.gnu.version_r)

.rel.init
 *(.rel.init)

.rela.init
 *(.rela.init)

.rel.text
 *(.rel.text)
 *(.rel.text.*)
 *(.rel.gnu.linkonce.t*)

.rela.text
 *(.rela.text)
 *(.rela.text.*)
 *(.rela.gnu.linkonce.t*)

.rel.fini
 *(.rel.fini)

.rela.fini
 *(.rela.fini)

.rel.rodata
 *(.rel.rodata)
 *(.rel.rodata.*)
 *(.rel.gnu.linkonce.r*)

.rela.rodata
 *(.rela.rodata)
 *(.rela.rodata.*)
 *(.rela.gnu.linkonce.r*)

.rel.data
 *(.rel.data)
 *(.rel.data.*)
 *(.rel.gnu.linkonce.d*)

.rela.data
 *(.rela.data)
 *(.rela.data.*)
 *(.rela.gnu.linkonce.d*)

.rel.ctors
 *(.rel.ctors)

.rela.ctors
 *(.rela.ctors)

.rel.dtors
 *(.rel.dtors)

.rela.dtors
 *(.rela.dtors)

.rel.got
 *(.rel.got)

.rela.got
 *(.rela.got)

.rel.bss
 *(.rel.bss)

.rela.bss
 *(.rela.bss)

.rel.plt
 *(.rel.plt)

.rela.plt
 *(.rela.plt)

.text           0x00000000      0x2ae
 *(.vectors)
 .vectors       0x00000000       0x54 D:/LearnInDepthEmbedded/Tools/AVR_studio/Atmel/Studio/7.0/Packs/atmel/ATmega_DFP/1.7.374/gcc/dev/atmega32/avr5/crtatmega32.o
                0x00000000                __vector_default
                0x00000000                __vectors
 *(.vectors)
 *(.progmem.gcc*)
                0x00000054                . = ALIGN (0x2)
                0x00000054                __trampolines_start = .
 *(.trampolines)
 .trampolines   0x00000054        0x0 linker stubs
 *(.trampolines*)
                0x00000054                __trampolines_end = .
 *libprintf_flt.a:*(.progmem.data)
 *libc.a:*(.progmem.data)
 *(.progmem*)
                0x00000054                . = ALIGN (0x2)
 *(.jumptables)
 *(.jumptables*)
 *(.lowtext)
 *(.lowtext*)
                0x00000054                __ctors_start = .
 *(.ctors)
                0x00000054                __ctors_end = .
                0x00000054                __dtors_start = .
 *(.dtors)
                0x00000054                __dtors_end = .
 SORT(*)(.ctors)
 SORT(*)(.dtors)
 *(.init0)
 .init0         0x00000054        0x0 D:/LearnInDepthEmbedded/Tools/AVR_studio/Atmel/Studio/7.0/Packs/atmel/ATmega_DFP/1.7.374/gcc/dev/atmega32/avr5/crtatmega32.o
                0x00000054                __init
 *(.init0)
 *(.init1)
 *(.init1)
 *(.init2)
 .init2         0x00000054        0xc D:/LearnInDepthEmbedded/Tools/AVR_studio/Atmel/Studio/7.0/Packs/atmel/ATmega_DFP/1.7.374/gcc/dev/atmega32/avr5/crtatmega32.o
 *(.init2)
 *(.init3)
 *(.init3)
 *(.init4)
 .init4         0x00000060       0x16 d:/learnindepthembedded/tools/avr_studio/atmel/studio/7.0/toolchain/avr8/avr8-gnu-toolchain/bin/../lib/gcc/avr/5.4.0/avr5\libgcc.a(_copy_data.o)
                0x00000060                __do_copy_data
 .init4         0x00000076       0x10 d:/learnindepthembedded/tools/avr_studio/atmel/studio/7.0/toolchain/avr8/avr8-gnu-toolchain/bin/../lib/gcc/avr/5.4.0/avr5\libgcc.a(_clear_bss.o)
                0x00000076                __do_clear_bss
 *(.init4)
 *(.init5)
 *(.init5)
 *(.init6)
 *(.init6)
 *(.init7)
 *(.init7)
 *(.init8)
 *(.init8)
 *(.init9)
 .init9         0x00000086        0x8 D:/LearnInDepthEmbedded/Tools/AVR_studio/Atmel/Studio/7.0/Packs/atmel/ATmega_DFP/1.7.374/gcc/dev/atmega32/avr5/crtatmega32.o
 *(.init9)
 *(.text)
 .text          0x0000008e        0x4 D:/LearnInDepthEmbedded/Tools/AVR_studio/Atmel/Studio/7.0/Packs/atmel/ATmega_DFP/1.7.374/gcc/dev/atmega32/avr5/crtatmega32.o
                0x0000008e                __vector_1
                0x0000008e                __vector_12
                0x0000008e                __bad_interrupt
                0x0000008e                __vector_6
                0x0000008e                __vector_3
                0x0000008e                __vector_13
                0x0000008e                __vector_17
                0x0000008e                __vector_19
                0x0000008e                __vector_7
                0x0000008e                __vector_5
                0x0000008e                __vector_4
                0x0000008e                __vector_9
                0x0000008e                __vector_2
                0x0000008e                __vector_15
                0x0000008e                __vector_8
                0x0000008e                __vector_14
                0x0000008e                __vector_16
                0x0000008e                __vector_18
                0x0000008e                __vector_20
                0x00000092                . = ALIGN (0x2)
 *(.text.*)
 .text.execute_comand
                0x00000092       0x1e HAL/MAX2719/max2719.o
                0x00000092                execute_comand
 .text.MAX2719_init
                0x000000b0       0x22 HAL/MAX2719/max2719.o
                0x000000b0                MAX2719_init
 .text.MAX2719_display
                0x000000d2        0x6 HAL/MAX2719/max2719.o
                0x000000d2                MAX2719_display
 .text.lab2     0x000000d8       0x52 main.o
                0x000000d8                lab2
 .text.main     0x0000012a        0x4 main.o
                0x0000012a                main
 .text.SPI_init
                0x0000012e       0xcc MCAL/SPI/SPI.o
                0x0000012e                SPI_init
 .text.SPI_transfer_data
                0x000001fa        0xa MCAL/SPI/SPI.o
                0x000001fa                SPI_transfer_data
 .text.__vector_10
                0x00000204       0x4e MCAL/Timer/Timer.o
                0x00000204                __vector_10
 .text.__vector_11
                0x00000252       0x58 MCAL/Timer/Timer.o
                0x00000252                __vector_11
                0x000002aa                . = ALIGN (0x2)
 *(.fini9)
 .fini9         0x000002aa        0x0 d:/learnindepthembedded/tools/avr_studio/atmel/studio/7.0/toolchain/avr8/avr8-gnu-toolchain/bin/../lib/gcc/avr/5.4.0/avr5\libgcc.a(_exit.o)
                0x000002aa                _exit
                0x000002aa                exit
 *(.fini9)
 *(.fini8)
 *(.fini8)
 *(.fini7)
 *(.fini7)
 *(.fini6)
 *(.fini6)
 *(.fini5)
 *(.fini5)
 *(.fini4)
 *(.fini4)
 *(.fini3)
 *(.fini3)
 *(.fini2)
 *(.fini2)
 *(.fini1)
 *(.fini1)
 *(.fini0)
 .fini0         0x000002aa        0x4 d:/learnindepthembedded/tools/avr_studio/atmel/studio/7.0/toolchain/avr8/avr8-gnu-toolchain/bin/../lib/gcc/avr/5.4.0/avr5\libgcc.a(_exit.o)
 *(.fini0)
                0x000002ae                _etext = .

.data           0x00800060        0x0 load address 0x000002ae
                0x00800060                PROVIDE (__data_start, .)
 *(.data)
 *(.data*)
 *(.gnu.linkonce.d*)
 *(.rodata)
 *(.rodata*)
 *(.gnu.linkonce.r*)
                0x00800060                . = ALIGN (0x2)
                0x00800060                _edata = .
                0x00800060                PROVIDE (__data_end, .)

.bss            0x00800060        0x8
                0x00800060                PROVIDE (__bss_start, .)
 *(.bss)
 *(.bss*)
 .bss.overflowCounter
                0x00800060        0x1 MCAL/Timer/Timer.o
                0x00800060                overflowCounter
 *(COMMON)
 COMMON         0x00800061        0x7 MCAL/Timer/Timer.o
                0x00800061                G_callback_func
                0x00800063                g_config
                0x00800068                PROVIDE (__bss_end, .)
                0x000002ae                __data_load_start = LOADADDR (.data)
                0x000002ae                __data_load_end = (__data_load_start + SIZEOF (.data))

.noinit         0x00800068        0x0
                [!provide]                PROVIDE (__noinit_start, .)
 *(.noinit*)
                [!provide]                PROVIDE (__noinit_end, .)
                0x00800068                _end = .
                [!provide]                PROVIDE (__heap_start, .)

.eeprom         0x00810000        0x0
 *(.eeprom*)
                0x00810000                __eeprom_end = .

.fuse
 *(.fuse)
 *(.lfuse)
 *(.hfuse)
 *(.efuse)

.lock
 *(.lock*)

.signature
 *(.signature*)

.user_signatures
 *(.user_signatures*)

.stab
 *(.stab)

.stabstr
 *(.stabstr)

.stab.excl
 *(.stab.excl)

.stab.exclstr
 *(.stab.exclstr)

.stab.index
 *(.stab.index)

.stab.indexstr
 *(.stab.indexstr)

.comment        0x00000000       0x30
 *(.comment)
 .comment       0x00000000       0x30 HAL/MAX2719/max2719.o
                                 0x31 (size before relaxing)
 .comment       0x00000030       0x31 main.o
 .comment       0x00000030       0x31 MCAL/SPI/SPI.o
 .comment       0x00000030       0x31 MCAL/Timer/Timer.o

.note.gnu.avr.deviceinfo
                0x00000000       0x3c
 .note.gnu.avr.deviceinfo
                0x00000000       0x3c D:/LearnInDepthEmbedded/Tools/AVR_studio/Atmel/Studio/7.0/Packs/atmel/ATmega_DFP/1.7.374/gcc/dev/atmega32/avr5/crtatmega32.o

.note.gnu.build-id
 *(.note.gnu.build-id)

.debug
 *(.debug)

.line
 *(.line)

.debug_srcinfo
 *(.debug_srcinfo)

.debug_sfnames
 *(.debug_sfnames)

.debug_aranges  0x00000000      0x100
 *(.debug_aranges)
 .debug_aranges
                0x00000000       0x38 HAL/MAX2719/max2719.o
 .debug_aranges
                0x00000038       0x30 main.o
 .debug_aranges
                0x00000068       0x28 MCAL/SPI/SPI.o
 .debug_aranges
                0x00000090       0x70 MCAL/Timer/Timer.o

.debug_pubnames
 *(.debug_pubnames)

.debug_info     0x00000000     0x1010
 *(.debug_info .gnu.linkonce.wi.*)
 .debug_info    0x00000000      0x4e6 D:/LearnInDepthEmbedded/Tools/AVR_studio/Atmel/Studio/7.0/Packs/atmel/ATmega_DFP/1.7.374/gcc/dev/atmega32/avr5/crtatmega32.o
 .debug_info    0x000004e6      0x1e8 HAL/MAX2719/max2719.o
 .debug_info    0x000006ce      0x3ff main.o
 .debug_info    0x00000acd      0x29c MCAL/SPI/SPI.o
 .debug_info    0x00000d69      0x2a7 MCAL/Timer/Timer.o

.debug_abbrev   0x00000000      0x904
 *(.debug_abbrev)
 .debug_abbrev  0x00000000      0x4a3 D:/LearnInDepthEmbedded/Tools/AVR_studio/Atmel/Studio/7.0/Packs/atmel/ATmega_DFP/1.7.374/gcc/dev/atmega32/avr5/crtatmega32.o
 .debug_abbrev  0x000004a3       0xd9 HAL/MAX2719/max2719.o
 .debug_abbrev  0x0000057c      0x1a3 main.o
 .debug_abbrev  0x0000071f       0xde MCAL/SPI/SPI.o
 .debug_abbrev  0x000007fd      0x107 MCAL/Timer/Timer.o

.debug_line     0x00000000      0x84b
 *(.debug_line .debug_line.* .debug_line_end)
 .debug_line    0x00000000      0x116 D:/LearnInDepthEmbedded/Tools/AVR_studio/Atmel/Studio/7.0/Packs/atmel/ATmega_DFP/1.7.374/gcc/dev/atmega32/avr5/crtatmega32.o
 .debug_line    0x00000116      0x162 HAL/MAX2719/max2719.o
 .debug_line    0x00000278      0x209 main.o
 .debug_line    0x00000481      0x1b6 MCAL/SPI/SPI.o
 .debug_line    0x00000637      0x214 MCAL/Timer/Timer.o

.debug_frame    0x00000000      0x25c
 *(.debug_frame)
 .debug_frame   0x00000000       0x64 HAL/MAX2719/max2719.o
 .debug_frame   0x00000064       0x64 main.o
 .debug_frame   0x000000c8       0x34 MCAL/SPI/SPI.o
 .debug_frame   0x000000fc      0x160 MCAL/Timer/Timer.o

.debug_str      0x00000000      0x734
 *(.debug_str)
 .debug_str     0x00000000      0x196 D:/LearnInDepthEmbedded/Tools/AVR_studio/Atmel/Studio/7.0/Packs/atmel/ATmega_DFP/1.7.374/gcc/dev/atmega32/avr5/crtatmega32.o
 .debug_str     0x00000196      0x1ad HAL/MAX2719/max2719.o
                                0x1e6 (size before relaxing)
 .debug_str     0x00000343      0x228 main.o
                                0x412 (size before relaxing)
 .debug_str     0x0000056b       0x1a MCAL/SPI/SPI.o
                                0x393 (size before relaxing)
 .debug_str     0x00000585      0x1af MCAL/Timer/Timer.o
                                0x32b (size before relaxing)

.debug_loc      0x00000000      0x476
 *(.debug_loc)
 .debug_loc     0x00000000       0xf2 HAL/MAX2719/max2719.o
 .debug_loc     0x000000f2      0x102 main.o
 .debug_loc     0x000001f4       0x47 MCAL/SPI/SPI.o
 .debug_loc     0x0000023b      0x23b MCAL/Timer/Timer.o

.debug_macinfo
 *(.debug_macinfo)

.debug_weaknames
 *(.debug_weaknames)

.debug_funcnames
 *(.debug_funcnames)

.debug_typenames
 *(.debug_typenames)

.debug_varnames
 *(.debug_varnames)

.debug_pubtypes
 *(.debug_pubtypes)

.debug_ranges   0x00000000       0xc0
 *(.debug_ranges)
 .debug_ranges  0x00000000       0x28 HAL/MAX2719/max2719.o
 .debug_ranges  0x00000028       0x20 main.o
 .debug_ranges  0x00000048       0x18 MCAL/SPI/SPI.o
 .debug_ranges  0x00000060       0x60 MCAL/Timer/Timer.o

.debug_macro
 *(.debug_macro)
OUTPUT(ATmega32_Driver.elf elf32-avr)
LOAD linker stubs
