STM32F103C6_USART_Driver.c:58:6:MCAL_USART_init	32	static
STM32F103C6_USART_Driver.c:123:6:MCAL_USART_deinit	16	static
STM32F103C6_USART_Driver.c:148:6:MCAL_USART_set_pins	24	static
STM32F103C6_USART_Driver.c:264:6:MCAL_USART_send_data	24	static
STM32F103C6_USART_Driver.c:292:6:MCAL_USART_recive_data	24	static
STM32F103C6_USART_Driver.c:329:6:MCAL_USART_TC_status	16	static
STM32F103C6_USART_Driver.c:335:6:USART1_IRQHandler	8	static
STM32F103C6_USART_Driver.c:339:6:USART2_IRQHandler	8	static
STM32F103C6_USART_Driver.c:343:6:USART3_IRQHandler	8	static
