STM32F103C6_USART_Driver.c:57:6:MCAL_USART_init	24	static
STM32F103C6_USART_Driver.c:122:6:MCAL_USART_deinit	16	static
STM32F103C6_USART_Driver.c:147:6:MCAL_USART_set_pins	24	static
STM32F103C6_USART_Driver.c:263:6:MCAL_USART_send_data	24	static
STM32F103C6_USART_Driver.c:291:6:MCAL_USART_recive_data	24	static
STM32F103C6_USART_Driver.c:328:6:MCAL_USART_TC_status	16	static
STM32F103C6_USART_Driver.c:334:6:USART1_IRQHandler	8	static
STM32F103C6_USART_Driver.c:338:6:USART2_IRQHandler	8	static
STM32F103C6_USART_Driver.c:342:6:USART3_IRQHandler	8	static
